03-22 16:32:34.750 13552 13584 E Adreno-UNKNOWN: <AttachmentInPersistentGmem:1784>: NOt NULL
03-22 16:32:34.765 13552 13584 E Adreno-UNKNOWN: <AttachmentInPersistentGmem:1784>: NOt NULL
03-22 16:32:34.781 13552 13584 E Adreno-UNKNOWN: <AttachmentInPersistentGmem:1784>: NOt NULL
03-22 16:32:34.797 13552 13584 E Adreno-UNKNOWN: <AttachmentInPersistentGmem:1784>: NOt NULL
03-22 16:32:34.813 13552 13584 E Adreno-UNKNOWN: <AttachmentInPersistentGmem:1784>: NOt NULL
03-22 16:32:34.831 13552 13584 E Adreno-UNKNOWN: <AttachmentInPersistentGmem:1784>: NOt NULL
03-22 16:32:34.848 13552 13584 E Adreno-UNKNOWN: <AttachmentInPersistentGmem:1784>: NOt NULL
03-22 16:32:34.863 13552 13584 E Adreno-UNKNOWN: <AttachmentInPersistentGmem:1784>: NOt NULL
03-22 16:32:34.880 13552 13584 E Adreno-UNKNOWN: <AttachmentInPersistentGmem:1784>: NOt NULL
03-22 16:32:34.898 13552 13584 E Adreno-UNKNOWN: <AttachmentInPersistentGmem:1784>: NOt NULL
03-22 16:32:34.916 13552 13584 E Adreno-UNKNOWN: <AttachmentInPersistentGmem:1784>: NOt NULL
03-22 16:32:34.933 13552 13584 E Adreno-UNKNOWN: <AttachmentInPersistentGmem:1784>: NOt NULL
03-22 16:32:34.949 13552 13584 E Adreno-UNKNOWN: <AttachmentInPersistentGmem:1784>: NOt NULL
03-22 16:32:34.963 13552 13584 E Adreno-UNKNOWN: <AttachmentInPersistentGmem:1784>: NOt NULL
03-22 16:32:34.980 13552 13584 E Adreno-UNKNOWN: <AttachmentInPersistentGmem:1784>: NOt NULL
03-22 16:32:34.995 13552 13584 E Adreno-UNKNOWN: <AttachmentInPersistentGmem:1784>: NOt NULL
03-22 16:32:35.014 13552 13584 E Adreno-UNKNOWN: <AttachmentInPersistentGmem:1784>: NOt NULL
03-22 16:32:35.030 13552 13584 E Adreno-UNKNOWN: <AttachmentInPersistentGmem:1784>: NOt NULL
03-22 16:32:35.048 13552 13584 E Adreno-UNKNOWN: <AttachmentInPersistentGmem:1784>: NOt NULL
03-22 16:32:35.065 13552 13584 E Adreno-UNKNOWN: <AttachmentInPersistentGmem:1784>: NOt NULL
03-22 16:32:35.080 13552 13584 E Adreno-UNKNOWN: <AttachmentInPersistentGmem:1784>: NOt NULL
03-22 16:32:35.098 13552 13584 E Adreno-UNKNOWN: <AttachmentInPersistentGmem:1784>: NOt NULL
03-22 16:32:35.115 13552 13584 E Adreno-UNKNOWN: <AttachmentInPersistentGmem:1784>: NOt NULL
03-22 16:32:35.130 13552 13584 E Adreno-UNKNOWN: <AttachmentInPersistentGmem:1784>: NOt NULL
03-22 16:32:35.147 13552 13584 E Adreno-UNKNOWN: <AttachmentInPersistentGmem:1784>: NOt NULL
03-22 16:32:35.164 13552 13584 E Adreno-UNKNOWN: <AttachmentInPersistentGmem:1784>: NOt NULL
03-22 16:32:35.180 13552 13584 E Adreno-UNKNOWN: <AttachmentInPersistentGmem:1784>: NOt NULL
03-22 16:32:35.197 13552 13584 E Adreno-UNKNOWN: <AttachmentInPersistentGmem:1784>: NOt NULL
03-22 16:32:35.212 13552 13584 E Adreno-UNKNOWN: <AttachmentInPersistentGmem:1784>: NOt NULL
03-22 16:32:35.231 13552 13584 E Adreno-UNKNOWN: <AttachmentInPersistentGmem:1784>: NOt NULL
03-22 16:32:35.244 13552 13584 E Adreno-UNKNOWN: <AttachmentInPersistentGmem:1784>: NOt NULL
03-22 16:32:35.265 13552 13584 E Adreno-UNKNOWN: <AttachmentInPersistentGmem:1784>: NOt NULL
03-22 16:32:35.279 13552 13584 E Adreno-UNKNOWN: <AttachmentInPersistentGmem:1784>: NOt NULL
03-22 16:32:35.295 13552 13584 E Adreno-UNKNOWN: <AttachmentInPersistentGmem:1784>: NOt NULL
03-22 16:32:35.313 13552 13584 E Adreno-UNKNOWN: <AttachmentInPersistentGmem:1784>: NOt NULL
03-22 16:32:35.330 13552 13584 E Adreno-UNKNOWN: <AttachmentInPersistentGmem:1784>: NOt NULL
03-22 16:32:35.347 13552 13584 E Adreno-UNKNOWN: <AttachmentInPersistentGmem:1784>: NOt NULL
03-22 16:32:35.361 13552 13584 E Adreno-UNKNOWN: <AttachmentInPersistentGmem:1784>: NOt NULL
03-22 16:32:35.378 13552 13584 E Adreno-UNKNOWN: <AttachmentInPersistentGmem:1784>: NOt NULL
03-22 16:32:35.398 13552 13584 E Adreno-UNKNOWN: <AttachmentInPersistentGmem:1784>: NOt NULL
03-22 16:32:35.413 13552 13584 E Adreno-UNKNOWN: <AttachmentInPersistentGmem:1784>: NOt NULL
03-22 16:32:35.430 13552 13584 E Adreno-UNKNOWN: <AttachmentInPersistentGmem:1784>: NOt NULL
03-22 16:32:35.447 13552 13584 E Adreno-UNKNOWN: <AttachmentInPersistentGmem:1784>: NOt NULL
03-22 16:32:35.464 13552 13584 E Adreno-UNKNOWN: <AttachmentInPersistentGmem:1784>: NOt NULL
03-22 16:32:35.480 13552 13584 E Adreno-UNKNOWN: <AttachmentInPersistentGmem:1784>: NOt NULL
03-22 16:32:35.495 13552 13584 E Adreno-UNKNOWN: <AttachmentInPersistentGmem:1784>: NOt NULL
03-22 16:32:35.513 13552 13584 E Adreno-UNKNOWN: <AttachmentInPersistentGmem:1784>: NOt NULL
03-22 16:32:35.529 13552 13584 E Adreno-UNKNOWN: <AttachmentInPersistentGmem:1784>: NOt NULL
03-22 16:32:35.546 13552 13584 E Adreno-UNKNOWN: <AttachmentInPersistentGmem:1784>: NOt NULL
03-22 16:32:35.563 13552 13584 E Adreno-UNKNOWN: <AttachmentInPersistentGmem:1784>: NOt NULL
03-22 16:32:35.578 13552 13584 E Adreno-UNKNOWN: <AttachmentInPersistentGmem:1784>: NOt NULL
03-22 16:32:35.597 13552 13584 E Adreno-UNKNOWN: <AttachmentInPersistentGmem:1784>: NOt NULL
03-22 16:32:35.612 13552 13584 E Adreno-UNKNOWN: <AttachmentInPersistentGmem:1784>: NOt NULL
03-22 16:32:35.627 13552 13584 E Adreno-UNKNOWN: <AttachmentInPersistentGmem:1784>: NOt NULL
03-22 16:32:35.646 13552 13584 E Adreno-UNKNOWN: <AttachmentInPersistentGmem:1784>: NOt NULL
03-22 16:32:35.662 13552 13584 E Adreno-UNKNOWN: <AttachmentInPersistentGmem:1784>: NOt NULL
03-22 16:32:35.678 13552 13584 E Adreno-UNKNOWN: <AttachmentInPersistentGmem:1784>: NOt NULL
03-22 16:32:35.696 13552 13584 E Adreno-UNKNOWN: <AttachmentInPersistentGmem:1784>: NOt NULL
03-22 16:32:35.712 13552 13584 E Adreno-UNKNOWN: <AttachmentInPersistentGmem:1784>: NOt NULL
03-22 16:32:35.713 27744 27744 I wpa_supplicant: doCommand rule = GET_RATE_STATS  ifaceName = wlan0
03-22 16:32:35.713 27744 27744 I wpa_supplicant: doStringCommandInternal ret = 0 reply = 300000,300000,450000,450000,3,10000,78000,11,156,229591,10000,78000,10,0,160883
03-22 16:32:35.728 13552 13584 E Adreno-UNKNOWN: <AttachmentInPersistentGmem:1784>: NOt NULL
03-22 16:32:35.743 13552 13584 E Adreno-UNKNOWN: <AttachmentInPersistentGmem:1784>: NOt NULL
03-22 16:32:35.761 13552 13584 E Adreno-UNKNOWN: <AttachmentInPersistentGmem:1784>: NOt NULL
03-22 16:32:35.779 13552 13584 E Adreno-UNKNOWN: <AttachmentInPersistentGmem:1784>: NOt NULL
03-22 16:32:35.798 13552 13584 E Adreno-UNKNOWN: <AttachmentInPersistentGmem:1784>: NOt NULL
03-22 16:32:35.814 13552 13584 E Adreno-UNKNOWN: <AttachmentInPersistentGmem:1784>: NOt NULL
03-22 16:32:35.830 13552 13584 E Adreno-UNKNOWN: <AttachmentInPersistentGmem:1784>: NOt NULL
03-22 16:32:35.848 13552 13584 E Adreno-UNKNOWN: <AttachmentInPersistentGmem:1784>: NOt NULL
03-22 16:32:35.860 13552 13584 E Adreno-UNKNOWN: <AttachmentInPersistentGmem:1784>: NOt NULL
03-22 16:32:35.880 13552 13584 E Adreno-UNKNOWN: <AttachmentInPersistentGmem:1784>: NOt NULL
03-22 16:32:35.896 13552 13584 E Adreno-UNKNOWN: <AttachmentInPersistentGmem:1784>: NOt NULL
03-22 16:32:35.915 13552 13584 E Adreno-UNKNOWN: <AttachmentInPersistentGmem:1784>: NOt NULL
03-22 16:32:35.926 13552 13584 E Adreno-UNKNOWN: <AttachmentInPersistentGmem:1784>: NOt NULL
03-22 16:32:35.945 13552 13584 E Adreno-UNKNOWN: <AttachmentInPersistentGmem:1784>: NOt NULL
03-22 16:32:35.960 13552 13584 E Adreno-UNKNOWN: <AttachmentInPersistentGmem:1784>: NOt NULL
03-22 16:32:35.978 13552 13584 E Adreno-UNKNOWN: <AttachmentInPersistentGmem:1784>: NOt NULL
03-22 16:32:35.994 13552 13584 E Adreno-UNKNOWN: <AttachmentInPersistentGmem:1784>: NOt NULL
03-22 16:32:36.013 13552 13584 E Adreno-UNKNOWN: <AttachmentInPersistentGmem:1784>: NOt NULL
03-22 16:32:36.029 13552 13584 E Adreno-UNKNOWN: <AttachmentInPersistentGmem:1784>: NOt NULL
03-22 16:32:36.046 13552 13584 E Adreno-UNKNOWN: <AttachmentInPersistentGmem:1784>: NOt NULL
03-22 16:32:36.063 13552 13584 E Adreno-UNKNOWN: <AttachmentInPersistentGmem:1784>: NOt NULL
03-22 16:32:36.079 13552 13584 E Adreno-UNKNOWN: <AttachmentInPersistentGmem:1784>: NOt NULL
03-22 16:32:36.094 13552 13584 E Adreno-UNKNOWN: <AttachmentInPersistentGmem:1784>: NOt NULL
03-22 16:32:36.109 13552 13584 E Adreno-UNKNOWN: <AttachmentInPersistentGmem:1784>: NOt NULL
03-22 16:32:36.128 13552 13584 E Adreno-UNKNOWN: <AttachmentInPersistentGmem:1784>: NOt NULL
03-22 16:32:36.146 13552 13584 E Adreno-UNKNOWN: <AttachmentInPersistentGmem:1784>: NOt NULL
03-22 16:32:36.162 13552 13584 E Adreno-UNKNOWN: <AttachmentInPersistentGmem:1784>: NOt NULL
03-22 16:32:36.177 13552 13584 E Adreno-UNKNOWN: <AttachmentInPersistentGmem:1784>: NOt NULL
03-22 16:32:36.193 13552 13584 E Adreno-UNKNOWN: <AttachmentInPersistentGmem:1784>: NOt NULL
03-22 16:32:36.211 13552 13584 E Adreno-UNKNOWN: <AttachmentInPersistentGmem:1784>: NOt NULL
03-22 16:32:36.230 13552 13584 E Adreno-UNKNOWN: <AttachmentInPersistentGmem:1784>: NOt NULL
03-22 16:32:36.244 13552 13584 E Adreno-UNKNOWN: <AttachmentInPersistentGmem:1784>: NOt NULL
03-22 16:32:36.262 13552 13584 E Adreno-UNKNOWN: <AttachmentInPersistentGmem:1784>: NOt NULL
03-22 16:32:36.277 13552 13584 E Adreno-UNKNOWN: <AttachmentInPersistentGmem:1784>: NOt NULL
03-22 16:32:36.295 13552 13584 E Adreno-UNKNOWN: <AttachmentInPersistentGmem:1784>: NOt NULL
03-22 16:32:36.312 13552 13584 E Adreno-UNKNOWN: <AttachmentInPersistentGmem:1784>: NOt NULL
03-22 16:32:36.327 13552 13584 E Adreno-UNKNOWN: <AttachmentInPersistentGmem:1784>: NOt NULL
03-22 16:32:36.344 13552 13584 E Adreno-UNKNOWN: <AttachmentInPersistentGmem:1784>: NOt NULL
03-22 16:32:36.360 13552 13584 E Adreno-UNKNOWN: <AttachmentInPersistentGmem:1784>: NOt NULL
03-22 16:32:36.377 13552 13584 E Adreno-UNKNOWN: <AttachmentInPersistentGmem:1784>: NOt NULL
03-22 16:32:36.393 13552 13584 E Adreno-UNKNOWN: <AttachmentInPersistentGmem:1784>: NOt NULL
03-22 16:32:36.408 13552 13584 E Adreno-UNKNOWN: <AttachmentInPersistentGmem:1784>: NOt NULL
03-22 16:32:36.426 13552 13584 E Adreno-UNKNOWN: <AttachmentInPersistentGmem:1784>: NOt NULL
03-22 16:32:36.444 13552 13584 E Adreno-UNKNOWN: <AttachmentInPersistentGmem:1784>: NOt NULL
03-22 16:32:36.460 13552 13584 E Adreno-UNKNOWN: <AttachmentInPersistentGmem:1784>: NOt NULL
03-22 16:32:36.478 13552 13584 E Adreno-UNKNOWN: <AttachmentInPersistentGmem:1784>: NOt NULL
03-22 16:32:36.495 13552 13584 E Adreno-UNKNOWN: <AttachmentInPersistentGmem:1784>: NOt NULL
03-22 16:32:36.509 13552 13584 E Adreno-UNKNOWN: <AttachmentInPersistentGmem:1784>: NOt NULL
03-22 16:32:36.525 13552 13584 E Adreno-UNKNOWN: <AttachmentInPersistentGmem:1784>: NOt NULL
03-22 16:32:36.544 13552 13584 E Adreno-UNKNOWN: <AttachmentInPersistentGmem:1784>: NOt NULL
03-22 16:32:36.561 13552 13584 E Adreno-UNKNOWN: <AttachmentInPersistentGmem:1784>: NOt NULL
03-22 16:32:36.577 13552 13584 E Adreno-UNKNOWN: <AttachmentInPersistentGmem:1784>: NOt NULL
03-22 16:32:36.592 13552 13584 E Adreno-UNKNOWN: <AttachmentInPersistentGmem:1784>: NOt NULL
03-22 16:32:36.608 13552 13584 E Adreno-UNKNOWN: <AttachmentInPersistentGmem:1784>: NOt NULL
03-22 16:32:36.625 13552 13584 E Adreno-UNKNOWN: <AttachmentInPersistentGmem:1784>: NOt NULL
03-22 16:32:36.643 13552 13584 E Adreno-UNKNOWN: <AttachmentInPersistentGmem:1784>: NOt NULL
03-22 16:32:36.660 13552 13584 E Adreno-UNKNOWN: <AttachmentInPersistentGmem:1784>: NOt NULL
03-22 16:32:36.676 13552 13584 E Adreno-UNKNOWN: <AttachmentInPersistentGmem:1784>: NOt NULL
03-22 16:32:36.693 13552 13584 E Adreno-UNKNOWN: <AttachmentInPersistentGmem:1784>: NOt NULL
03-22 16:32:36.710 13552 13584 E Adreno-UNKNOWN: <AttachmentInPersistentGmem:1784>: NOt NULL
03-22 16:32:36.726 13552 13584 E Adreno-UNKNOWN: <AttachmentInPersistentGmem:1784>: NOt NULL
03-22 16:32:36.730 27744 27744 I wpa_supplicant: doCommand rule = GET_RATE_STATS  ifaceName = wlan0
03-22 16:32:36.731 27744 27744 I wpa_supplicant: doStringCommandInternal ret = 0 reply = 300000,300000,450000,450000,3,10000,78000,11,156,229592,10000,78000,10,0,160884
03-22 16:32:36.743 13552 13584 E Adreno-UNKNOWN: <AttachmentInPersistentGmem:1784>: NOt NULL
03-22 16:32:36.759 13552 13584 E Adreno-UNKNOWN: <AttachmentInPersistentGmem:1784>: NOt NULL
03-22 16:32:36.777 13552 13584 E Adreno-UNKNOWN: <AttachmentInPersistentGmem:1784>: NOt NULL
03-22 16:32:36.793 13552 13584 E Adreno-UNKNOWN: <AttachmentInPersistentGmem:1784>: NOt NULL
03-22 16:32:36.808 13552 13584 E Adreno-UNKNOWN: <AttachmentInPersistentGmem:1784>: NOt NULL
03-22 16:32:36.826 13552 13584 E Adreno-UNKNOWN: <AttachmentInPersistentGmem:1784>: NOt NULL
03-22 16:32:36.841 13552 13584 E Adreno-UNKNOWN: <AttachmentInPersistentGmem:1784>: NOt NULL
03-22 16:32:36.860 13552 13584 E Adreno-UNKNOWN: <AttachmentInPersistentGmem:1784>: NOt NULL
03-22 16:32:36.877 13552 13584 E Adreno-UNKNOWN: <AttachmentInPersistentGmem:1784>: NOt NULL
03-22 16:32:36.891 13552 13584 E Adreno-UNKNOWN: <AttachmentInPersistentGmem:1784>: NOt NULL
03-22 16:32:36.909 13552 13584 E Adreno-UNKNOWN: <AttachmentInPersistentGmem:1784>: NOt NULL
03-22 16:32:36.926 13552 13584 E Adreno-UNKNOWN: <AttachmentInPersistentGmem:1784>: NOt NULL
03-22 16:32:36.944 13552 13584 E Adreno-UNKNOWN: <AttachmentInPersistentGmem:1784>: NOt NULL
03-22 16:32:36.961 13552 13584 E Adreno-UNKNOWN: <AttachmentInPersistentGmem:1784>: NOt NULL
03-22 16:32:36.975 13552 13584 E Adreno-UNKNOWN: <AttachmentInPersistentGmem:1784>: NOt NULL
03-22 16:32:36.993 13552 13584 E Adreno-UNKNOWN: <AttachmentInPersistentGmem:1784>: NOt NULL
03-22 16:32:37.009 13552 13584 E Adreno-UNKNOWN: <AttachmentInPersistentGmem:1784>: NOt NULL
03-22 16:32:37.026 13552 13584 E Adreno-UNKNOWN: <AttachmentInPersistentGmem:1784>: NOt NULL
03-22 16:32:37.041 13552 13584 E Adreno-UNKNOWN: <AttachmentInPersistentGmem:1784>: NOt NULL
03-22 16:32:37.057 13552 13584 E Adreno-UNKNOWN: <AttachmentInPersistentGmem:1784>: NOt NULL
03-22 16:32:37.074 13552 13584 E Adreno-UNKNOWN: <AttachmentInPersistentGmem:1784>: NOt NULL
03-22 16:32:37.094 13552 13584 E Adreno-UNKNOWN: <AttachmentInPersistentGmem:1784>: NOt NULL
03-22 16:32:37.110 13552 13584 E Adreno-UNKNOWN: <AttachmentInPersistentGmem:1784>: NOt NULL
03-22 16:32:37.126 13552 13584 E Adreno-UNKNOWN: <AttachmentInPersistentGmem:1784>: NOt NULL
03-22 16:32:37.143 13552 13584 E Adreno-UNKNOWN: <AttachmentInPersistentGmem:1784>: NOt NULL
03-22 16:32:37.159 13552 13584 E Adreno-UNKNOWN: <AttachmentInPersistentGmem:1784>: NOt NULL
03-22 16:32:37.176 13552 13584 E Adreno-UNKNOWN: <AttachmentInPersistentGmem:1784>: NOt NULL
03-22 16:32:37.194 13552 13584 E Adreno-UNKNOWN: <AttachmentInPersistentGmem:1784>: NOt NULL
03-22 16:32:37.207 13552 13584 E Adreno-UNKNOWN: <AttachmentInPersistentGmem:1784>: NOt NULL
03-22 16:32:37.224 13552 13584 E Adreno-UNKNOWN: <AttachmentInPersistentGmem:1784>: NOt NULL
03-22 16:32:37.242 13552 13584 E Adreno-UNKNOWN: <AttachmentInPersistentGmem:1784>: NOt NULL
03-22 16:32:37.259 13552 13584 E Adreno-UNKNOWN: <AttachmentInPersistentGmem:1784>: NOt NULL
03-22 16:32:37.275 13552 13584 E Adreno-UNKNOWN: <AttachmentInPersistentGmem:1784>: NOt NULL
03-22 16:32:37.291 13552 13584 E Adreno-UNKNOWN: <AttachmentInPersistentGmem:1784>: NOt NULL
03-22 16:32:37.308 13552 13584 E Adreno-UNKNOWN: <AttachmentInPersistentGmem:1784>: NOt NULL
03-22 16:32:37.324 13552 13584 E Adreno-UNKNOWN: <AttachmentInPersistentGmem:1784>: NOt NULL
03-22 16:32:37.342 13552 13584 E Adreno-UNKNOWN: <AttachmentInPersistentGmem:1784>: NOt NULL
03-22 16:32:37.359 13552 13584 E Adreno-UNKNOWN: <AttachmentInPersistentGmem:1784>: NOt NULL
03-22 16:32:37.374 13552 13584 E Adreno-UNKNOWN: <AttachmentInPersistentGmem:1784>: NOt NULL
03-22 16:32:37.390 13552 13584 E Adreno-UNKNOWN: <AttachmentInPersistentGmem:1784>: NOt NULL
03-22 16:32:37.409 13552 13584 E Adreno-UNKNOWN: <AttachmentInPersistentGmem:1784>: NOt NULL
03-22 16:32:37.425 13552 13584 E Adreno-UNKNOWN: <AttachmentInPersistentGmem:1784>: NOt NULL
03-22 16:32:37.442 13552 13584 E Adreno-UNKNOWN: <AttachmentInPersistentGmem:1784>: NOt NULL
03-22 16:32:37.458 13552 13584 E Adreno-UNKNOWN: <AttachmentInPersistentGmem:1784>: NOt NULL
03-22 16:32:37.474 13552 13584 E Adreno-UNKNOWN: <AttachmentInPersistentGmem:1784>: NOt NULL
03-22 16:32:37.493 13552 13584 E Adreno-UNKNOWN: <AttachmentInPersistentGmem:1784>: NOt NULL
03-22 16:32:37.507 13552 13584 E Adreno-UNKNOWN: <AttachmentInPersistentGmem:1784>: NOt NULL
03-22 16:32:37.524 13552 13584 E Adreno-UNKNOWN: <AttachmentInPersistentGmem:1784>: NOt NULL
03-22 16:32:37.541 13552 13584 E Adreno-UNKNOWN: <AttachmentInPersistentGmem:1784>: NOt NULL
03-22 16:32:37.557 13552 13584 E Adreno-UNKNOWN: <AttachmentInPersistentGmem:1784>: NOt NULL
03-22 16:32:37.574 13552 13584 E Adreno-UNKNOWN: <AttachmentInPersistentGmem:1784>: NOt NULL
03-22 16:32:37.591 13552 13584 E Adreno-UNKNOWN: <AttachmentInPersistentGmem:1784>: NOt NULL
03-22 16:32:37.608 13552 13584 E Adreno-UNKNOWN: <AttachmentInPersistentGmem:1784>: NOt NULL
03-22 16:32:37.623 13552 13584 E Adreno-UNKNOWN: <AttachmentInPersistentGmem:1784>: NOt NULL
03-22 16:32:37.642 13552 13584 E Adreno-UNKNOWN: <AttachmentInPersistentGmem:1784>: NOt NULL
03-22 16:32:37.656 13552 13584 E Adreno-UNKNOWN: <AttachmentInPersistentGmem:1784>: NOt NULL
03-22 16:32:37.670 13552 13584 E Adreno-UNKNOWN: <AttachmentInPersistentGmem:1784>: NOt NULL
03-22 16:32:37.688 13552 13584 E Adreno-UNKNOWN: <AttachmentInPersistentGmem:1784>: NOt NULL
03-22 16:32:37.707 13552 13584 E Adreno-UNKNOWN: <AttachmentInPersistentGmem:1784>: NOt NULL
03-22 16:32:37.724 13552 13584 E Adreno-UNKNOWN: <AttachmentInPersistentGmem:1784>: NOt NULL
03-22 16:32:37.742 13552 13584 E Adreno-UNKNOWN: <AttachmentInPersistentGmem:1784>: NOt NULL
03-22 16:32:37.756 13552 13584 E Adreno-UNKNOWN: <AttachmentInPersistentGmem:1784>: NOt NULL
03-22 16:32:37.758 27744 27744 I wpa_supplicant: doCommand rule = GET_RATE_STATS  ifaceName = wlan0
03-22 16:32:37.759 27744 27744 I wpa_supplicant: doStringCommandInternal ret = 0 reply = 300000,300000,450000,450000,3,10000,78000,11,156,229593,10000,78000,10,0,160885
03-22 16:32:37.770 13552 13584 E Adreno-UNKNOWN: <AttachmentInPersistentGmem:1784>: NOt NULL
03-22 16:32:37.786 13552 13584 E Adreno-UNKNOWN: <AttachmentInPersistentGmem:1784>: NOt NULL
03-22 16:32:37.805 13552 13584 E Adreno-UNKNOWN: <AttachmentInPersistentGmem:1784>: NOt NULL
03-22 16:32:37.824 13552 13584 E Adreno-UNKNOWN: <AttachmentInPersistentGmem:1784>: NOt NULL
03-22 16:32:37.842 13552 13584 E Adreno-UNKNOWN: <AttachmentInPersistentGmem:1784>: NOt NULL
03-22 16:32:37.857 13552 13584 E Adreno-UNKNOWN: <AttachmentInPersistentGmem:1784>: NOt NULL
03-22 16:32:37.873 13552 13584 E Adreno-UNKNOWN: <AttachmentInPersistentGmem:1784>: NOt NULL
03-22 16:32:37.890 13552 13584 E Adreno-UNKNOWN: <AttachmentInPersistentGmem:1784>: NOt NULL
03-22 16:32:37.908 13552 13584 E Adreno-UNKNOWN: <AttachmentInPersistentGmem:1784>: NOt NULL
03-22 16:32:37.925 13552 13584 E Adreno-UNKNOWN: <AttachmentInPersistentGmem:1784>: NOt NULL
03-22 16:32:37.941 13552 13584 E Adreno-UNKNOWN: <AttachmentInPersistentGmem:1784>: NOt NULL
03-22 16:32:37.957 13552 13584 E Adreno-UNKNOWN: <AttachmentInPersistentGmem:1784>: NOt NULL
03-22 16:32:37.971 13552 13584 E Adreno-UNKNOWN: <AttachmentInPersistentGmem:1784>: NOt NULL
03-22 16:32:37.990 13552 13584 E Adreno-UNKNOWN: <AttachmentInPersistentGmem:1784>: NOt NULL
03-22 16:32:38.007 13552 13584 E Adreno-UNKNOWN: <AttachmentInPersistentGmem:1784>: NOt NULL
03-22 16:32:38.024 13552 13584 E Adreno-UNKNOWN: <AttachmentInPersistentGmem:1784>: NOt NULL
03-22 16:32:38.040 13552 13584 E Adreno-UNKNOWN: <AttachmentInPersistentGmem:1784>: NOt NULL
03-22 16:32:38.059 13552 13584 E Adreno-UNKNOWN: <AttachmentInPersistentGmem:1784>: NOt NULL
03-22 16:32:38.073 13552 13584 E Adreno-UNKNOWN: <AttachmentInPersistentGmem:1784>: NOt NULL
03-22 16:32:38.089 13552 13584 E Adreno-UNKNOWN: <AttachmentInPersistentGmem:1784>: NOt NULL
03-22 16:32:38.105 13552 13584 E Adreno-UNKNOWN: <AttachmentInPersistentGmem:1784>: NOt NULL
03-22 16:32:38.121 13552 13584 E Adreno-UNKNOWN: <AttachmentInPersistentGmem:1784>: NOt NULL
03-22 16:32:38.140 13552 13584 E Adreno-UNKNOWN: <AttachmentInPersistentGmem:1784>: NOt NULL
03-22 16:32:38.155 13552 13584 E Adreno-UNKNOWN: <AttachmentInPersistentGmem:1784>: NOt NULL
03-22 16:32:38.173 13552 13584 E Adreno-UNKNOWN: <AttachmentInPersistentGmem:1784>: NOt NULL
03-22 16:32:38.188 13552 13584 E Adreno-UNKNOWN: <AttachmentInPersistentGmem:1784>: NOt NULL
03-22 16:32:38.204 13552 13584 E Adreno-UNKNOWN: <AttachmentInPersistentGmem:1784>: NOt NULL
03-22 16:32:38.221 13552 13584 E Adreno-UNKNOWN: <AttachmentInPersistentGmem:1784>: NOt NULL
03-22 16:32:38.240 13552 13584 E Adreno-UNKNOWN: <AttachmentInPersistentGmem:1784>: NOt NULL
03-22 16:32:38.256 13552 13584 E Adreno-UNKNOWN: <AttachmentInPersistentGmem:1784>: NOt NULL
03-22 16:32:38.273 13552 13584 E Adreno-UNKNOWN: <AttachmentInPersistentGmem:1784>: NOt NULL
03-22 16:32:38.289 13552 13584 E Adreno-UNKNOWN: <AttachmentInPersistentGmem:1784>: NOt NULL
03-22 16:32:38.307 13552 13584 E Adreno-UNKNOWN: <AttachmentInPersistentGmem:1784>: NOt NULL
03-22 16:32:38.322 13552 13584 E Adreno-UNKNOWN: <AttachmentInPersistentGmem:1784>: NOt NULL
03-22 16:32:38.335 13552 13584 E Adreno-UNKNOWN: <AttachmentInPersistentGmem:1784>: NOt NULL
03-22 16:32:38.354 13552 13584 E Adreno-UNKNOWN: <AttachmentInPersistentGmem:1784>: NOt NULL
03-22 16:32:38.372 13552 13584 E Adreno-UNKNOWN: <AttachmentInPersistentGmem:1784>: NOt NULL
03-22 16:32:38.389 13552 13584 E Adreno-UNKNOWN: <AttachmentInPersistentGmem:1784>: NOt NULL
03-22 16:32:38.406 13552 13584 E Adreno-UNKNOWN: <AttachmentInPersistentGmem:1784>: NOt NULL
03-22 16:32:38.422 13552 13584 E Adreno-UNKNOWN: <AttachmentInPersistentGmem:1784>: NOt NULL
03-22 16:32:38.439 13552 13584 E Adreno-UNKNOWN: <AttachmentInPersistentGmem:1784>: NOt NULL
03-22 16:32:38.456 13552 13584 E Adreno-UNKNOWN: <AttachmentInPersistentGmem:1784>: NOt NULL
03-22 16:32:38.473 13552 13584 E Adreno-UNKNOWN: <AttachmentInPersistentGmem:1784>: NOt NULL
03-22 16:32:38.488 13552 13584 E Adreno-UNKNOWN: <AttachmentInPersistentGmem:1784>: NOt NULL
03-22 16:32:38.505 13552 13584 E Adreno-UNKNOWN: <AttachmentInPersistentGmem:1784>: NOt NULL
03-22 16:32:38.521 13552 13584 E Adreno-UNKNOWN: <AttachmentInPersistentGmem:1784>: NOt NULL
03-22 16:32:38.537 13552 13584 E Adreno-UNKNOWN: <AttachmentInPersistentGmem:1784>: NOt NULL
03-22 16:32:38.555 13552 13584 E Adreno-UNKNOWN: <AttachmentInPersistentGmem:1784>: NOt NULL
03-22 16:32:38.572 13552 13584 E Adreno-UNKNOWN: <AttachmentInPersistentGmem:1784>: NOt NULL
03-22 16:32:38.589 13552 13584 E Adreno-UNKNOWN: <AttachmentInPersistentGmem:1784>: NOt NULL
03-22 16:32:38.603 13552 13584 E Adreno-UNKNOWN: <AttachmentInPersistentGmem:1784>: NOt NULL
03-22 16:32:38.619 13552 13584 E Adreno-UNKNOWN: <AttachmentInPersistentGmem:1784>: NOt NULL
03-22 16:32:38.638 13552 13584 E Adreno-UNKNOWN: <AttachmentInPersistentGmem:1784>: NOt NULL
03-22 16:32:38.657 13552 13584 E Adreno-UNKNOWN: <AttachmentInPersistentGmem:1784>: NOt NULL
03-22 16:32:38.671 13552 13584 E Adreno-UNKNOWN: <AttachmentInPersistentGmem:1784>: NOt NULL
03-22 16:32:38.685 13552 13584 E Adreno-UNKNOWN: <AttachmentInPersistentGmem:1784>: NOt NULL
03-22 16:32:38.700 13552 13584 E Adreno-UNKNOWN: <AttachmentInPersistentGmem:1784>: NOt NULL
03-22 16:32:38.722 13552 13584 E Adreno-UNKNOWN: <AttachmentInPersistentGmem:1784>: NOt NULL
03-22 16:32:38.736 13552 13584 E Adreno-UNKNOWN: <AttachmentInPersistentGmem:1784>: NOt NULL
03-22 16:32:38.754 13552 13584 E Adreno-UNKNOWN: <AttachmentInPersistentGmem:1784>: NOt NULL
03-22 16:32:38.773 13552 13584 E Adreno-UNKNOWN: <AttachmentInPersistentGmem:1784>: NOt NULL
03-22 16:32:38.777 27744 27744 I wpa_supplicant: doCommand rule = GET_RATE_STATS  ifaceName = wlan0
03-22 16:32:38.777 27744 27744 I wpa_supplicant: doStringCommandInternal ret = 0 reply = 300000,300000,450000,450000,3,10000,78000,11,156,229594,10000,78000,10,0,160886
03-22 16:32:38.787 13552 13584 E Adreno-UNKNOWN: <AttachmentInPersistentGmem:1784>: NOt NULL
03-22 16:32:38.803 13552 13584 E Adreno-UNKNOWN: <AttachmentInPersistentGmem:1784>: NOt NULL
03-22 16:32:38.811 17621 17621 I AiAiAttention: AttentionCheckService.onCreate()
03-22 16:32:38.815 17621 17621 I AiAiAttention: AttentionCheckService.onCheckAttention with config:
03-22 16:32:38.815 17621 17621 I AiAiAttention: AttentionConfig{numFrames=10, facePoseNumFrames=5, captureIntervalMillis=150, attentionEnabled=true, sensorsOnlyBudgetMillis=100, proximitySensorEnabled=false, accelSensorEnabled=false, accelSensorCollectionEnabled=true, accelSensorThresholdMss=0.2, accelSensorMaxExtensionMillis=120000, marginHorizontalPx=1000, marginVerticalPx=1000, minNumberOfFramesRequiredForSingleCheck=7, minDelayBetweenRequestsMillis=1000, maxRequestDurationMillis=4000, maxFacePoseRequestDurationMillis=1000, maxYawAllowedDegrees=15}
03-22 16:32:38.816 17621 17621 I AiAiAttention: Created InHandsMotionDetector with threshold: 0.2 mss
03-22 16:32:38.820 13552 13584 E Adreno-UNKNOWN: <AttachmentInPersistentGmem:1784>: NOt NULL
03-22 16:32:38.834 13552 13584 E Adreno-UNKNOWN: <AttachmentInPersistentGmem:1784>: NOt NULL
03-22 16:32:38.853 13552 13584 E Adreno-UNKNOWN: <AttachmentInPersistentGmem:1784>: NOt NULL
03-22 16:32:38.871 13552 13584 E Adreno-UNKNOWN: <AttachmentInPersistentGmem:1784>: NOt NULL
03-22 16:32:38.887 13552 13584 E Adreno-UNKNOWN: <AttachmentInPersistentGmem:1784>: NOt NULL
03-22 16:32:38.903 13552 13584 E Adreno-UNKNOWN: <AttachmentInPersistentGmem:1784>: NOt NULL
03-22 16:32:38.920 13552 13584 E Adreno-UNKNOWN: <AttachmentInPersistentGmem:1784>: NOt NULL
03-22 16:32:38.933 17621 21408 I AiAiAttention: Trying to open the camera
03-22 16:32:38.933 17621 21408 I gaze    : getFrames()
03-22 16:32:38.933 17621 21408 I gaze    : YuvToGrayscaleImageProcessor setListener
03-22 16:32:38.934 17621 21408 I gaze    : Trying to open camera with id=21
03-22 16:32:38.936 13552 13584 E Adreno-UNKNOWN: <AttachmentInPersistentGmem:1784>: NOt NULL
03-22 16:32:38.947 17621 21408 I gaze    : Selected camera id=1
03-22 16:32:38.952 13552 13584 E Adreno-UNKNOWN: <AttachmentInPersistentGmem:1784>: NOt NULL
03-22 16:32:38.958 17621 21408 W libc    : Access denied finding property "vendor.camera.fullsize.cameraId"
03-22 16:32:38.958 17621 21408 W libc    : Access denied finding property "vendor.camera.fullsize.packagelist"
03-22 16:32:38.959 17621 21408 W libc    : Access denied finding property "vendor.camera.fullsize.extrapackagelist"
03-22 16:32:38.968 13552 13584 E Adreno-UNKNOWN: <AttachmentInPersistentGmem:1784>: NOt NULL
03-22 16:32:38.985 13552 13584 E Adreno-UNKNOWN: <AttachmentInPersistentGmem:1784>: NOt NULL
03-22 16:32:39.001 13552 13584 E Adreno-UNKNOWN: <AttachmentInPersistentGmem:1784>: NOt NULL
03-22 16:32:39.014 17621 21408 W VivoCameraUtils: isTopActivity: could not get running task info
03-22 16:32:39.018 13552 13584 E Adreno-UNKNOWN: <AttachmentInPersistentGmem:1784>: NOt NULL
03-22 16:32:39.032 13552 13584 E Adreno-UNKNOWN: <AttachmentInPersistentGmem:1784>: NOt NULL
03-22 16:32:39.039 17621 21408 I gaze    : Camera opened
03-22 16:32:39.047 13552 13584 E Adreno-UNKNOWN: <AttachmentInPersistentGmem:1784>: NOt NULL
03-22 16:32:39.064 13552 13584 E Adreno-UNKNOWN: <AttachmentInPersistentGmem:1784>: NOt NULL
03-22 16:32:39.080 13552 13584 E Adreno-UNKNOWN: <AttachmentInPersistentGmem:1784>: NOt NULL
03-22 16:32:39.097 13552 13584 E Adreno-UNKNOWN: <AttachmentInPersistentGmem:1784>: NOt NULL
03-22 16:32:39.115 13552 13584 E Adreno-UNKNOWN: <AttachmentInPersistentGmem:1784>: NOt NULL
03-22 16:32:39.125 17621 21408 I gaze    : Created preview session.
03-22 16:32:39.130 13552 13584 E Adreno-UNKNOWN: <AttachmentInPersistentGmem:1784>: NOt NULL
03-22 16:32:39.146 13552 13584 E Adreno-UNKNOWN: <AttachmentInPersistentGmem:1784>: NOt NULL
03-22 16:32:39.162 13552 13584 E Adreno-UNKNOWN: <AttachmentInPersistentGmem:1784>: NOt NULL
03-22 16:32:39.180 13552 13584 E Adreno-UNKNOWN: <AttachmentInPersistentGmem:1784>: NOt NULL
03-22 16:32:39.196 13552 13584 E Adreno-UNKNOWN: <AttachmentInPersistentGmem:1784>: NOt NULL
03-22 16:32:39.212 13552 13584 E Adreno-UNKNOWN: <AttachmentInPersistentGmem:1784>: NOt NULL
03-22 16:32:39.229 13552 13584 E Adreno-UNKNOWN: <AttachmentInPersistentGmem:1784>: NOt NULL
03-22 16:32:39.246 13552 13584 E Adreno-UNKNOWN: <AttachmentInPersistentGmem:1784>: NOt NULL
03-22 16:32:39.263 13552 13584 E Adreno-UNKNOWN: <AttachmentInPersistentGmem:1784>: NOt NULL
03-22 16:32:39.279 13552 13584 E Adreno-UNKNOWN: <AttachmentInPersistentGmem:1784>: NOt NULL
03-22 16:32:39.296 13552 13584 E Adreno-UNKNOWN: <AttachmentInPersistentGmem:1784>: NOt NULL
03-22 16:32:39.312 13552 13584 E Adreno-UNKNOWN: <AttachmentInPersistentGmem:1784>: NOt NULL
03-22 16:32:39.329 13552 13584 E Adreno-UNKNOWN: <AttachmentInPersistentGmem:1784>: NOt NULL
03-22 16:32:39.348 13552 13584 E Adreno-UNKNOWN: <AttachmentInPersistentGmem:1784>: NOt NULL
03-22 16:32:39.362 13552 13584 E Adreno-UNKNOWN: <AttachmentInPersistentGmem:1784>: NOt NULL
03-22 16:32:39.379 13552 13584 E Adreno-UNKNOWN: <AttachmentInPersistentGmem:1784>: NOt NULL
03-22 16:32:39.396 13552 13584 E Adreno-UNKNOWN: <AttachmentInPersistentGmem:1784>: NOt NULL
03-22 16:32:39.413 13552 13584 E Adreno-UNKNOWN: <AttachmentInPersistentGmem:1784>: NOt NULL
03-22 16:32:39.429 13552 13584 E Adreno-UNKNOWN: <AttachmentInPersistentGmem:1784>: NOt NULL
03-22 16:32:39.445 13552 13584 E Adreno-UNKNOWN: <AttachmentInPersistentGmem:1784>: NOt NULL
03-22 16:32:39.464 13552 13584 E Adreno-UNKNOWN: <AttachmentInPersistentGmem:1784>: NOt NULL
03-22 16:32:39.481 13552 13584 E Adreno-UNKNOWN: <AttachmentInPersistentGmem:1784>: NOt NULL
03-22 16:32:39.495 13552 13584 E Adreno-UNKNOWN: <AttachmentInPersistentGmem:1784>: NOt NULL
03-22 16:32:39.517 13552 13584 E Adreno-UNKNOWN: <AttachmentInPersistentGmem:1784>: NOt NULL
03-22 16:32:39.529 13552 13584 E Adreno-UNKNOWN: <AttachmentInPersistentGmem:1784>: NOt NULL
03-22 16:32:39.545 13552 13584 E Adreno-UNKNOWN: <AttachmentInPersistentGmem:1784>: NOt NULL
03-22 16:32:39.562 13552 13584 E Adreno-UNKNOWN: <AttachmentInPersistentGmem:1784>: NOt NULL
03-22 16:32:39.580 13552 13584 E Adreno-UNKNOWN: <AttachmentInPersistentGmem:1784>: NOt NULL
03-22 16:32:39.595 13552 13584 E Adreno-UNKNOWN: <AttachmentInPersistentGmem:1784>: NOt NULL
03-22 16:32:39.624 13552 13584 E Adreno-UNKNOWN: <AttachmentInPersistentGmem:1784>: NOt NULL
03-22 16:32:39.629 13552 13584 E Adreno-UNKNOWN: <AttachmentInPersistentGmem:1784>: NOt NULL
03-22 16:32:39.645 13552 13584 E Adreno-UNKNOWN: <AttachmentInPersistentGmem:1784>: NOt NULL
03-22 16:32:39.662 13552 13584 E Adreno-UNKNOWN: <AttachmentInPersistentGmem:1784>: NOt NULL
03-22 16:32:39.684 13552 13584 E Adreno-UNKNOWN: <AttachmentInPersistentGmem:1784>: NOt NULL
03-22 16:32:39.697 13552 13584 E Adreno-UNKNOWN: <AttachmentInPersistentGmem:1784>: NOt NULL
03-22 16:32:39.715 13552 13584 E Adreno-UNKNOWN: <AttachmentInPersistentGmem:1784>: NOt NULL
03-22 16:32:39.730 13552 13584 E Adreno-UNKNOWN: <AttachmentInPersistentGmem:1784>: NOt NULL
03-22 16:32:39.751 17621 21408 I AiAiAttention: Max frames per check reached: 11
03-22 16:32:39.751 13552 13584 E Adreno-UNKNOWN: <AttachmentInPersistentGmem:1784>: NOt NULL
03-22 16:32:39.751 17621 21408 I AiAiAttention: reportSuccess: 0
03-22 16:32:39.751 17621 21408 I AiAiAttention: maxDistancedSquared: 0.0014108417731663186
03-22 16:32:39.757 17621 21408 I AiAiAttention: completed in 939 ms using 11 frames; 0 frames had face detected, 0 frames had gaze detected, 0 frames had gaze on screen.
03-22 16:32:39.757 17621 21408 I AiAiAttention: Last face: yaw=0.0, tilt=0.0, roll=0.0
03-22 16:32:39.757 17621 21408 I gaze    : Trying to close camera
03-22 16:32:39.758 17621 21408 I AiAiAttention: completeOrCancelWithReason
03-22 16:32:39.765 13552 13584 E Adreno-UNKNOWN: <AttachmentInPersistentGmem:1784>: NOt NULL
03-22 16:32:39.779 13552 13584 E Adreno-UNKNOWN: <AttachmentInPersistentGmem:1784>: NOt NULL
03-22 16:32:39.784 27744 27744 I wpa_supplicant: doCommand rule = GET_RATE_STATS  ifaceName = wlan0
03-22 16:32:39.784 27744 27744 I wpa_supplicant: doStringCommandInternal ret = 0 reply = 300000,300000,450000,450000,3,10000,78000,11,156,229595,10000,78000,10,0,160887
03-22 16:32:39.796 13552 13584 E Adreno-UNKNOWN: <AttachmentInPersistentGmem:1784>: NOt NULL
03-22 16:32:39.816 13552 13584 E Adreno-UNKNOWN: <AttachmentInPersistentGmem:1784>: NOt NULL
03-22 16:32:39.828 13552 13584 E Adreno-UNKNOWN: <AttachmentInPersistentGmem:1784>: NOt NULL
03-22 16:32:39.845 13552 13584 E Adreno-UNKNOWN: <AttachmentInPersistentGmem:1784>: NOt NULL
03-22 16:32:39.853 17621 21408 I gaze    : Trying to close camera
03-22 16:32:39.853 17621 21408 I gaze    : Camera closed
03-22 16:32:39.861 13552 13584 E Adreno-UNKNOWN: <AttachmentInPersistentGmem:1784>: NOt NULL
03-22 16:32:39.877 13552 13584 E Adreno-UNKNOWN: <AttachmentInPersistentGmem:1784>: NOt NULL
03-22 16:32:39.894 13552 13584 E Adreno-UNKNOWN: <AttachmentInPersistentGmem:1784>: NOt NULL
03-22 16:32:39.911 13552 13584 E Adreno-UNKNOWN: <AttachmentInPersistentGmem:1784>: NOt NULL
03-22 16:32:39.927 13552 13584 E Adreno-UNKNOWN: <AttachmentInPersistentGmem:1784>: NOt NULL
03-22 16:32:39.944 13552 13584 E Adreno-UNKNOWN: <AttachmentInPersistentGmem:1784>: NOt NULL
03-22 16:32:39.960 13552 13584 E Adreno-UNKNOWN: <AttachmentInPersistentGmem:1784>: NOt NULL
03-22 16:32:39.977 13552 13584 E Adreno-UNKNOWN: <AttachmentInPersistentGmem:1784>: NOt NULL
03-22 16:32:39.994 13552 13584 E Adreno-UNKNOWN: <AttachmentInPersistentGmem:1784>: NOt NULL
03-22 16:32:40.010 13552 13584 E Adreno-UNKNOWN: <AttachmentInPersistentGmem:1784>: NOt NULL
03-22 16:32:40.027 13552 13584 E Adreno-UNKNOWN: <AttachmentInPersistentGmem:1784>: NOt NULL
03-22 16:32:40.043 13552 13584 E Adreno-UNKNOWN: <AttachmentInPersistentGmem:1784>: NOt NULL
03-22 16:32:40.060 13552 13584 E Adreno-UNKNOWN: <AttachmentInPersistentGmem:1784>: NOt NULL
03-22 16:32:40.077 13552 13584 E Adreno-UNKNOWN: <AttachmentInPersistentGmem:1784>: NOt NULL
03-22 16:32:40.093 13552 13584 E Adreno-UNKNOWN: <AttachmentInPersistentGmem:1784>: NOt NULL
03-22 16:32:40.110 13552 13584 E Adreno-UNKNOWN: <AttachmentInPersistentGmem:1784>: NOt NULL
03-22 16:32:40.126 13552 13584 E Adreno-UNKNOWN: <AttachmentInPersistentGmem:1784>: NOt NULL
03-22 16:32:40.143 13552 13584 E Adreno-UNKNOWN: <AttachmentInPersistentGmem:1784>: NOt NULL
03-22 16:32:40.160 13552 13584 E Adreno-UNKNOWN: <AttachmentInPersistentGmem:1784>: NOt NULL
03-22 16:32:40.177 13552 13584 E Adreno-UNKNOWN: <AttachmentInPersistentGmem:1784>: NOt NULL
03-22 16:32:40.193 13552 13584 E Adreno-UNKNOWN: <AttachmentInPersistentGmem:1784>: NOt NULL
03-22 16:32:40.210 13552 13584 E Adreno-UNKNOWN: <AttachmentInPersistentGmem:1784>: NOt NULL
03-22 16:32:40.226 13552 13584 E Adreno-UNKNOWN: <AttachmentInPersistentGmem:1784>: NOt NULL
03-22 16:32:40.243 13552 13584 E Adreno-UNKNOWN: <AttachmentInPersistentGmem:1784>: NOt NULL
03-22 16:32:40.259 13552 13584 E Adreno-UNKNOWN: <AttachmentInPersistentGmem:1784>: NOt NULL
03-22 16:32:40.276 13552 13584 E Adreno-UNKNOWN: <AttachmentInPersistentGmem:1784>: NOt NULL
03-22 16:32:40.293 13552 13584 E Adreno-UNKNOWN: <AttachmentInPersistentGmem:1784>: NOt NULL
03-22 16:32:40.309 13552 13584 E Adreno-UNKNOWN: <AttachmentInPersistentGmem:1784>: NOt NULL
03-22 16:32:40.326 13552 13584 E Adreno-UNKNOWN: <AttachmentInPersistentGmem:1784>: NOt NULL
03-22 16:32:40.342 13552 13584 E Adreno-UNKNOWN: <AttachmentInPersistentGmem:1784>: NOt NULL
03-22 16:32:40.359 13552 13584 E Adreno-UNKNOWN: <AttachmentInPersistentGmem:1784>: NOt NULL
03-22 16:32:40.376 13552 13584 E Adreno-UNKNOWN: <AttachmentInPersistentGmem:1784>: NOt NULL
03-22 16:32:40.393 13552 13584 E Adreno-UNKNOWN: <AttachmentInPersistentGmem:1784>: NOt NULL
03-22 16:32:40.409 13552 13584 E Adreno-UNKNOWN: <AttachmentInPersistentGmem:1784>: NOt NULL
03-22 16:32:40.426 13552 13584 E Adreno-UNKNOWN: <AttachmentInPersistentGmem:1784>: NOt NULL
03-22 16:32:40.442 13552 13584 E Adreno-UNKNOWN: <AttachmentInPersistentGmem:1784>: NOt NULL
03-22 16:32:40.459 13552 13584 E Adreno-UNKNOWN: <AttachmentInPersistentGmem:1784>: NOt NULL
03-22 16:32:40.476 13552 13584 E Adreno-UNKNOWN: <AttachmentInPersistentGmem:1784>: NOt NULL
03-22 16:32:40.492 13552 13584 E Adreno-UNKNOWN: <AttachmentInPersistentGmem:1784>: NOt NULL
03-22 16:32:40.509 13552 13584 E Adreno-UNKNOWN: <AttachmentInPersistentGmem:1784>: NOt NULL
03-22 16:32:40.525 13552 13584 E Adreno-UNKNOWN: <AttachmentInPersistentGmem:1784>: NOt NULL
03-22 16:32:40.543 13552 13584 E Adreno-UNKNOWN: <AttachmentInPersistentGmem:1784>: NOt NULL
03-22 16:32:40.559 13552 13584 E Adreno-UNKNOWN: <AttachmentInPersistentGmem:1784>: NOt NULL
03-22 16:32:40.576 13552 13584 E Adreno-UNKNOWN: <AttachmentInPersistentGmem:1784>: NOt NULL
03-22 16:32:40.592 13552 13584 E Adreno-UNKNOWN: <AttachmentInPersistentGmem:1784>: NOt NULL
03-22 16:32:40.609 13552 13584 E Adreno-UNKNOWN: <AttachmentInPersistentGmem:1784>: NOt NULL
03-22 16:32:40.625 13552 13584 E Adreno-UNKNOWN: <AttachmentInPersistentGmem:1784>: NOt NULL
03-22 16:32:40.642 13552 13584 E Adreno-UNKNOWN: <AttachmentInPersistentGmem:1784>: NOt NULL
03-22 16:32:40.658 13552 13584 E Adreno-UNKNOWN: <AttachmentInPersistentGmem:1784>: NOt NULL
03-22 16:32:40.675 13552 13584 E Adreno-UNKNOWN: <AttachmentInPersistentGmem:1784>: NOt NULL
03-22 16:32:40.693 13552 13584 E Adreno-UNKNOWN: <AttachmentInPersistentGmem:1784>: NOt NULL
03-22 16:32:40.708 13552 13584 E Adreno-UNKNOWN: <AttachmentInPersistentGmem:1784>: NOt NULL
03-22 16:32:40.725 13552 13584 E Adreno-UNKNOWN: <AttachmentInPersistentGmem:1784>: NOt NULL
03-22 16:32:40.742 13552 13584 E Adreno-UNKNOWN: <AttachmentInPersistentGmem:1784>: NOt NULL
03-22 16:32:40.758 13552 13584 E Adreno-UNKNOWN: <AttachmentInPersistentGmem:1784>: NOt NULL
03-22 16:32:40.775 13552 13584 E Adreno-UNKNOWN: <AttachmentInPersistentGmem:1784>: NOt NULL
03-22 16:32:40.792 13552 13584 E Adreno-UNKNOWN: <AttachmentInPersistentGmem:1784>: NOt NULL
03-22 16:32:40.796 27744 27744 I wpa_supplicant: doCommand rule = GET_RATE_STATS  ifaceName = wlan0
03-22 16:32:40.796 27744 27744 I wpa_supplicant: doStringCommandInternal ret = 0 reply = 300000,300000,450000,450000,3,10000,78000,11,156,229604,10000,78000,10,0,160894
03-22 16:32:40.818 13552 13584 E Adreno-UNKNOWN: <AttachmentInPersistentGmem:1784>: NOt NULL
03-22 16:32:40.834 13552 13584 E Adreno-UNKNOWN: <AttachmentInPersistentGmem:1784>: NOt NULL
03-22 16:32:40.842 13552 13584 E Adreno-UNKNOWN: <AttachmentInPersistentGmem:1784>: NOt NULL
03-22 16:32:40.849 13552 13584 E Adreno-UNKNOWN: <AttachmentInPersistentGmem:1784>: NOt NULL
03-22 16:32:40.858 13552 13584 E Adreno-UNKNOWN: <AttachmentInPersistentGmem:1784>: NOt NULL
03-22 16:32:40.866 13552 13584 E Adreno-UNKNOWN: <AttachmentInPersistentGmem:1784>: NOt NULL
03-22 16:32:40.874 13552 13584 E Adreno-UNKNOWN: <AttachmentInPersistentGmem:1784>: NOt NULL
03-22 16:32:40.883 13552 13584 E Adreno-UNKNOWN: <AttachmentInPersistentGmem:1784>: NOt NULL
03-22 16:32:40.891 13552 13584 E Adreno-UNKNOWN: <AttachmentInPersistentGmem:1784>: NOt NULL
03-22 16:32:40.901 13552 13584 E Adreno-UNKNOWN: <AttachmentInPersistentGmem:1784>: NOt NULL
03-22 16:32:40.908 13552 13584 E Adreno-UNKNOWN: <AttachmentInPersistentGmem:1784>: NOt NULL
03-22 16:32:40.916 13552 13584 E Adreno-UNKNOWN: <AttachmentInPersistentGmem:1784>: NOt NULL
03-22 16:32:40.925 13552 13584 E Adreno-UNKNOWN: <AttachmentInPersistentGmem:1784>: NOt NULL
03-22 16:32:40.932 13552 13584 E Adreno-UNKNOWN: <AttachmentInPersistentGmem:1784>: NOt NULL
03-22 16:32:40.941 13552 13584 E Adreno-UNKNOWN: <AttachmentInPersistentGmem:1784>: NOt NULL
03-22 16:32:40.949 13552 13584 E Adreno-UNKNOWN: <AttachmentInPersistentGmem:1784>: NOt NULL
03-22 16:32:40.957 13552 13584 E Adreno-UNKNOWN: <AttachmentInPersistentGmem:1784>: NOt NULL
03-22 16:32:40.966 13552 13584 E Adreno-UNKNOWN: <AttachmentInPersistentGmem:1784>: NOt NULL
03-22 16:32:40.974 13552 13584 E Adreno-UNKNOWN: <AttachmentInPersistentGmem:1784>: NOt NULL
03-22 16:32:40.982 13552 13584 E Adreno-UNKNOWN: <AttachmentInPersistentGmem:1784>: NOt NULL
03-22 16:32:40.991 13552 13584 E Adreno-UNKNOWN: <AttachmentInPersistentGmem:1784>: NOt NULL
03-22 16:32:41.000 13552 13584 E Adreno-UNKNOWN: <AttachmentInPersistentGmem:1784>: NOt NULL
03-22 16:32:41.009 13552 13584 E Adreno-UNKNOWN: <AttachmentInPersistentGmem:1784>: NOt NULL
03-22 16:32:41.016 13552 13584 E Adreno-UNKNOWN: <AttachmentInPersistentGmem:1784>: NOt NULL
03-22 16:32:41.024 13552 13584 E Adreno-UNKNOWN: <AttachmentInPersistentGmem:1784>: NOt NULL
03-22 16:32:41.032 13552 13584 E Adreno-UNKNOWN: <AttachmentInPersistentGmem:1784>: NOt NULL
03-22 16:32:41.040 13552 13584 E Adreno-UNKNOWN: <AttachmentInPersistentGmem:1784>: NOt NULL
03-22 16:32:41.049 13552 13584 E Adreno-UNKNOWN: <AttachmentInPersistentGmem:1784>: NOt NULL
03-22 16:32:41.057 13552 13584 E Adreno-UNKNOWN: <AttachmentInPersistentGmem:1784>: NOt NULL
03-22 16:32:41.066 13552 13584 E Adreno-UNKNOWN: <AttachmentInPersistentGmem:1784>: NOt NULL
03-22 16:32:41.074 13552 13584 E Adreno-UNKNOWN: <AttachmentInPersistentGmem:1784>: NOt NULL
03-22 16:32:41.082 13552 13584 E Adreno-UNKNOWN: <AttachmentInPersistentGmem:1784>: NOt NULL
03-22 16:32:41.090 13552 13584 E Adreno-UNKNOWN: <AttachmentInPersistentGmem:1784>: NOt NULL
03-22 16:32:41.099 13552 13584 E Adreno-UNKNOWN: <AttachmentInPersistentGmem:1784>: NOt NULL
03-22 16:32:41.107 13552 13584 E Adreno-UNKNOWN: <AttachmentInPersistentGmem:1784>: NOt NULL
03-22 16:32:41.116 13552 13584 E Adreno-UNKNOWN: <AttachmentInPersistentGmem:1784>: NOt NULL
03-22 16:32:41.124 13552 13584 E Adreno-UNKNOWN: <AttachmentInPersistentGmem:1784>: NOt NULL
03-22 16:32:41.132 13552 13584 E Adreno-UNKNOWN: <AttachmentInPersistentGmem:1784>: NOt NULL
03-22 16:32:41.140 13552 13584 E Adreno-UNKNOWN: <AttachmentInPersistentGmem:1784>: NOt NULL
03-22 16:32:41.149 13552 13584 E Adreno-UNKNOWN: <AttachmentInPersistentGmem:1784>: NOt NULL
03-22 16:32:41.157 13552 13584 E Adreno-UNKNOWN: <AttachmentInPersistentGmem:1784>: NOt NULL
03-22 16:32:41.165 13552 13584 E Adreno-UNKNOWN: <AttachmentInPersistentGmem:1784>: NOt NULL
03-22 16:32:41.173 13552 13584 E Adreno-UNKNOWN: <AttachmentInPersistentGmem:1784>: NOt NULL
03-22 16:32:41.182 13552 13584 E Adreno-UNKNOWN: <AttachmentInPersistentGmem:1784>: NOt NULL
03-22 16:32:41.190 13552 13584 E Adreno-UNKNOWN: <AttachmentInPersistentGmem:1784>: NOt NULL
03-22 16:32:41.199 13552 13584 E Adreno-UNKNOWN: <AttachmentInPersistentGmem:1784>: NOt NULL
03-22 16:32:41.207 13552 13584 E Adreno-UNKNOWN: <AttachmentInPersistentGmem:1784>: NOt NULL
03-22 16:32:41.215 13552 13584 E Adreno-UNKNOWN: <AttachmentInPersistentGmem:1784>: NOt NULL
03-22 16:32:41.223 13552 13584 E Adreno-UNKNOWN: <AttachmentInPersistentGmem:1784>: NOt NULL
03-22 16:32:41.232 13552 13584 E Adreno-UNKNOWN: <AttachmentInPersistentGmem:1784>: NOt NULL
03-22 16:32:41.240 13552 13584 E Adreno-UNKNOWN: <AttachmentInPersistentGmem:1784>: NOt NULL
03-22 16:32:41.248 13552 13584 E Adreno-UNKNOWN: <AttachmentInPersistentGmem:1784>: NOt NULL
03-22 16:32:41.257 13552 13584 E Adreno-UNKNOWN: <AttachmentInPersistentGmem:1784>: NOt NULL
03-22 16:32:41.265 13552 13584 E Adreno-UNKNOWN: <AttachmentInPersistentGmem:1784>: NOt NULL
03-22 16:32:41.274 13552 13584 E Adreno-UNKNOWN: <AttachmentInPersistentGmem:1784>: NOt NULL
03-22 16:32:41.282 13552 13584 E Adreno-UNKNOWN: <AttachmentInPersistentGmem:1784>: NOt NULL
03-22 16:32:41.290 13552 13584 E Adreno-UNKNOWN: <AttachmentInPersistentGmem:1784>: NOt NULL
03-22 16:32:41.298 13552 13584 E Adreno-UNKNOWN: <AttachmentInPersistentGmem:1784>: NOt NULL
03-22 16:32:41.307 13552 13584 E Adreno-UNKNOWN: <AttachmentInPersistentGmem:1784>: NOt NULL
03-22 16:32:41.316 13552 13584 E Adreno-UNKNOWN: <AttachmentInPersistentGmem:1784>: NOt NULL
03-22 16:32:41.324 13552 13584 E Adreno-UNKNOWN: <AttachmentInPersistentGmem:1784>: NOt NULL
03-22 16:32:41.332 13552 13584 E Adreno-UNKNOWN: <AttachmentInPersistentGmem:1784>: NOt NULL
03-22 16:32:41.340 13552 13584 E Adreno-UNKNOWN: <AttachmentInPersistentGmem:1784>: NOt NULL
03-22 16:32:41.349 13552 13584 E Adreno-UNKNOWN: <AttachmentInPersistentGmem:1784>: NOt NULL
03-22 16:32:41.357 13552 13584 E Adreno-UNKNOWN: <AttachmentInPersistentGmem:1784>: NOt NULL
03-22 16:32:41.365 13552 13584 E Adreno-UNKNOWN: <AttachmentInPersistentGmem:1784>: NOt NULL
03-22 16:32:41.374 13552 13584 E Adreno-UNKNOWN: <AttachmentInPersistentGmem:1784>: NOt NULL
03-22 16:32:41.383 13552 13584 E Adreno-UNKNOWN: <AttachmentInPersistentGmem:1784>: NOt NULL
03-22 16:32:41.390 13552 13584 E Adreno-UNKNOWN: <AttachmentInPersistentGmem:1784>: NOt NULL
03-22 16:32:41.399 13552 13584 E Adreno-UNKNOWN: <AttachmentInPersistentGmem:1784>: NOt NULL
03-22 16:32:41.407 13552 13584 E Adreno-UNKNOWN: <AttachmentInPersistentGmem:1784>: NOt NULL
03-22 16:32:41.416 13552 13584 E Adreno-UNKNOWN: <AttachmentInPersistentGmem:1784>: NOt NULL
03-22 16:32:41.424 13552 13584 E Adreno-UNKNOWN: <AttachmentInPersistentGmem:1784>: NOt NULL
03-22 16:32:41.432 13552 13584 E Adreno-UNKNOWN: <AttachmentInPersistentGmem:1784>: NOt NULL
03-22 16:32:41.440 13552 13584 E Adreno-UNKNOWN: <AttachmentInPersistentGmem:1784>: NOt NULL
03-22 16:32:41.448 13552 13584 E Adreno-UNKNOWN: <AttachmentInPersistentGmem:1784>: NOt NULL
03-22 16:32:41.457 13552 13584 E Adreno-UNKNOWN: <AttachmentInPersistentGmem:1784>: NOt NULL
03-22 16:32:41.465 13552 13584 E Adreno-UNKNOWN: <AttachmentInPersistentGmem:1784>: NOt NULL
03-22 16:32:41.474 13552 13584 E Adreno-UNKNOWN: <AttachmentInPersistentGmem:1784>: NOt NULL
03-22 16:32:41.482 13552 13584 E Adreno-UNKNOWN: <AttachmentInPersistentGmem:1784>: NOt NULL
03-22 16:32:41.490 13552 13584 E Adreno-UNKNOWN: <AttachmentInPersistentGmem:1784>: NOt NULL
03-22 16:32:41.498 13552 13584 E Adreno-UNKNOWN: <AttachmentInPersistentGmem:1784>: NOt NULL
03-22 16:32:41.506 13552 13584 E Adreno-UNKNOWN: <AttachmentInPersistentGmem:1784>: NOt NULL
03-22 16:32:41.515 13552 13584 E Adreno-UNKNOWN: <AttachmentInPersistentGmem:1784>: NOt NULL
03-22 16:32:41.523 13552 13584 E Adreno-UNKNOWN: <AttachmentInPersistentGmem:1784>: NOt NULL
03-22 16:32:41.532 13552 13584 E Adreno-UNKNOWN: <AttachmentInPersistentGmem:1784>: NOt NULL
03-22 16:32:41.540 13552 13584 E Adreno-UNKNOWN: <AttachmentInPersistentGmem:1784>: NOt NULL
03-22 16:32:41.548 13552 13584 E Adreno-UNKNOWN: <AttachmentInPersistentGmem:1784>: NOt NULL
03-22 16:32:41.556 13552 13584 E Adreno-UNKNOWN: <AttachmentInPersistentGmem:1784>: NOt NULL
03-22 16:32:41.565 13552 13584 E Adreno-UNKNOWN: <AttachmentInPersistentGmem:1784>: NOt NULL
03-22 16:32:41.573 13552 13584 E Adreno-UNKNOWN: <AttachmentInPersistentGmem:1784>: NOt NULL
03-22 16:32:41.582 13552 13584 E Adreno-UNKNOWN: <AttachmentInPersistentGmem:1784>: NOt NULL
03-22 16:32:41.590 13552 13584 E Adreno-UNKNOWN: <AttachmentInPersistentGmem:1784>: NOt NULL
03-22 16:32:41.598 13552 13584 E Adreno-UNKNOWN: <AttachmentInPersistentGmem:1784>: NOt NULL
03-22 16:32:41.606 13552 13584 E Adreno-UNKNOWN: <AttachmentInPersistentGmem:1784>: NOt NULL
03-22 16:32:41.615 13552 13584 E Adreno-UNKNOWN: <AttachmentInPersistentGmem:1784>: NOt NULL
03-22 16:32:41.623 13552 13584 E Adreno-UNKNOWN: <AttachmentInPersistentGmem:1784>: NOt NULL
03-22 16:32:41.631 13552 13584 E Adreno-UNKNOWN: <AttachmentInPersistentGmem:1784>: NOt NULL
03-22 16:32:41.640 13552 13584 E Adreno-UNKNOWN: <AttachmentInPersistentGmem:1784>: NOt NULL
03-22 16:32:41.648 13552 13584 E Adreno-UNKNOWN: <AttachmentInPersistentGmem:1784>: NOt NULL
03-22 16:32:41.657 13552 13584 E Adreno-UNKNOWN: <AttachmentInPersistentGmem:1784>: NOt NULL
03-22 16:32:41.665 13552 13584 E Adreno-UNKNOWN: <AttachmentInPersistentGmem:1784>: NOt NULL
03-22 16:32:41.673 13552 13584 E Adreno-UNKNOWN: <AttachmentInPersistentGmem:1784>: NOt NULL
03-22 16:32:41.681 13552 13584 E Adreno-UNKNOWN: <AttachmentInPersistentGmem:1784>: NOt NULL
03-22 16:32:41.690 13552 13584 E Adreno-UNKNOWN: <AttachmentInPersistentGmem:1784>: NOt NULL
03-22 16:32:41.698 13552 13584 E Adreno-UNKNOWN: <AttachmentInPersistentGmem:1784>: NOt NULL
03-22 16:32:41.706 13552 13584 E Adreno-UNKNOWN: <AttachmentInPersistentGmem:1784>: NOt NULL
03-22 16:32:41.714 13552 13584 E Adreno-UNKNOWN: <AttachmentInPersistentGmem:1784>: NOt NULL
03-22 16:32:41.723 13552 13584 E Adreno-UNKNOWN: <AttachmentInPersistentGmem:1784>: NOt NULL
03-22 16:32:41.731 13552 13584 E Adreno-UNKNOWN: <AttachmentInPersistentGmem:1784>: NOt NULL
03-22 16:32:41.739 13552 13584 E Adreno-UNKNOWN: <AttachmentInPersistentGmem:1784>: NOt NULL
03-22 16:32:41.747 13552 13584 E Adreno-UNKNOWN: <AttachmentInPersistentGmem:1784>: NOt NULL
03-22 16:32:41.757 13552 13584 E Adreno-UNKNOWN: <AttachmentInPersistentGmem:1784>: NOt NULL
03-22 16:32:41.764 13552 13584 E Adreno-UNKNOWN: <AttachmentInPersistentGmem:1784>: NOt NULL
03-22 16:32:41.772 13552 13584 E Adreno-UNKNOWN: <AttachmentInPersistentGmem:1784>: NOt NULL
03-22 16:32:41.781 13552 13584 E Adreno-UNKNOWN: <AttachmentInPersistentGmem:1784>: NOt NULL
03-22 16:32:41.789 13552 13584 E Adreno-UNKNOWN: <AttachmentInPersistentGmem:1784>: NOt NULL
03-22 16:32:41.797 13552 13584 E Adreno-UNKNOWN: <AttachmentInPersistentGmem:1784>: NOt NULL
03-22 16:32:41.806 13552 13584 E Adreno-UNKNOWN: <AttachmentInPersistentGmem:1784>: NOt NULL
03-22 16:32:41.808 27744 27744 I wpa_supplicant: doCommand rule = GET_RATE_STATS  ifaceName = wlan0
03-22 16:32:41.809 27744 27744 I wpa_supplicant: doStringCommandInternal ret = 0 reply = 300000,288569,450000,450000,3,10000,78000,11,156,229610,10000,78000,10,0,160898
03-22 16:32:41.814 13552 13584 E Adreno-UNKNOWN: <AttachmentInPersistentGmem:1784>: NOt NULL
03-22 16:32:41.822 13552 13584 E Adreno-UNKNOWN: <AttachmentInPersistentGmem:1784>: NOt NULL
03-22 16:32:41.831 13552 13584 E Adreno-UNKNOWN: <AttachmentInPersistentGmem:1784>: NOt NULL
03-22 16:32:41.839 13552 13584 E Adreno-UNKNOWN: <AttachmentInPersistentGmem:1784>: NOt NULL
03-22 16:32:41.848 13552 13584 E Adreno-UNKNOWN: <AttachmentInPersistentGmem:1784>: NOt NULL
03-22 16:32:41.856 13552 13584 E Adreno-UNKNOWN: <AttachmentInPersistentGmem:1784>: NOt NULL
