03-22 16:32:41.864 13552 13584 E Adreno-UNKNOWN: <AttachmentInPersistentGmem:1784>: NOt NULL
03-22 16:32:41.873 13552 13584 E Adreno-UNKNOWN: <AttachmentInPersistentGmem:1784>: NOt NULL
03-22 16:32:41.881 13552 13584 E Adreno-UNKNOWN: <AttachmentInPersistentGmem:1784>: NOt NULL
03-22 16:32:41.889 13552 13584 E Adreno-UNKNOWN: <AttachmentInPersistentGmem:1784>: NOt NULL
03-22 16:32:41.897 13552 13584 E Adreno-UNKNOWN: <AttachmentInPersistentGmem:1784>: NOt NULL
03-22 16:32:41.906 13552 13584 E Adreno-UNKNOWN: <AttachmentInPersistentGmem:1784>: NOt NULL
03-22 16:32:41.914 13552 13584 E Adreno-UNKNOWN: <AttachmentInPersistentGmem:1784>: NOt NULL
03-22 16:32:41.922 13552 13584 E Adreno-UNKNOWN: <AttachmentInPersistentGmem:1784>: NOt NULL
03-22 16:32:41.931 13552 13584 E Adreno-UNKNOWN: <AttachmentInPersistentGmem:1784>: NOt NULL
03-22 16:32:41.939 13552 13584 E Adreno-UNKNOWN: <AttachmentInPersistentGmem:1784>: NOt NULL
03-22 16:32:41.947 13552 13584 E Adreno-UNKNOWN: <AttachmentInPersistentGmem:1784>: NOt NULL
03-22 16:32:41.955 13552 13584 E Adreno-UNKNOWN: <AttachmentInPersistentGmem:1784>: NOt NULL
03-22 16:32:41.964 13552 13584 E Adreno-UNKNOWN: <AttachmentInPersistentGmem:1784>: NOt NULL
03-22 16:32:41.972 13552 13584 E Adreno-UNKNOWN: <AttachmentInPersistentGmem:1784>: NOt NULL
03-22 16:32:41.980 13552 13584 E Adreno-UNKNOWN: <AttachmentInPersistentGmem:1784>: NOt NULL
03-22 16:32:41.989 13552 13584 E Adreno-UNKNOWN: <AttachmentInPersistentGmem:1784>: NOt NULL
03-22 16:32:41.997 13552 13584 E Adreno-UNKNOWN: <AttachmentInPersistentGmem:1784>: NOt NULL
03-22 16:32:42.005 13552 13584 E Adreno-UNKNOWN: <AttachmentInPersistentGmem:1784>: NOt NULL
03-22 16:32:42.012 13552 13584 E Adreno-UNKNOWN: <AttachmentInPersistentGmem:1784>: NOt NULL
03-22 16:32:42.039 13552 13584 E Adreno-UNKNOWN: <AttachmentInPersistentGmem:1784>: NOt NULL
03-22 16:32:42.064 13552 13584 E Adreno-UNKNOWN: <AttachmentInPersistentGmem:1784>: NOt NULL
03-22 16:32:42.081 13552 13584 E Adreno-UNKNOWN: <AttachmentInPersistentGmem:1784>: NOt NULL
03-22 16:32:42.097 13552 13584 E Adreno-UNKNOWN: <AttachmentInPersistentGmem:1784>: NOt NULL
03-22 16:32:42.114 13552 13584 E Adreno-UNKNOWN: <AttachmentInPersistentGmem:1784>: NOt NULL
03-22 16:32:42.130 13552 13584 E Adreno-UNKNOWN: <AttachmentInPersistentGmem:1784>: NOt NULL
03-22 16:32:42.147 13552 13584 E Adreno-UNKNOWN: <AttachmentInPersistentGmem:1784>: NOt NULL
03-22 16:32:42.163 13552 13584 E Adreno-UNKNOWN: <AttachmentInPersistentGmem:1784>: NOt NULL
03-22 16:32:42.180 13552 13584 E Adreno-UNKNOWN: <AttachmentInPersistentGmem:1784>: NOt NULL
03-22 16:32:42.196 13552 13584 E Adreno-UNKNOWN: <AttachmentInPersistentGmem:1784>: NOt NULL
03-22 16:32:42.212 13552 13584 E Adreno-UNKNOWN: <AttachmentInPersistentGmem:1784>: NOt NULL
03-22 16:32:42.229 13552 13584 E Adreno-UNKNOWN: <AttachmentInPersistentGmem:1784>: NOt NULL
03-22 16:32:42.246 13552 13584 E Adreno-UNKNOWN: <AttachmentInPersistentGmem:1784>: NOt NULL
03-22 16:32:42.263 13552 13584 E Adreno-UNKNOWN: <AttachmentInPersistentGmem:1784>: NOt NULL
03-22 16:32:42.280 13552 13584 E Adreno-UNKNOWN: <AttachmentInPersistentGmem:1784>: NOt NULL
03-22 16:32:42.302 13552 13584 E Adreno-UNKNOWN: <AttachmentInPersistentGmem:1784>: NOt NULL
03-22 16:32:42.318 13552 13584 E Adreno-UNKNOWN: <AttachmentInPersistentGmem:1784>: NOt NULL
03-22 16:32:42.336 13552 13584 E Adreno-UNKNOWN: <AttachmentInPersistentGmem:1784>: NOt NULL
03-22 16:32:42.349 13552 13584 E Adreno-UNKNOWN: <AttachmentInPersistentGmem:1784>: NOt NULL
03-22 16:32:42.369 13552 13584 E Adreno-UNKNOWN: <AttachmentInPersistentGmem:1784>: NOt NULL
03-22 16:32:42.386 13552 13584 E Adreno-UNKNOWN: <AttachmentInPersistentGmem:1784>: NOt NULL
03-22 16:32:42.400 13552 13584 E Adreno-UNKNOWN: <AttachmentInPersistentGmem:1784>: NOt NULL
03-22 16:32:42.419 13552 13584 E Adreno-UNKNOWN: <AttachmentInPersistentGmem:1784>: NOt NULL
03-22 16:32:42.436 13552 13584 E Adreno-UNKNOWN: <AttachmentInPersistentGmem:1784>: NOt NULL
03-22 16:32:42.450 13552 13584 E Adreno-UNKNOWN: <AttachmentInPersistentGmem:1784>: NOt NULL
03-22 16:32:42.466 13552 13584 E Adreno-UNKNOWN: <AttachmentInPersistentGmem:1784>: NOt NULL
03-22 16:32:42.485 13552 13584 E Adreno-UNKNOWN: <AttachmentInPersistentGmem:1784>: NOt NULL
03-22 16:32:42.502 13552 13584 E Adreno-UNKNOWN: <AttachmentInPersistentGmem:1784>: NOt NULL
03-22 16:32:42.517 13552 13584 E Adreno-UNKNOWN: <AttachmentInPersistentGmem:1784>: NOt NULL
03-22 16:32:42.535 13552 13584 E Adreno-UNKNOWN: <AttachmentInPersistentGmem:1784>: NOt NULL
03-22 16:32:42.551 13552 13584 E Adreno-UNKNOWN: <AttachmentInPersistentGmem:1784>: NOt NULL
03-22 16:32:42.568 13552 13584 E Adreno-UNKNOWN: <AttachmentInPersistentGmem:1784>: NOt NULL
03-22 16:32:42.584 13552 13584 E Adreno-UNKNOWN: <AttachmentInPersistentGmem:1784>: NOt NULL
03-22 16:32:42.601 13552 13584 E Adreno-UNKNOWN: <AttachmentInPersistentGmem:1784>: NOt NULL
03-22 16:32:42.617 13552 13584 E Adreno-UNKNOWN: <AttachmentInPersistentGmem:1784>: NOt NULL
03-22 16:32:42.635 13552 13584 E Adreno-UNKNOWN: <AttachmentInPersistentGmem:1784>: NOt NULL
03-22 16:32:42.646 13552 13584 E Adreno-UNKNOWN: <AttachmentInPersistentGmem:1784>: NOt NULL
03-22 16:32:42.663 13552 13584 E Adreno-UNKNOWN: <AttachmentInPersistentGmem:1784>: NOt NULL
03-22 16:32:42.679 13552 13584 E Adreno-UNKNOWN: <AttachmentInPersistentGmem:1784>: NOt NULL
03-22 16:32:42.695 13552 13584 E Adreno-UNKNOWN: <AttachmentInPersistentGmem:1784>: NOt NULL
03-22 16:32:42.718 13552 13584 E Adreno-UNKNOWN: <AttachmentInPersistentGmem:1784>: NOt NULL
03-22 16:32:42.733 13552 13584 E Adreno-UNKNOWN: <AttachmentInPersistentGmem:1784>: NOt NULL
03-22 16:32:42.750 13552 13584 E Adreno-UNKNOWN: <AttachmentInPersistentGmem:1784>: NOt NULL
03-22 16:32:42.769 13552 13584 E Adreno-UNKNOWN: <AttachmentInPersistentGmem:1784>: NOt NULL
03-22 16:32:42.784 13552 13584 E Adreno-UNKNOWN: <AttachmentInPersistentGmem:1784>: NOt NULL
03-22 16:32:42.800 13552 13584 E Adreno-UNKNOWN: <AttachmentInPersistentGmem:1784>: NOt NULL
03-22 16:32:42.816 13552 13584 E Adreno-UNKNOWN: <AttachmentInPersistentGmem:1784>: NOt NULL
03-22 16:32:42.827 27744 27744 I wpa_supplicant: doCommand rule = GET_RATE_STATS  ifaceName = wlan0
03-22 16:32:42.828 27744 27744 I wpa_supplicant: doStringCommandInternal ret = 0 reply = 300000,289998,450000,450000,3,10000,78000,11,156,229611,10000,78000,10,0,160899
03-22 16:32:42.832 13552 13584 E Adreno-UNKNOWN: <AttachmentInPersistentGmem:1784>: NOt NULL
03-22 16:32:42.851 13552 13584 E Adreno-UNKNOWN: <AttachmentInPersistentGmem:1784>: NOt NULL
03-22 16:32:42.866 13552 13584 E Adreno-UNKNOWN: <AttachmentInPersistentGmem:1784>: NOt NULL
03-22 16:32:42.883 13552 13584 E Adreno-UNKNOWN: <AttachmentInPersistentGmem:1784>: NOt NULL
03-22 16:32:42.897 13552 13584 E Adreno-UNKNOWN: <AttachmentInPersistentGmem:1784>: NOt NULL
03-22 16:32:42.914 13552 13584 E Adreno-UNKNOWN: <AttachmentInPersistentGmem:1784>: NOt NULL
03-22 16:32:42.930 13552 13584 E Adreno-UNKNOWN: <AttachmentInPersistentGmem:1784>: NOt NULL
03-22 16:32:42.950 13552 13584 E Adreno-UNKNOWN: <AttachmentInPersistentGmem:1784>: NOt NULL
03-22 16:32:42.967 13552 13584 E Adreno-UNKNOWN: <AttachmentInPersistentGmem:1784>: NOt NULL
03-22 16:32:42.982 13552 13584 E Adreno-UNKNOWN: <AttachmentInPersistentGmem:1784>: NOt NULL
03-22 16:32:42.997 13552 13584 E Adreno-UNKNOWN: <AttachmentInPersistentGmem:1784>: NOt NULL
03-22 16:32:43.017 13552 13584 E Adreno-UNKNOWN: <AttachmentInPersistentGmem:1784>: NOt NULL
03-22 16:32:43.032 13552 13584 E Adreno-UNKNOWN: <AttachmentInPersistentGmem:1784>: NOt NULL
03-22 16:32:43.050 13552 13584 E Adreno-UNKNOWN: <AttachmentInPersistentGmem:1784>: NOt NULL
03-22 16:32:43.067 13552 13584 E Adreno-UNKNOWN: <AttachmentInPersistentGmem:1784>: NOt NULL
03-22 16:32:43.084 13552 13584 E Adreno-UNKNOWN: <AttachmentInPersistentGmem:1784>: NOt NULL
03-22 16:32:43.099 13552 13584 E Adreno-UNKNOWN: <AttachmentInPersistentGmem:1784>: NOt NULL
03-22 16:32:43.112 13552 13584 E Adreno-UNKNOWN: <AttachmentInPersistentGmem:1784>: NOt NULL
03-22 16:32:43.128 13552 13584 E Adreno-UNKNOWN: <AttachmentInPersistentGmem:1784>: NOt NULL
03-22 16:32:43.144 13552 13584 E Adreno-UNKNOWN: <AttachmentInPersistentGmem:1784>: NOt NULL
03-22 16:32:43.167 13552 13584 E Adreno-UNKNOWN: <AttachmentInPersistentGmem:1784>: NOt NULL
03-22 16:32:43.182 13552 13584 E Adreno-UNKNOWN: <AttachmentInPersistentGmem:1784>: NOt NULL
03-22 16:32:43.198 13552 13584 E Adreno-UNKNOWN: <AttachmentInPersistentGmem:1784>: NOt NULL
03-22 16:32:43.216 13552 13584 E Adreno-UNKNOWN: <AttachmentInPersistentGmem:1784>: NOt NULL
03-22 16:32:43.230 13552 13584 E Adreno-UNKNOWN: <AttachmentInPersistentGmem:1784>: NOt NULL
03-22 16:32:43.250 13552 13584 E Adreno-UNKNOWN: <AttachmentInPersistentGmem:1784>: NOt NULL
03-22 16:32:43.266 13552 13584 E Adreno-UNKNOWN: <AttachmentInPersistentGmem:1784>: NOt NULL
03-22 16:32:43.281 13552 13584 E Adreno-UNKNOWN: <AttachmentInPersistentGmem:1784>: NOt NULL
03-22 16:32:43.299 13552 13584 E Adreno-UNKNOWN: <AttachmentInPersistentGmem:1784>: NOt NULL
03-22 16:32:43.315 13552 13584 E Adreno-UNKNOWN: <AttachmentInPersistentGmem:1784>: NOt NULL
03-22 16:32:43.333 13552 13584 E Adreno-UNKNOWN: <AttachmentInPersistentGmem:1784>: NOt NULL
03-22 16:32:43.349 13552 13584 E Adreno-UNKNOWN: <AttachmentInPersistentGmem:1784>: NOt NULL
03-22 16:32:43.364 13552 13584 E Adreno-UNKNOWN: <AttachmentInPersistentGmem:1784>: NOt NULL
03-22 16:32:43.382 13552 13584 E Adreno-UNKNOWN: <AttachmentInPersistentGmem:1784>: NOt NULL
03-22 16:32:43.398 13552 13584 E Adreno-UNKNOWN: <AttachmentInPersistentGmem:1784>: NOt NULL
03-22 16:32:43.416 13552 13584 E Adreno-UNKNOWN: <AttachmentInPersistentGmem:1784>: NOt NULL
03-22 16:32:43.432 13552 13584 E Adreno-UNKNOWN: <AttachmentInPersistentGmem:1784>: NOt NULL
03-22 16:32:43.448 13552 13584 E Adreno-UNKNOWN: <AttachmentInPersistentGmem:1784>: NOt NULL
03-22 16:32:43.465 13552 13584 E Adreno-UNKNOWN: <AttachmentInPersistentGmem:1784>: NOt NULL
03-22 16:32:43.480 13552 13584 E Adreno-UNKNOWN: <AttachmentInPersistentGmem:1784>: NOt NULL
03-22 16:32:43.496 13552 13584 E Adreno-UNKNOWN: <AttachmentInPersistentGmem:1784>: NOt NULL
03-22 16:32:43.516 13552 13584 E Adreno-UNKNOWN: <AttachmentInPersistentGmem:1784>: NOt NULL
03-22 16:32:43.532 13552 13584 E Adreno-UNKNOWN: <AttachmentInPersistentGmem:1784>: NOt NULL
03-22 16:32:43.548 13552 13584 E Adreno-UNKNOWN: <AttachmentInPersistentGmem:1784>: NOt NULL
03-22 16:32:43.564 13552 13584 E Adreno-UNKNOWN: <AttachmentInPersistentGmem:1784>: NOt NULL
03-22 16:32:43.581 13552 13584 E Adreno-UNKNOWN: <AttachmentInPersistentGmem:1784>: NOt NULL
03-22 16:32:43.597 13552 13584 E Adreno-UNKNOWN: <AttachmentInPersistentGmem:1784>: NOt NULL
03-22 16:32:43.615 13552 13584 E Adreno-UNKNOWN: <AttachmentInPersistentGmem:1784>: NOt NULL
03-22 16:32:43.631 13552 13584 E Adreno-UNKNOWN: <AttachmentInPersistentGmem:1784>: NOt NULL
03-22 16:32:43.649 13552 13584 E Adreno-UNKNOWN: <AttachmentInPersistentGmem:1784>: NOt NULL
03-22 16:32:43.664 13552 13584 E Adreno-UNKNOWN: <AttachmentInPersistentGmem:1784>: NOt NULL
03-22 16:32:43.681 13552 13584 E Adreno-UNKNOWN: <AttachmentInPersistentGmem:1784>: NOt NULL
03-22 16:32:43.698 13552 13584 E Adreno-UNKNOWN: <AttachmentInPersistentGmem:1784>: NOt NULL
03-22 16:32:43.715 13552 13584 E Adreno-UNKNOWN: <AttachmentInPersistentGmem:1784>: NOt NULL
03-22 16:32:43.731 13552 13584 E Adreno-UNKNOWN: <AttachmentInPersistentGmem:1784>: NOt NULL
03-22 16:32:43.748 13552 13584 E Adreno-UNKNOWN: <AttachmentInPersistentGmem:1784>: NOt NULL
03-22 16:32:43.762 13552 13584 E Adreno-UNKNOWN: <AttachmentInPersistentGmem:1784>: NOt NULL
03-22 16:32:43.780 13552 13584 E Adreno-UNKNOWN: <AttachmentInPersistentGmem:1784>: NOt NULL
03-22 16:32:43.798 13552 13584 E Adreno-UNKNOWN: <AttachmentInPersistentGmem:1784>: NOt NULL
03-22 16:32:43.812 13552 13584 E Adreno-UNKNOWN: <AttachmentInPersistentGmem:1784>: NOt NULL
03-22 16:32:43.831 13552 13584 E Adreno-UNKNOWN: <AttachmentInPersistentGmem:1784>: NOt NULL
03-22 16:32:43.842 27744 27744 I wpa_supplicant: doCommand rule = GET_RATE_STATS  ifaceName = wlan0
03-22 16:32:43.843 27744 27744 I wpa_supplicant: doStringCommandInternal ret = 0 reply = 300000,271017,450000,450000,3,10000,78000,11,156,229617,10000,78000,10,0,160904
03-22 16:32:43.845 13552 13584 E Adreno-UNKNOWN: <AttachmentInPersistentGmem:1784>: NOt NULL
03-22 16:32:43.865 13552 13584 E Adreno-UNKNOWN: <AttachmentInPersistentGmem:1784>: NOt NULL
03-22 16:32:43.880 13552 13584 E Adreno-UNKNOWN: <AttachmentInPersistentGmem:1784>: NOt NULL
03-22 16:32:43.898 13552 13584 E Adreno-UNKNOWN: <AttachmentInPersistentGmem:1784>: NOt NULL
03-22 16:32:43.914 13552 13584 E Adreno-UNKNOWN: <AttachmentInPersistentGmem:1784>: NOt NULL
03-22 16:32:43.929 13552 13584 E Adreno-UNKNOWN: <AttachmentInPersistentGmem:1784>: NOt NULL
03-22 16:32:43.943 13552 13584 E Adreno-UNKNOWN: <AttachmentInPersistentGmem:1784>: NOt NULL
03-22 16:32:43.961 13552 13584 E Adreno-UNKNOWN: <AttachmentInPersistentGmem:1784>: NOt NULL
03-22 16:32:43.979 13552 13584 E Adreno-UNKNOWN: <AttachmentInPersistentGmem:1784>: NOt NULL
03-22 16:32:43.997 13552 13584 E Adreno-UNKNOWN: <AttachmentInPersistentGmem:1784>: NOt NULL
03-22 16:32:44.013 13552 13584 E Adreno-UNKNOWN: <AttachmentInPersistentGmem:1784>: NOt NULL
03-22 16:32:44.031 13552 13584 E Adreno-UNKNOWN: <AttachmentInPersistentGmem:1784>: NOt NULL
03-22 16:32:44.046 13552 13584 E Adreno-UNKNOWN: <AttachmentInPersistentGmem:1784>: NOt NULL
03-22 16:32:44.064 13552 13584 E Adreno-UNKNOWN: <AttachmentInPersistentGmem:1784>: NOt NULL
03-22 16:32:44.079 13552 13584 E Adreno-UNKNOWN: <AttachmentInPersistentGmem:1784>: NOt NULL
03-22 16:32:44.097 13552 13584 E Adreno-UNKNOWN: <AttachmentInPersistentGmem:1784>: NOt NULL
03-22 16:32:44.113 13552 13584 E Adreno-UNKNOWN: <AttachmentInPersistentGmem:1784>: NOt NULL
03-22 16:32:44.129 13552 13584 E Adreno-UNKNOWN: <AttachmentInPersistentGmem:1784>: NOt NULL
03-22 16:32:44.147 13552 13584 E Adreno-UNKNOWN: <AttachmentInPersistentGmem:1784>: NOt NULL
03-22 16:32:44.164 13552 13584 E Adreno-UNKNOWN: <AttachmentInPersistentGmem:1784>: NOt NULL
03-22 16:32:44.181 13552 13584 E Adreno-UNKNOWN: <AttachmentInPersistentGmem:1784>: NOt NULL
03-22 16:32:44.194 13552 13584 E Adreno-UNKNOWN: <AttachmentInPersistentGmem:1784>: NOt NULL
03-22 16:32:44.212 13552 13584 E Adreno-UNKNOWN: <AttachmentInPersistentGmem:1784>: NOt NULL
03-22 16:32:44.229 13552 13584 E Adreno-UNKNOWN: <AttachmentInPersistentGmem:1784>: NOt NULL
03-22 16:32:44.244 13552 13584 E Adreno-UNKNOWN: <AttachmentInPersistentGmem:1784>: NOt NULL
03-22 16:32:44.263 13552 13584 E Adreno-UNKNOWN: <AttachmentInPersistentGmem:1784>: NOt NULL
03-22 16:32:44.279 13552 13584 E Adreno-UNKNOWN: <AttachmentInPersistentGmem:1784>: NOt NULL
03-22 16:32:44.296 13552 13584 E Adreno-UNKNOWN: <AttachmentInPersistentGmem:1784>: NOt NULL
03-22 16:32:44.312 13552 13584 E Adreno-UNKNOWN: <AttachmentInPersistentGmem:1784>: NOt NULL
03-22 16:32:44.329 13552 13584 E Adreno-UNKNOWN: <AttachmentInPersistentGmem:1784>: NOt NULL
03-22 16:32:44.347 13552 13584 E Adreno-UNKNOWN: <AttachmentInPersistentGmem:1784>: NOt NULL
03-22 16:32:44.360 13552 13584 E Adreno-UNKNOWN: <AttachmentInPersistentGmem:1784>: NOt NULL
03-22 16:32:44.380 13552 13584 E Adreno-UNKNOWN: <AttachmentInPersistentGmem:1784>: NOt NULL
03-22 16:32:44.396 13552 13584 E Adreno-UNKNOWN: <AttachmentInPersistentGmem:1784>: NOt NULL
03-22 16:32:44.413 13552 13584 E Adreno-UNKNOWN: <AttachmentInPersistentGmem:1784>: NOt NULL
03-22 16:32:44.429 13552 13584 E Adreno-UNKNOWN: <AttachmentInPersistentGmem:1784>: NOt NULL
03-22 16:32:44.445 13552 13584 E Adreno-UNKNOWN: <AttachmentInPersistentGmem:1784>: NOt NULL
03-22 16:32:44.462 13552 13584 E Adreno-UNKNOWN: <AttachmentInPersistentGmem:1784>: NOt NULL
03-22 16:32:44.480 13552 13584 E Adreno-UNKNOWN: <AttachmentInPersistentGmem:1784>: NOt NULL
03-22 16:32:44.496 13552 13584 E Adreno-UNKNOWN: <AttachmentInPersistentGmem:1784>: NOt NULL
03-22 16:32:44.512 13552 13584 E Adreno-UNKNOWN: <AttachmentInPersistentGmem:1784>: NOt NULL
03-22 16:32:44.529 13552 13584 E Adreno-UNKNOWN: <AttachmentInPersistentGmem:1784>: NOt NULL
03-22 16:32:44.543 13552 13584 E Adreno-UNKNOWN: <AttachmentInPersistentGmem:1784>: NOt NULL
03-22 16:32:44.559 13552 13584 E Adreno-UNKNOWN: <AttachmentInPersistentGmem:1784>: NOt NULL
03-22 16:32:44.576 13552 13584 E Adreno-UNKNOWN: <AttachmentInPersistentGmem:1784>: NOt NULL
03-22 16:32:44.594 13552 13584 E Adreno-UNKNOWN: <AttachmentInPersistentGmem:1784>: NOt NULL
03-22 16:32:44.612 13552 13584 E Adreno-UNKNOWN: <AttachmentInPersistentGmem:1784>: NOt NULL
03-22 16:32:44.629 13552 13584 E Adreno-UNKNOWN: <AttachmentInPersistentGmem:1784>: NOt NULL
03-22 16:32:44.644 13552 13584 E Adreno-UNKNOWN: <AttachmentInPersistentGmem:1784>: NOt NULL
03-22 16:32:44.663 13552 13584 E Adreno-UNKNOWN: <AttachmentInPersistentGmem:1784>: NOt NULL
03-22 16:32:44.677 13552 13584 E Adreno-UNKNOWN: <AttachmentInPersistentGmem:1784>: NOt NULL
03-22 16:32:44.692 13552 13584 E Adreno-UNKNOWN: <AttachmentInPersistentGmem:1784>: NOt NULL
03-22 16:32:44.709 13552 13584 E Adreno-UNKNOWN: <AttachmentInPersistentGmem:1784>: NOt NULL
03-22 16:32:44.726 13552 13584 E Adreno-UNKNOWN: <AttachmentInPersistentGmem:1784>: NOt NULL
03-22 16:32:44.746 13552 13584 E Adreno-UNKNOWN: <AttachmentInPersistentGmem:1784>: NOt NULL
03-22 16:32:44.762 13552 13584 E Adreno-UNKNOWN: <AttachmentInPersistentGmem:1784>: NOt NULL
03-22 16:32:44.774 13552 13584 E Adreno-UNKNOWN: <AttachmentInPersistentGmem:1784>: NOt NULL
03-22 16:32:44.792 13552 13584 E Adreno-UNKNOWN: <AttachmentInPersistentGmem:1784>: NOt NULL
03-22 16:32:44.808 13552 13584 E Adreno-UNKNOWN: <AttachmentInPersistentGmem:1784>: NOt NULL
03-22 16:32:44.826 13552 13584 E Adreno-UNKNOWN: <AttachmentInPersistentGmem:1784>: NOt NULL
03-22 16:32:44.844 13552 13584 E Adreno-UNKNOWN: <AttachmentInPersistentGmem:1784>: NOt NULL
03-22 16:32:44.858 13552 13584 E Adreno-UNKNOWN: <AttachmentInPersistentGmem:1784>: NOt NULL
03-22 16:32:44.863 27744 27744 I wpa_supplicant: doCommand rule = GET_RATE_STATS  ifaceName = wlan0
03-22 16:32:44.863 27744 27744 I wpa_supplicant: doStringCommandInternal ret = 0 reply = 300000,292375,450000,450000,3,10000,78000,11,156,229627,10000,78000,10,0,160910
03-22 16:32:44.873 13552 13584 E Adreno-UNKNOWN: <AttachmentInPersistentGmem:1784>: NOt NULL
03-22 16:32:44.891 13552 13584 E Adreno-UNKNOWN: <AttachmentInPersistentGmem:1784>: NOt NULL
03-22 16:32:44.907 13552 13584 E Adreno-UNKNOWN: <AttachmentInPersistentGmem:1784>: NOt NULL
03-22 16:32:44.924 13552 13584 E Adreno-UNKNOWN: <AttachmentInPersistentGmem:1784>: NOt NULL
03-22 16:32:44.942 13552 13584 E Adreno-UNKNOWN: <AttachmentInPersistentGmem:1784>: NOt NULL
03-22 16:32:44.959 13552 13584 E Adreno-UNKNOWN: <AttachmentInPersistentGmem:1784>: NOt NULL
03-22 16:32:44.975 13552 13584 E Adreno-UNKNOWN: <AttachmentInPersistentGmem:1784>: NOt NULL
03-22 16:32:44.990 13552 13584 E Adreno-UNKNOWN: <AttachmentInPersistentGmem:1784>: NOt NULL
03-22 16:32:45.009 13552 13584 E Adreno-UNKNOWN: <AttachmentInPersistentGmem:1784>: NOt NULL
03-22 16:32:45.025 13552 13584 E Adreno-UNKNOWN: <AttachmentInPersistentGmem:1784>: NOt NULL
03-22 16:32:45.041 13552 13584 E Adreno-UNKNOWN: <AttachmentInPersistentGmem:1784>: NOt NULL
03-22 16:32:45.060 13552 13584 E Adreno-UNKNOWN: <AttachmentInPersistentGmem:1784>: NOt NULL
03-22 16:32:45.077 13552 13584 E Adreno-UNKNOWN: <AttachmentInPersistentGmem:1784>: NOt NULL
03-22 16:32:45.095 13552 13584 E Adreno-UNKNOWN: <AttachmentInPersistentGmem:1784>: NOt NULL
03-22 16:32:45.109 13552 13584 E Adreno-UNKNOWN: <AttachmentInPersistentGmem:1784>: NOt NULL
03-22 16:32:45.127 13552 13584 E Adreno-UNKNOWN: <AttachmentInPersistentGmem:1784>: NOt NULL
03-22 16:32:45.144 13552 13584 E Adreno-UNKNOWN: <AttachmentInPersistentGmem:1784>: NOt NULL
03-22 16:32:45.161 13552 13584 E Adreno-UNKNOWN: <AttachmentInPersistentGmem:1784>: NOt NULL
03-22 16:32:45.175 13552 13584 E Adreno-UNKNOWN: <AttachmentInPersistentGmem:1784>: NOt NULL
03-22 16:32:45.194 13552 13584 E Adreno-UNKNOWN: <AttachmentInPersistentGmem:1784>: NOt NULL
03-22 16:32:45.210 13552 13584 E Adreno-UNKNOWN: <AttachmentInPersistentGmem:1784>: NOt NULL
03-22 16:32:45.226 13552 13584 E Adreno-UNKNOWN: <AttachmentInPersistentGmem:1784>: NOt NULL
03-22 16:32:45.242 13552 13584 E Adreno-UNKNOWN: <AttachmentInPersistentGmem:1784>: NOt NULL
03-22 16:32:45.260 13552 13584 E Adreno-UNKNOWN: <AttachmentInPersistentGmem:1784>: NOt NULL
03-22 16:32:45.277 13552 13584 E Adreno-UNKNOWN: <AttachmentInPersistentGmem:1784>: NOt NULL
03-22 16:32:45.293 13552 13584 E Adreno-UNKNOWN: <AttachmentInPersistentGmem:1784>: NOt NULL
03-22 16:32:45.310 13552 13584 E Adreno-UNKNOWN: <AttachmentInPersistentGmem:1784>: NOt NULL
03-22 16:32:45.327 13552 13584 E Adreno-UNKNOWN: <AttachmentInPersistentGmem:1784>: NOt NULL
03-22 16:32:45.344 13552 13584 E Adreno-UNKNOWN: <AttachmentInPersistentGmem:1784>: NOt NULL
03-22 16:32:45.359 13552 13584 E Adreno-UNKNOWN: <AttachmentInPersistentGmem:1784>: NOt NULL
03-22 16:32:45.377 13552 13584 E Adreno-UNKNOWN: <AttachmentInPersistentGmem:1784>: NOt NULL
03-22 16:32:45.392 13552 13584 E Adreno-UNKNOWN: <AttachmentInPersistentGmem:1784>: NOt NULL
03-22 16:32:45.410 13552 13584 E Adreno-UNKNOWN: <AttachmentInPersistentGmem:1784>: NOt NULL
03-22 16:32:45.426 13552 13584 E Adreno-UNKNOWN: <AttachmentInPersistentGmem:1784>: NOt NULL
03-22 16:32:45.442 13552 13584 E Adreno-UNKNOWN: <AttachmentInPersistentGmem:1784>: NOt NULL
03-22 16:32:45.456 13552 13584 E Adreno-UNKNOWN: <AttachmentInPersistentGmem:1784>: NOt NULL
03-22 16:32:45.471 13552 13584 E Adreno-UNKNOWN: <AttachmentInPersistentGmem:1784>: NOt NULL
03-22 16:32:45.487 13552 13584 E Adreno-UNKNOWN: <AttachmentInPersistentGmem:1784>: NOt NULL
03-22 16:32:45.503 13552 13584 E Adreno-UNKNOWN: <AttachmentInPersistentGmem:1784>: NOt NULL
03-22 16:32:45.521 13552 13584 E Adreno-UNKNOWN: <AttachmentInPersistentGmem:1784>: NOt NULL
03-22 16:32:45.537 13552 13584 E Adreno-UNKNOWN: <AttachmentInPersistentGmem:1784>: NOt NULL
03-22 16:32:45.557 13552 13584 E Adreno-UNKNOWN: <AttachmentInPersistentGmem:1784>: NOt NULL
03-22 16:32:45.574 13552 13584 E Adreno-UNKNOWN: <AttachmentInPersistentGmem:1784>: NOt NULL
03-22 16:32:45.589 13552 13584 E Adreno-UNKNOWN: <AttachmentInPersistentGmem:1784>: NOt NULL
03-22 16:32:45.607 13552 13584 E Adreno-UNKNOWN: <AttachmentInPersistentGmem:1784>: NOt NULL
03-22 16:32:45.623 13552 13584 E Adreno-UNKNOWN: <AttachmentInPersistentGmem:1784>: NOt NULL
03-22 16:32:45.639 13552 13552 W WindowOnBackDispatcher: OnBackInvokedCallback is not enabled for the application.
03-22 16:32:45.639 13552 13552 W WindowOnBackDispatcher: Set 'android:enableOnBackInvokedCallback="true"' in the application manifest.
03-22 16:32:45.640 13552 13584 E Adreno-UNKNOWN: <AttachmentInPersistentGmem:1784>: NOt NULL
03-22 16:32:45.667 13552 13584 E Adreno-UNKNOWN: <AttachmentInPersistentGmem:1784>: NOt NULL
03-22 16:32:45.673 13552 13584 E Adreno-UNKNOWN: <AttachmentInPersistentGmem:1784>: NOt NULL
03-22 16:32:45.690 13552 13584 E Adreno-UNKNOWN: <AttachmentInPersistentGmem:1784>: NOt NULL
03-22 16:32:45.706 13552 13584 E Adreno-UNKNOWN: <AttachmentInPersistentGmem:1784>: NOt NULL
03-22 16:32:45.723 13552 13584 E Adreno-UNKNOWN: <AttachmentInPersistentGmem:1784>: NOt NULL
03-22 16:32:45.741 13552 13584 E Adreno-UNKNOWN: <AttachmentInPersistentGmem:1784>: NOt NULL
03-22 16:32:45.741 13552 13584 E Adreno-UNKNOWN: <AttachmentInPersistentGmem:1784>: NOt NULL
03-22 16:32:45.741 13552 13584 E Adreno-UNKNOWN: <AttachmentInPersistentGmem:1784>: NOt NULL
03-22 16:32:45.755 13552 13584 E Adreno-UNKNOWN: <AttachmentInPersistentGmem:1784>: NOt NULL
03-22 16:32:45.755 13552 13584 E Adreno-UNKNOWN: <AttachmentInPersistentGmem:1784>: NOt NULL
03-22 16:32:45.774 13552 13584 E Adreno-UNKNOWN: <AttachmentInPersistentGmem:1784>: NOt NULL
03-22 16:32:45.774 13552 13584 E Adreno-UNKNOWN: <AttachmentInPersistentGmem:1784>: NOt NULL
03-22 16:32:45.791 13552 13584 E Adreno-UNKNOWN: <AttachmentInPersistentGmem:1784>: NOt NULL
03-22 16:32:45.791 13552 13584 E Adreno-UNKNOWN: <AttachmentInPersistentGmem:1784>: NOt NULL
03-22 16:32:45.814 13552 13584 E Adreno-UNKNOWN: <AttachmentInPersistentGmem:1784>: NOt NULL
03-22 16:32:45.814 13552 13584 E Adreno-UNKNOWN: <AttachmentInPersistentGmem:1784>: NOt NULL
03-22 16:32:45.832  2726  3244 I ActivityTaskManager: Displayed com.android.systemui/.mediaprojection.permission.MediaProjectionPermissionActivity for user 0: +125ms
03-22 16:32:45.833 13552 13584 E Adreno-UNKNOWN: <AttachmentInPersistentGmem:1784>: NOt NULL
03-22 16:32:45.833 13552 13584 E Adreno-UNKNOWN: <AttachmentInPersistentGmem:1784>: NOt NULL
03-22 16:32:45.839 13552 13584 E Adreno-UNKNOWN: <AttachmentInPersistentGmem:1784>: NOt NULL
03-22 16:32:45.839 13552 13584 E Adreno-UNKNOWN: <AttachmentInPersistentGmem:1784>: NOt NULL
03-22 16:32:45.846 13552 13584 E Adreno-UNKNOWN: <AttachmentInPersistentGmem:1784>: NOt NULL
03-22 16:32:45.846 13552 13584 E Adreno-UNKNOWN: <AttachmentInPersistentGmem:1784>: NOt NULL
03-22 16:32:45.856 13552 13584 E Adreno-UNKNOWN: <AttachmentInPersistentGmem:1784>: NOt NULL
03-22 16:32:45.856 13552 13584 E Adreno-UNKNOWN: <AttachmentInPersistentGmem:1784>: NOt NULL
03-22 16:32:45.864 13552 13584 E Adreno-UNKNOWN: <AttachmentInPersistentGmem:1784>: NOt NULL
03-22 16:32:45.864 13552 13584 E Adreno-UNKNOWN: <AttachmentInPersistentGmem:1784>: NOt NULL
03-22 16:32:45.871 13552 13584 E Adreno-UNKNOWN: <AttachmentInPersistentGmem:1784>: NOt NULL
03-22 16:32:45.872 13552 13584 E Adreno-UNKNOWN: <AttachmentInPersistentGmem:1784>: NOt NULL
03-22 16:32:45.872 27744 27744 I wpa_supplicant: doCommand rule = GET_RATE_STATS  ifaceName = wlan0
03-22 16:32:45.873 27744 27744 I wpa_supplicant: doStringCommandInternal ret = 0 reply = 300000,295531,450000,450000,3,10000,78000,11,156,229631,10000,78000,10,0,160912
03-22 16:32:45.879 13552 13584 E Adreno-UNKNOWN: <AttachmentInPersistentGmem:1784>: NOt NULL
03-22 16:32:45.879 13552 13584 E Adreno-UNKNOWN: <AttachmentInPersistentGmem:1784>: NOt NULL
03-22 16:32:45.888 13552 13584 E Adreno-UNKNOWN: <AttachmentInPersistentGmem:1784>: NOt NULL
03-22 16:32:45.888 13552 13584 E Adreno-UNKNOWN: <AttachmentInPersistentGmem:1784>: NOt NULL
03-22 16:32:45.897 13552 13584 E Adreno-UNKNOWN: <AttachmentInPersistentGmem:1784>: NOt NULL
03-22 16:32:45.898 13552 13584 E Adreno-UNKNOWN: <AttachmentInPersistentGmem:1784>: NOt NULL
03-22 16:32:45.902 13552 13584 E Adreno-UNKNOWN: <AttachmentInPersistentGmem:1784>: NOt NULL
03-22 16:32:45.902 13552 13584 E Adreno-UNKNOWN: <AttachmentInPersistentGmem:1784>: NOt NULL
03-22 16:32:45.912 13552 13584 E Adreno-UNKNOWN: <AttachmentInPersistentGmem:1784>: NOt NULL
03-22 16:32:45.912 13552 13584 E Adreno-UNKNOWN: <AttachmentInPersistentGmem:1784>: NOt NULL
03-22 16:32:45.920 13552 13584 E Adreno-UNKNOWN: <AttachmentInPersistentGmem:1784>: NOt NULL
03-22 16:32:45.920 13552 13584 E Adreno-UNKNOWN: <AttachmentInPersistentGmem:1784>: NOt NULL
03-22 16:32:45.929 13552 13584 E Adreno-UNKNOWN: <AttachmentInPersistentGmem:1784>: NOt NULL
03-22 16:32:45.929 13552 13584 E Adreno-UNKNOWN: <AttachmentInPersistentGmem:1784>: NOt NULL
03-22 16:32:45.937 13552 13584 E Adreno-UNKNOWN: <AttachmentInPersistentGmem:1784>: NOt NULL
03-22 16:32:45.937 13552 13584 E Adreno-UNKNOWN: <AttachmentInPersistentGmem:1784>: NOt NULL
03-22 16:32:45.945 13552 13584 E Adreno-UNKNOWN: <AttachmentInPersistentGmem:1784>: NOt NULL
03-22 16:32:45.945 13552 13584 E Adreno-UNKNOWN: <AttachmentInPersistentGmem:1784>: NOt NULL
03-22 16:32:45.953 13552 13584 E Adreno-UNKNOWN: <AttachmentInPersistentGmem:1784>: NOt NULL
03-22 16:32:45.953 13552 13584 E Adreno-UNKNOWN: <AttachmentInPersistentGmem:1784>: NOt NULL
03-22 16:32:45.962 13552 13584 E Adreno-UNKNOWN: <AttachmentInPersistentGmem:1784>: NOt NULL
03-22 16:32:45.962 13552 13584 E Adreno-UNKNOWN: <AttachmentInPersistentGmem:1784>: NOt NULL
03-22 16:32:45.970 13552 13584 E Adreno-UNKNOWN: <AttachmentInPersistentGmem:1784>: NOt NULL
03-22 16:32:45.970 13552 13584 E Adreno-UNKNOWN: <AttachmentInPersistentGmem:1784>: NOt NULL
03-22 16:32:45.978 13552 13584 E Adreno-UNKNOWN: <AttachmentInPersistentGmem:1784>: NOt NULL
03-22 16:32:45.978 13552 13584 E Adreno-UNKNOWN: <AttachmentInPersistentGmem:1784>: NOt NULL
03-22 16:32:45.988 13552 13584 E Adreno-UNKNOWN: <AttachmentInPersistentGmem:1784>: NOt NULL
03-22 16:32:45.988 13552 13584 E Adreno-UNKNOWN: <AttachmentInPersistentGmem:1784>: NOt NULL
03-22 16:32:45.996 13552 13584 E Adreno-UNKNOWN: <AttachmentInPersistentGmem:1784>: NOt NULL
03-22 16:32:45.996 13552 13584 E Adreno-UNKNOWN: <AttachmentInPersistentGmem:1784>: NOt NULL
03-22 16:32:46.005 13552 13584 E Adreno-UNKNOWN: <AttachmentInPersistentGmem:1784>: NOt NULL
03-22 16:32:46.005 13552 13584 E Adreno-UNKNOWN: <AttachmentInPersistentGmem:1784>: NOt NULL
03-22 16:32:46.015 13552 13584 E Adreno-UNKNOWN: <AttachmentInPersistentGmem:1784>: NOt NULL
03-22 16:32:46.017 13552 13584 E Adreno-UNKNOWN: <AttachmentInPersistentGmem:1784>: NOt NULL
03-22 16:32:46.028 13552 13584 E Adreno-UNKNOWN: <AttachmentInPersistentGmem:1784>: NOt NULL
03-22 16:32:46.029 13552 13584 E Adreno-UNKNOWN: <AttachmentInPersistentGmem:1784>: NOt NULL
03-22 16:32:46.036 13552 13584 E Adreno-UNKNOWN: <AttachmentInPersistentGmem:1784>: NOt NULL
03-22 16:32:46.037 13552 13584 E Adreno-UNKNOWN: <AttachmentInPersistentGmem:1784>: NOt NULL
03-22 16:32:46.045 13552 13584 E Adreno-UNKNOWN: <AttachmentInPersistentGmem:1784>: NOt NULL
03-22 16:32:46.045 13552 13584 E Adreno-UNKNOWN: <AttachmentInPersistentGmem:1784>: NOt NULL
03-22 16:32:46.053 13552 13584 E Adreno-UNKNOWN: <AttachmentInPersistentGmem:1784>: NOt NULL
03-22 16:32:46.053 13552 13584 E Adreno-UNKNOWN: <AttachmentInPersistentGmem:1784>: NOt NULL
03-22 16:32:46.061 13552 13584 E Adreno-UNKNOWN: <AttachmentInPersistentGmem:1784>: NOt NULL
03-22 16:32:46.062 13552 13584 E Adreno-UNKNOWN: <AttachmentInPersistentGmem:1784>: NOt NULL
03-22 16:32:46.070 13552 13584 E Adreno-UNKNOWN: <AttachmentInPersistentGmem:1784>: NOt NULL
03-22 16:32:46.070 13552 13584 E Adreno-UNKNOWN: <AttachmentInPersistentGmem:1784>: NOt NULL
03-22 16:32:46.078 13552 13584 E Adreno-UNKNOWN: <AttachmentInPersistentGmem:1784>: NOt NULL
03-22 16:32:46.078 13552 13584 E Adreno-UNKNOWN: <AttachmentInPersistentGmem:1784>: NOt NULL
03-22 16:32:46.086 13552 13584 E Adreno-UNKNOWN: <AttachmentInPersistentGmem:1784>: NOt NULL
03-22 16:32:46.086 13552 13584 E Adreno-UNKNOWN: <AttachmentInPersistentGmem:1784>: NOt NULL
03-22 16:32:46.095 13552 13584 E Adreno-UNKNOWN: <AttachmentInPersistentGmem:1784>: NOt NULL
03-22 16:32:46.095 13552 13584 E Adreno-UNKNOWN: <AttachmentInPersistentGmem:1784>: NOt NULL
03-22 16:32:46.103 13552 13584 E Adreno-UNKNOWN: <AttachmentInPersistentGmem:1784>: NOt NULL
03-22 16:32:46.103 13552 13584 E Adreno-UNKNOWN: <AttachmentInPersistentGmem:1784>: NOt NULL
03-22 16:32:46.114 13552 13584 E Adreno-UNKNOWN: <AttachmentInPersistentGmem:1784>: NOt NULL
03-22 16:32:46.114 13552 13584 E Adreno-UNKNOWN: <AttachmentInPersistentGmem:1784>: NOt NULL
03-22 16:32:46.121 13552 13584 E Adreno-UNKNOWN: <AttachmentInPersistentGmem:1784>: NOt NULL
03-22 16:32:46.121 13552 13584 E Adreno-UNKNOWN: <AttachmentInPersistentGmem:1784>: NOt NULL
03-22 16:32:46.127 13552 13584 E Adreno-UNKNOWN: <AttachmentInPersistentGmem:1784>: NOt NULL
03-22 16:32:46.128 13552 13584 E Adreno-UNKNOWN: <AttachmentInPersistentGmem:1784>: NOt NULL
03-22 16:32:46.136 13552 13584 E Adreno-UNKNOWN: <AttachmentInPersistentGmem:1784>: NOt NULL
03-22 16:32:46.136 13552 13584 E Adreno-UNKNOWN: <AttachmentInPersistentGmem:1784>: NOt NULL
03-22 16:32:46.144 13552 13584 E Adreno-UNKNOWN: <AttachmentInPersistentGmem:1784>: NOt NULL
03-22 16:32:46.145 13552 13584 E Adreno-UNKNOWN: <AttachmentInPersistentGmem:1784>: NOt NULL
03-22 16:32:46.153 13552 13584 E Adreno-UNKNOWN: <AttachmentInPersistentGmem:1784>: NOt NULL
03-22 16:32:46.153 13552 13584 E Adreno-UNKNOWN: <AttachmentInPersistentGmem:1784>: NOt NULL
03-22 16:32:46.161 13552 13584 E Adreno-UNKNOWN: <AttachmentInPersistentGmem:1784>: NOt NULL
03-22 16:32:46.162 13552 13584 E Adreno-UNKNOWN: <AttachmentInPersistentGmem:1784>: NOt NULL
03-22 16:32:46.169 13552 13584 E Adreno-UNKNOWN: <AttachmentInPersistentGmem:1784>: NOt NULL
03-22 16:32:46.170 13552 13584 E Adreno-UNKNOWN: <AttachmentInPersistentGmem:1784>: NOt NULL
03-22 16:32:46.178 13552 13584 E Adreno-UNKNOWN: <AttachmentInPersistentGmem:1784>: NOt NULL
03-22 16:32:46.178 13552 13584 E Adreno-UNKNOWN: <AttachmentInPersistentGmem:1784>: NOt NULL
03-22 16:32:46.186 13552 13584 E Adreno-UNKNOWN: <AttachmentInPersistentGmem:1784>: NOt NULL
03-22 16:32:46.186 13552 13584 E Adreno-UNKNOWN: <AttachmentInPersistentGmem:1784>: NOt NULL
03-22 16:32:46.194 13552 13584 E Adreno-UNKNOWN: <AttachmentInPersistentGmem:1784>: NOt NULL
03-22 16:32:46.195 13552 13584 E Adreno-UNKNOWN: <AttachmentInPersistentGmem:1784>: NOt NULL
03-22 16:32:46.203 13552 13584 E Adreno-UNKNOWN: <AttachmentInPersistentGmem:1784>: NOt NULL
03-22 16:32:46.203 13552 13584 E Adreno-UNKNOWN: <AttachmentInPersistentGmem:1784>: NOt NULL
03-22 16:32:46.211 13552 13584 E Adreno-UNKNOWN: <AttachmentInPersistentGmem:1784>: NOt NULL
03-22 16:32:46.212 13552 13584 E Adreno-UNKNOWN: <AttachmentInPersistentGmem:1784>: NOt NULL
03-22 16:32:46.221 13552 13584 E Adreno-UNKNOWN: <AttachmentInPersistentGmem:1784>: NOt NULL
03-22 16:32:46.221 13552 13584 E Adreno-UNKNOWN: <AttachmentInPersistentGmem:1784>: NOt NULL
03-22 16:32:46.229 13552 13584 E Adreno-UNKNOWN: <AttachmentInPersistentGmem:1784>: NOt NULL
03-22 16:32:46.229 13552 13584 E Adreno-UNKNOWN: <AttachmentInPersistentGmem:1784>: NOt NULL
03-22 16:32:46.236 13552 13584 E Adreno-UNKNOWN: <AttachmentInPersistentGmem:1784>: NOt NULL
03-22 16:32:46.236 13552 13584 E Adreno-UNKNOWN: <AttachmentInPersistentGmem:1784>: NOt NULL
03-22 16:32:46.248 13552 13584 E Adreno-UNKNOWN: <AttachmentInPersistentGmem:1784>: NOt NULL
03-22 16:32:46.249 13552 13584 E Adreno-UNKNOWN: <AttachmentInPersistentGmem:1784>: NOt NULL
03-22 16:32:46.253 13552 13584 E Adreno-UNKNOWN: <AttachmentInPersistentGmem:1784>: NOt NULL
03-22 16:32:46.253 13552 13584 E Adreno-UNKNOWN: <AttachmentInPersistentGmem:1784>: NOt NULL
03-22 16:32:46.260 13552 13584 E Adreno-UNKNOWN: <AttachmentInPersistentGmem:1784>: NOt NULL
03-22 16:32:46.261 13552 13584 E Adreno-UNKNOWN: <AttachmentInPersistentGmem:1784>: NOt NULL
03-22 16:32:46.268 13552 13584 E Adreno-UNKNOWN: <AttachmentInPersistentGmem:1784>: NOt NULL
03-22 16:32:46.269 13552 13584 E Adreno-UNKNOWN: <AttachmentInPersistentGmem:1784>: NOt NULL
03-22 16:32:46.277 13552 13584 E Adreno-UNKNOWN: <AttachmentInPersistentGmem:1784>: NOt NULL
03-22 16:32:46.277 13552 13584 E Adreno-UNKNOWN: <AttachmentInPersistentGmem:1784>: NOt NULL
03-22 16:32:46.285 13552 13584 E Adreno-UNKNOWN: <AttachmentInPersistentGmem:1784>: NOt NULL
03-22 16:32:46.285 13552 13584 E Adreno-UNKNOWN: <AttachmentInPersistentGmem:1784>: NOt NULL
03-22 16:32:46.294 13552 13584 E Adreno-UNKNOWN: <AttachmentInPersistentGmem:1784>: NOt NULL
03-22 16:32:46.294 13552 13584 E Adreno-UNKNOWN: <AttachmentInPersistentGmem:1784>: NOt NULL
03-22 16:32:46.303 13552 13584 E Adreno-UNKNOWN: <AttachmentInPersistentGmem:1784>: NOt NULL
03-22 16:32:46.303 13552 13584 E Adreno-UNKNOWN: <AttachmentInPersistentGmem:1784>: NOt NULL
03-22 16:32:46.314 13552 13584 E Adreno-UNKNOWN: <AttachmentInPersistentGmem:1784>: NOt NULL
03-22 16:32:46.315 13552 13584 E Adreno-UNKNOWN: <AttachmentInPersistentGmem:1784>: NOt NULL
03-22 16:32:46.324 13552 13584 E Adreno-UNKNOWN: <AttachmentInPersistentGmem:1784>: NOt NULL
03-22 16:32:46.325 13552 13584 E Adreno-UNKNOWN: <AttachmentInPersistentGmem:1784>: NOt NULL
03-22 16:32:46.329 13552 13584 E Adreno-UNKNOWN: <AttachmentInPersistentGmem:1784>: NOt NULL
03-22 16:32:46.330 13552 13584 E Adreno-UNKNOWN: <AttachmentInPersistentGmem:1784>: NOt NULL
03-22 16:32:46.338 13552 13584 E Adreno-UNKNOWN: <AttachmentInPersistentGmem:1784>: NOt NULL
03-22 16:32:46.338 13552 13584 E Adreno-UNKNOWN: <AttachmentInPersistentGmem:1784>: NOt NULL
03-22 16:32:46.344 13552 13584 E Adreno-UNKNOWN: <AttachmentInPersistentGmem:1784>: NOt NULL
03-22 16:32:46.344 13552 13584 E Adreno-UNKNOWN: <AttachmentInPersistentGmem:1784>: NOt NULL
03-22 16:32:46.355 13552 13584 E Adreno-UNKNOWN: <AttachmentInPersistentGmem:1784>: NOt NULL
03-22 16:32:46.356 13552 13584 E Adreno-UNKNOWN: <AttachmentInPersistentGmem:1784>: NOt NULL
03-22 16:32:46.359 13552 13584 E Adreno-UNKNOWN: <AttachmentInPersistentGmem:1784>: NOt NULL
03-22 16:32:46.359 13552 13584 E Adreno-UNKNOWN: <AttachmentInPersistentGmem:1784>: NOt NULL
03-22 16:32:46.372 13552 13584 E Adreno-UNKNOWN: <AttachmentInPersistentGmem:1784>: NOt NULL
03-22 16:32:46.373 13552 13584 E Adreno-UNKNOWN: <AttachmentInPersistentGmem:1784>: NOt NULL
03-22 16:32:46.380 13552 13584 E Adreno-UNKNOWN: <AttachmentInPersistentGmem:1784>: NOt NULL
03-22 16:32:46.389 13552 13584 E Adreno-UNKNOWN: <AttachmentInPersistentGmem:1784>: NOt NULL
03-22 16:32:46.397 13552 13584 E Adreno-UNKNOWN: <AttachmentInPersistentGmem:1784>: NOt NULL
03-22 16:32:46.405 13552 13584 E Adreno-UNKNOWN: <AttachmentInPersistentGmem:1784>: NOt NULL
03-22 16:32:46.452 13552 13584 E Adreno-UNKNOWN: <AttachmentInPersistentGmem:1784>: NOt NULL
03-22 16:32:46.473 13552 13584 E Adreno-UNKNOWN: <AttachmentInPersistentGmem:1784>: NOt NULL
03-22 16:32:46.898 27744 27744 I wpa_supplicant: doCommand rule = GET_RATE_STATS  ifaceName = wlan0
03-22 16:32:46.898 27744 27744 I wpa_supplicant: doStringCommandInternal ret = 0 reply = 300000,296089,450000,450000,3,10000,78000,11,156,229632,10000,78000,10,0,160913
03-22 16:32:46.974  2726  3244 I ActivityTaskManager: Displayed com.android.systemui/.mediaprojection.appselector.MediaProjectionAppSelectorActivity for user 0: +96ms
03-22 16:32:47.034 15181 15181 I GoogleInputMethodService: GoogleInputMethodService.onFinishInput():2114 
03-22 16:32:47.035 15181 15181 I Module  : DeviceLockedStatusModuleProvider$Module.updateDeviceLockedStatus():103 repeatCheckTimes = 0, locked = false
03-22 16:32:47.035 15181 15181 I GoogleInputMethodService: GoogleInputMethodService.onStartInput():1385 onStartInput(EditorInfo{EditorInfo{packageName=com.android.systemui, inputType=0, inputTypeString=NULL, enableLearning=false, autoCorrection=false, autoComplete=false, imeOptions=0, privateImeOptions=null, actionName=UNSPECIFIED, actionLabel=null, initialSelStart=-1, initialSelEnd=-1, initialCapsMode=0, label=null, fieldId=0, fieldName=null, extras=null, hintText=null, hintLocales=[]}}, false)
03-22 16:32:47.035 15181 15181 I AndroidIME: LatinIMEBase.updateInputViewCoverNavigation():314 Update input view padding, extendsTouchBelowSpace=true, bottom inset=144
03-22 16:32:47.036 15181 15181 I Module  : DeviceLockedStatusModuleProvider$Module.updateDeviceLockedStatus():103 repeatCheckTimes = 1, locked = false
03-22 16:32:47.908 27744 27744 I wpa_supplicant: doCommand rule = GET_RATE_STATS  ifaceName = wlan0
03-22 16:32:47.908 27744 27744 I wpa_supplicant: doStringCommandInternal ret = 0 reply = 300000,297006,450000,450000,3,10000,78000,11,156,229634,10000,78000,10,0,160915
03-22 16:32:48.922 27744 27744 I wpa_supplicant: doCommand rule = GET_RATE_STATS  ifaceName = wlan0
03-22 16:32:48.922 27744 27744 I wpa_supplicant: doStringCommandInternal ret = 0 reply = 300000,297380,450000,450000,3,10000,78000,11,156,229635,10000,78000,10,0,160916
03-22 16:32:49.940 27744 27744 I wpa_supplicant: doCommand rule = GET_RATE_STATS  ifaceName = wlan0
03-22 16:32:49.940 27744 27744 I wpa_supplicant: doStringCommandInternal ret = 0 reply = 300000,297708,450000,450000,3,10000,78000,11,156,229636,10000,78000,10,0,160917
03-22 16:32:50.951 27744 27744 I wpa_supplicant: doCommand rule = GET_RATE_STATS  ifaceName = wlan0
03-22 16:32:50.952 27744 27744 I wpa_supplicant: doStringCommandInternal ret = 0 reply = 300000,299763,450000,450000,3,10000,78000,11,156,229653,10000,78000,10,0,160929
03-22 16:32:51.974 27744 27744 I wpa_supplicant: doCommand rule = GET_RATE_STATS  ifaceName = wlan0
03-22 16:32:51.974 27744 27744 I wpa_supplicant: doStringCommandInternal ret = 0 reply = 300000,299763,450000,450000,3,10000,78000,11,156,229653,10000,78000,10,0,160929
03-22 16:32:52.986 27744 27744 I wpa_supplicant: doCommand rule = GET_RATE_STATS  ifaceName = wlan0
03-22 16:32:52.987 27744 27744 I wpa_supplicant: doStringCommandInternal ret = 0 reply = 300000,299793,450000,450000,3,10000,78000,11,156,229654,10000,78000,10,0,160930
03-22 16:32:53.778 12050 12050 I artd    : GetBestInfo: odex next to the dex file (/data/app/~~b3DUi0w44i8VxlFJrUfu-w==/com.supercell.clashroyale-Dl6gI6fMvPp0w5XpZ3YNbw==/oat/arm64/base.odex) is kOatUpToDate with filter 'speed-profile' executable 'false'
03-22 16:32:53.783 14485 14485 I ell.clashroyale: Using CollectorTypeCC GC.
03-22 16:32:53.809 14485 14485 E ell.clashroyale: BBinder_init Processname  com.supercell.clashroyale  
03-22 16:32:53.809 14485 14485 E ell.clashroyale: BBinder_init hasGetProcessName  com.supercell.clashroyale
03-22 16:32:53.842 14485 14485 W ell.clashroyale: Failed to find entry 'classes.dex': Entry not found
03-22 16:32:53.842 14485 14485 W ell.clashroyale: Failed to find entry 'classes.dex': Entry not found
03-22 16:32:53.842 14485 14485 W ell.clashroyale: Failed to find entry 'classes.dex': Entry not found
03-22 16:32:53.843 14485 14485 W ell.clashroyale: Failed to find entry 'classes.dex': Entry not found
03-22 16:32:53.843 14485 14485 W ell.clashroyale: Failed to find entry 'classes.dex': Entry not found
03-22 16:32:53.843 14485 14485 W ell.clashroyale: Failed to find entry 'classes.dex': Entry not found
03-22 16:32:53.843 14485 14485 W ell.clashroyale: Failed to find entry 'classes.dex': Entry not found
03-22 16:32:53.843 14485 14485 W ell.clashroyale: Failed to find entry 'classes.dex': Entry not found
03-22 16:32:53.843 14485 14485 W ell.clashroyale: Failed to find entry 'classes.dex': Entry not found
03-22 16:32:53.843 14485 14485 W ell.clashroyale: Failed to find entry 'classes.dex': Entry not found
03-22 16:32:53.844 14485 14485 W ell.clashroyale: Failed to find entry 'classes.dex': Entry not found
03-22 16:32:53.891 12050 12050 I artd    : GetBestInfo: odex in dalvik-cache (/data/dalvik-cache/arm64/system@app@GameCube@GameCube.apk@classes.dex) is kOatUpToDate with filter 'speed-profile' executable 'false'
03-22 16:32:53.907 14546 14546 I ube:assistantui: Using CollectorTypeCC GC.
03-22 16:32:53.919 14546 14546 E ube:assistantui: BBinder_init Processname  <pre-initialized>  
03-22 16:32:53.919 14546 14546 E ube:assistantui: BBinder_init hasGetProcessName  <pre-initialized>
03-22 16:32:53.936 14485 14485 W libc    : Access denied finding property "ro.debuggable"
03-22 16:32:53.936 14485 14485 W libc    : Access denied finding property "ro.secure"
03-22 16:32:53.942 14485 14485 W libc    : Access denied finding property "ro.bootimage.build.fingerprint"
03-22 16:32:53.942 14485 14485 W libc    : Access denied finding property "qemu.hw.mainkeys"
03-22 16:32:53.942 14485 14485 W libc    : Access denied finding property "qemu.sf.lcd_density"
03-22 16:32:53.942 14485 14485 W libc    : Access denied finding property "vendor.qemu.sf.fake_camera"
03-22 16:32:53.942 14485 14485 W libc    : Access denied finding property "vendor.qemu.timezone"
03-22 16:32:53.942 14485 14485 W libc    : Access denied finding property "ro.boot.serialno"
03-22 16:32:53.943 14485 14485 W libc    : Access denied finding property "ro.boot.serialno"
03-22 16:32:53.943 14485 14485 W libc    : Access denied finding property "init.svc.vendor.light-rockchip"
03-22 16:32:53.943 14485 14485 W libc    : Access denied finding property "init.svc_debug_pid.vendor.light-rockchip"
03-22 16:32:53.943 14485 14485 W libc    : Access denied finding property "init.svc_debug_pid.vendor.rknn-1-0"
03-22 16:32:53.943 14485 14485 W libc    : Access denied finding property "khungtask.enable"
03-22 16:32:53.943 14485 14485 W libc    : Access denied finding property "ro.boottime.init.fsck.cache"
03-22 16:32:53.943 14485 14485 W libc    : Access denied finding property "ro.boottime.init.fsck.data"
03-22 16:32:53.943 14485 14485 W libc    : Access denied finding property "ro.boottime.init.fsck.scratch"
03-22 16:32:53.943 14485 14485 W libc    : Access denied finding property "ro.boottime.mdnsd"
03-22 16:32:53.943 14485 14485 W libc    : Access denied finding property "ro.boottime.media.swcodec"
03-22 16:32:53.943 14485 14485 W libc    : Access denied finding property "ro.boottime.mgysocks5"
03-22 16:32:53.943 14485 14485 W libc    : Access denied finding property "ro.boottime.rknn_server"
03-22 16:32:53.943 14485 14485 W libc    : Access denied finding property "ro.boottime.rockchip_udc_detector"
03-22 16:32:53.943 14485 14485 W libc    : Access denied finding property "vendor.cam.librkaiq.ver"
03-22 16:32:53.943 14485 14485 W libc    : Access denied finding property "vendor.cam.librkaiqCalib.ver"
03-22 16:32:53.943 14485 14485 W libc    : Access denied finding property "vendor.ghwc.version"
03-22 16:32:53.959 14485 14485 I ell.clashroyale: AssetManager2(0xb4000071601467d8) locale list changing from [] to [en-US]
03-22 16:32:53.961 14485 14485 W VSPA    : Jni_setThreadSpeed write data pid = 14485, tid = 0, start = 1
03-22 16:32:53.961 14485 14485 W VSPA    : Jni_setThreadSpeed write data pid = 14485, tid = 0, start = 0
03-22 16:32:53.977 14485 14485 W VSPA    : Jni_setThreadSpeed write data pid = 14485, tid = 0, start = 1
03-22 16:32:53.977 14485 14485 W VSPA    : Jni_setThreadSpeed write data pid = 14485, tid = 14610, start = 0
03-22 16:32:53.984 14485 14485 W VSPA    : Jni_setThreadSpeed write data pid = 14485, tid = 0, start = 1
03-22 16:32:53.984 14485 14485 W VSPA    : Jni_setThreadSpeed write data pid = 14485, tid = 0, start = 0
03-22 16:32:53.991 14485 14485 W VSPA    : Jni_setThreadSpeed write data pid = 14485, tid = 0, start = 1
03-22 16:32:53.991 14485 14485 W VSPA    : Jni_setThreadSpeed write data pid = 14485, tid = 0, start = 0
03-22 16:32:53.996 27744 27744 I wpa_supplicant: doCommand rule = GET_RATE_STATS  ifaceName = wlan0
03-22 16:32:53.996 27744 27744 I wpa_supplicant: doStringCommandInternal ret = 0 reply = 300000,299861,450000,450000,3,10000,78000,11,156,229657,10000,78000,10,0,160933
03-22 16:32:54.021 14485 14611 W ell.clashroyale: ClassLoaderContext classpath size mismatch. expected=1, found=0 (DLC[];PCL[base.apk*2249926499]{PCL[/system/framework/org.apache.http.legacy.jar*3639482607]#PCL[/system/framework/com.android.location.provider.jar*1570284764]#PCL[/system/framework/com.android.media.remotedisplay.jar*487574312]#PCL[/system_ext/framework/com.android.extensions.appfunctions.jar*2880224042]#PCL[/system_ext/framework/androidx.window.extensions.jar*2114238010]#PCL[/system_ext/framework/androidx.window.sidecar.jar*780617514]} | DLC[];PCL[])
03-22 16:32:54.040 14546 14546 I ube:assistantui: AssetManager2(0xb400007160122bf8) locale list changing from [] to [en-US]
03-22 16:32:54.113 14546 14546 E ashmem  : Pinning is deprecated since Android Q. Please use trim or other methods.
03-22 16:32:54.150 14546 14546 E EventBus: Could not dispatch event: class com.vivo.gameassistant.entity.ReceiverEvent to subscribing class class com.vivo.gameassistant.t
03-22 16:32:54.150 14546 14546 E EventBus: java.lang.NullPointerException: Attempt to invoke virtual method 'java.lang.String com.vivo.gameassistant.FuncParam.g()' on a null object reference
03-22 16:32:54.150 14546 14546 E EventBus: 	at com.vivo.gameassistant.utils.f0.i0(Unknown Source:43)
03-22 16:32:54.150 14546 14546 E EventBus: 	at com.vivo.gameassistant.o.P1(Unknown Source:9)
03-22 16:32:54.150 14546 14546 E EventBus: 	at com.vivo.gameassistant.o.onReceiveSystemBroadCast(Unknown Source:174)
03-22 16:32:54.150 14546 14546 E EventBus: 	at java.lang.reflect.Method.invoke(Native Method)
03-22 16:32:54.150 14546 14546 E EventBus: 	at yj.c.h(Unknown Source:10)
03-22 16:32:54.150 14546 14546 E EventBus: 	at yj.c.o(Unknown Source:71)
03-22 16:32:54.150 14546 14546 E EventBus: 	at yj.c.m(Unknown Source:42)
03-22 16:32:54.150 14546 14546 E EventBus: 	at yj.c.l(Unknown Source:26)
03-22 16:32:54.150 14546 14546 E EventBus: 	at yj.c.k(Unknown Source:50)
03-22 16:32:54.150 14546 14546 E EventBus: 	at com.vivo.gameassistant.u.a(Unknown Source:53)
03-22 16:32:54.150 14546 14546 E EventBus: 	at com.vivo.gameassistant.receiver.AssistantReceiver.onReceive(Unknown Source:4)
03-22 16:32:54.150 14546 14546 E EventBus: 	at android.app.LoadedApk$ReceiverDispatcher$Args.lambda$getRunnable$0(LoadedApk.java:1893)
03-22 16:32:54.150 14546 14546 E EventBus: 	at android.app.LoadedApk$ReceiverDispatcher$Args.$r8$lambda$mcNAAl1SQ4MyJPyDg8TJ2x2h0Rk(Unknown Source:0)
03-22 16:32:54.150 14546 14546 E EventBus: 	at android.app.LoadedApk$ReceiverDispatcher$Args$$ExternalSyntheticLambda0.run(D8$$SyntheticClass:0)
03-22 16:32:54.150 14546 14546 E EventBus: 	at android.os.Handler.handleCallback(Handler.java:1051)
03-22 16:32:54.150 14546 14546 E EventBus: 	at android.os.Handler.dispatchMessage(Handler.java:107)
03-22 16:32:54.150 14546 14546 E EventBus: 	at android.os.Looper.loopOnce(Looper.java:266)
03-22 16:32:54.150 14546 14546 E EventBus: 	at android.os.Looper.loop(Looper.java:361)
03-22 16:32:54.150 14546 14546 E EventBus: 	at android.app.ActivityThread.main(ActivityThread.java:10345)
03-22 16:32:54.150 14546 14546 E EventBus: 	at java.lang.reflect.Method.invoke(Native Method)
03-22 16:32:54.150 14546 14546 E EventBus: 	at com.android.internal.os.RuntimeInit$MethodAndArgsCaller.run(RuntimeInit.java:675)
03-22 16:32:54.150 14546 14546 E EventBus: 	at com.android.internal.os.ZygoteInit.main(ZygoteInit.java:1002)
