03-22 16:04:48.899 24238 24341 E ActivityThread: Failed to find provider info for com.mars.united.international.ads
03-22 16:04:49.391 24238 24238 V ResourcesManager: The following library key has been added: ResourcesKey{ mHash=1491b525 mResDir=null mSplitDirs=[] mOverlayDirs=[] mLibDirs=[/data/app/~~f7fWPxrk0v2HCtWbboqFMw==/com.google.android.webview-ujClAGPqRs_hXFklCvK6vQ==/base.apk,/system/framework/android.test.base.jar] mDisplayId=0 mOverrideConfig=v36 mCompatInfo={480dpi always-compat} mLoaders=[]}
03-22 16:04:49.638 24238 24238 I DisplayManager: Implicitly registering for refresh rate
03-22 16:04:49.696 24474 24474 D VgcUtil : getFile name :theme_dir_path not exit in vgc_path_config.xml
03-22 16:04:49.697 24474 24474 D VgcUtil : getFile name :theme_dir_path not exit in vgc_path_config.xml
03-22 16:04:49.701 24474 24474 D VgcUtil : getFile name :theme_dir_path not exit in vgc_path_config.xml
03-22 16:04:50.339 24238 24473 V Configuration: Updating configuration, locales updated from [en_US] to [en]
03-22 16:04:52.599 24238 24473 V Configuration: Updating configuration, locales updated from [en_US] to [en]
03-22 16:04:54.119 24238 24780 V Configuration: Updating configuration, locales updated from [en_US] to [en]
03-22 16:05:39.622  2726  5968 D BatteryStatsService: noteVideoSurfaceChanged  noteWhich: 49,arg1: 883, arg2: 431, arg3: 13011, arg4: 72113475857428241, name: com.whatsapp
03-22 16:05:39.702  2726  5676 D AutofillSession: createPendingIntent for request 2326
03-22 16:05:39.728  2726  5968 D BatteryStatsService: noteVideoSurfaceChanged  noteWhich: 49,arg1: 883, arg2: 431, arg3: 13011, arg4: 72113475857428241, name: com.whatsapp
03-22 16:05:39.730  2726  5676 D BatteryStatsService: noteVideoSurfaceChanged  noteWhich: 49,arg1: 874, arg2: 427, arg3: 13011, arg4: 72113475857428241, name: com.whatsapp
03-22 16:05:39.737  2726  5676 D BatteryStatsService: noteVideoSurfaceChanged  noteWhich: 49,arg1: 874, arg2: 427, arg3: 13011, arg4: 72113475857428241, name: com.whatsapp
03-22 16:05:39.743  2726  5968 D BatteryStatsService: noteVideoSurfaceChanged  noteWhich: 49,arg1: -1, arg2: -1, arg3: 13011, arg4: 72113475857428241, name: com.whatsapp
03-22 16:05:39.855  2726  5820 D BatteryStatsService: noteVideoSurfaceChanged  noteWhich: 49,arg1: 883, arg2: 431, arg3: 13011, arg4: 72113475857428241, name: com.whatsapp
03-22 16:05:39.909  2726  5604 D BatteryStatsService: noteVideoSurfaceChanged  noteWhich: 49,arg1: -1, arg2: -1, arg3: 5547, arg4: 72081418221519362, name: com.vivo.systemuiplugin
03-22 16:05:40.621  2726  5845 D BatteryStatsService: noteVideoSurfaceChanged  noteWhich: 49,arg1: -1, arg2: -1, arg3: 5826, arg4: 72082616517402921, name: com.vivo.fingerprintui
03-22 16:06:03.112  2037  2037 D ActivityThread: Package [com.facebook.katana] reported as REPLACED, but missing application info. Assuming REMOVED.
03-22 16:06:03.113  2037  2037 D ActivityThread: Package [com.facebook.katana] reported as REPLACED, but missing application info. Assuming REMOVED.
03-22 16:06:03.114  2037  2037 D ActivityThread: Package [com.facebook.katana] reported as REPLACED, but missing application info. Assuming REMOVED.
03-22 16:06:10.047  2726  6010 D BatteryStatsService: noteVideoSurfaceChanged  noteWhich: 49,arg1: 856, arg2: 656, arg3: 5826, arg4: 72082616517402927, name: com.vivo.fingerprintui
03-22 16:06:10.053  2726  5604 D BatteryStatsService: noteVideoSurfaceChanged  noteWhich: 49,arg1: 856, arg2: 656, arg3: 5826, arg4: 72082616517402927, name: com.vivo.fingerprintui
03-22 16:06:10.080  2726  5742 D BatteryStatsService: noteVideoSurfaceChanged  noteWhich: 49,arg1: -2, arg2: -1, arg3: 13011, arg4: 72113475857428241, name: com.whatsapp
03-22 16:06:10.379  2726  5845 D BatteryStatsService: noteVideoSurfaceChanged  noteWhich: 49,arg1: -2, arg2: -1, arg3: 13011, arg4: 72113475857428241, name: com.whatsapp
03-22 16:06:15.428  2726  5742 D BatteryStatsService: noteVideoSurfaceChanged  noteWhich: 49,arg1: 1260, arg2: 2800, arg3: 5547, arg4: 72081418221519362, name: com.vivo.systemuiplugin
03-22 16:06:15.448  2726  6002 D BatteryStatsService: noteVideoSurfaceChanged  noteWhich: 49,arg1: 1260, arg2: 2800, arg3: 5547, arg4: 72081418221519362, name: com.vivo.systemuiplugin
03-22 16:07:15.791  2726  5619 D BatteryStatsService: noteVideoSurfaceChanged  noteWhich: 49,arg1: 883, arg2: 431, arg3: 13011, arg4: 72113475857428241, name: com.whatsapp
03-22 16:07:16.058  2726  3138 D BatteryStatsService: noteVideoSurfaceChanged  noteWhich: 49,arg1: -1, arg2: -1, arg3: 5547, arg4: 72081418221519362, name: com.vivo.systemuiplugin
03-22 16:07:16.154  2726  5720 D BatteryStatsService: noteVideoSurfaceChanged  noteWhich: 49,arg1: 883, arg2: 431, arg3: 13011, arg4: 72113475857428241, name: com.whatsapp
03-22 16:07:16.160  2726  5822 D BatteryStatsService: noteVideoSurfaceChanged  noteWhich: 49,arg1: 874, arg2: 427, arg3: 13011, arg4: 72113475857428241, name: com.whatsapp
03-22 16:07:16.160  2726  5992 D BatteryStatsService: noteVideoSurfaceChanged  noteWhich: 49,arg1: 874, arg2: 427, arg3: 13011, arg4: 72113475857428241, name: com.whatsapp
03-22 16:07:16.166  2726  3138 D BatteryStatsService: noteVideoSurfaceChanged  noteWhich: 49,arg1: -1, arg2: -1, arg3: 13011, arg4: 72113475857428241, name: com.whatsapp
03-22 16:07:16.249  2726  5992 D BatteryStatsService: noteVideoSurfaceChanged  noteWhich: 49,arg1: 883, arg2: 431, arg3: 13011, arg4: 72113475857428241, name: com.whatsapp
03-22 16:07:16.809  2726  3276 D BatteryStatsService: noteVideoSurfaceChanged  noteWhich: 49,arg1: -2, arg2: -1, arg3: 13011, arg4: 72113475857428241, name: com.whatsapp
03-22 16:07:16.834  2726  3276 D BatteryStatsService: noteVideoSurfaceChanged  noteWhich: 49,arg1: -1, arg2: -1, arg3: 5826, arg4: 72082616517402927, name: com.vivo.fingerprintui
03-22 16:07:17.176 13011 13011 D InsetsController: Setting requestedVisibleTypes to -5129 (was -5121)
03-22 16:07:17.201  2726  5822 D BatteryStatsService: noteVideoSurfaceChanged  noteWhich: 49,arg1: -2, arg2: -1, arg3: 13011, arg4: 72113475857428241, name: com.whatsapp
03-22 16:07:20.170  2037  2037 D InsetsController: Setting requestedVisibleTypes to -5121 (was -5129)
03-22 16:07:20.182  2726  5968 D AutofillSession: Primary service component name: ComponentInfo{com.google.android.gms/com.google.android.gms.autofill.service.AutofillService}, secondary service component name: ComponentInfo{com.android.credentialmanager/com.android.credentialmanager.autofill.CredentialAutofillService}
03-22 16:07:20.195  2726  5819 D AutofillSession: createPendingIntent for request 2328
03-22 16:07:20.334  2726  2726 D AutofillSession: clearPendingIntentLocked
03-22 16:07:27.610  2037  2037 D InsetsController: Setting requestedVisibleTypes to -5129 (was -5121)
03-22 16:07:31.012  2726  5968 D BatteryStatsService: noteVideoSurfaceChanged  noteWhich: 49,arg1: 1212, arg2: 682, arg3: 2037, arg4: 72066342886313002, name: com.google.android.youtube
03-22 16:07:31.019  2726  5968 D BatteryStatsService: noteVideoSurfaceChanged  noteWhich: 49,arg1: 1212, arg2: 682, arg3: 2037, arg4: 72066342886313002, name: com.google.android.youtube
03-22 16:07:31.138  2726  6002 D BatteryStatsService: noteVideoSurfaceChanged  noteWhich: 49,arg1: 640, arg2: 360, arg3: 2037, arg4: 72066342886313002, name: com.google.android.youtube
03-22 16:07:31.141  2726  5968 D BatteryStatsService: noteVideoSurfaceChanged  noteWhich: 49,arg1: 1212, arg2: 682, arg3: 2037, arg4: 72066342886313002, name: com.google.android.youtube
03-22 16:07:32.511  2037  2037 D InsetsController: Setting requestedVisibleTypes to -5121 (was -5129)
03-22 16:07:32.525  2726  6002 D AutofillSession: Primary service component name: ComponentInfo{com.google.android.gms/com.google.android.gms.autofill.service.AutofillService}, secondary service component name: ComponentInfo{com.android.credentialmanager/com.android.credentialmanager.autofill.CredentialAutofillService}
03-22 16:07:32.568  2726  5740 D AutofillSession: createPendingIntent for request 2330
03-22 16:07:32.577  2726  5822 D BatteryStatsService: noteVideoSurfaceChanged  noteWhich: 49,arg1: 1212, arg2: 682, arg3: 2037, arg4: 72066342886313002, name: com.google.android.youtube
03-22 16:07:32.587  2726  5968 D BatteryStatsService: noteVideoSurfaceChanged  noteWhich: 49,arg1: -1, arg2: -1, arg3: 2037, arg4: 72066342886313002, name: com.google.android.youtube
03-22 16:07:32.656  2726  2726 D AutofillSession: clearPendingIntentLocked
03-22 16:07:34.035  2037  2037 D InsetsController: Setting requestedVisibleTypes to -5129 (was -5121)
03-22 16:07:36.404  2726  5619 D BatteryStatsService: noteVideoSurfaceChanged  noteWhich: 49,arg1: 1212, arg2: 682, arg3: 2037, arg4: 72066342886313256, name: com.google.android.youtube
03-22 16:07:36.415  2726  5845 D BatteryStatsService: noteVideoSurfaceChanged  noteWhich: 49,arg1: 1212, arg2: 682, arg3: 2037, arg4: 72066342886313256, name: com.google.android.youtube
03-22 16:07:36.459  2726  5845 D BatteryStatsService: noteVideoSurfaceChanged  noteWhich: 49,arg1: 1280, arg2: 720, arg3: 2037, arg4: 72066342886313256, name: com.google.android.youtube
03-22 16:07:36.471  2726  5845 D BatteryStatsService: noteVideoSurfaceChanged  noteWhich: 49,arg1: 1212, arg2: 682, arg3: 2037, arg4: 72066342886313256, name: com.google.android.youtube
03-22 16:07:37.002  2726  5822 D BatteryStatsService: noteVideoSurfaceChanged  noteWhich: 49,arg1: 1212, arg2: 682, arg3: 2037, arg4: 72066342886313256, name: com.google.android.youtube
03-22 16:07:37.012  2726  5619 D BatteryStatsService: noteVideoSurfaceChanged  noteWhich: 49,arg1: -1, arg2: -1, arg3: 2037, arg4: 72066342886313256, name: com.google.android.youtube
03-22 16:07:37.622  2726  3276 D BatteryStatsService: noteVideoSurfaceChanged  noteWhich: 49,arg1: 856, arg2: 656, arg3: 5826, arg4: 72082616517402933, name: com.vivo.fingerprintui
03-22 16:07:37.631  2726  3276 D BatteryStatsService: noteVideoSurfaceChanged  noteWhich: 49,arg1: 856, arg2: 656, arg3: 5826, arg4: 72082616517402933, name: com.vivo.fingerprintui
03-22 16:07:37.905  2726  5720 D BatteryStatsService: noteVideoSurfaceChanged  noteWhich: 49,arg1: 1260, arg2: 2800, arg3: 5547, arg4: 72081418221519362, name: com.vivo.systemuiplugin
03-22 16:07:37.916  2726  3138 D BatteryStatsService: noteVideoSurfaceChanged  noteWhich: 49,arg1: 1260, arg2: 2800, arg3: 5547, arg4: 72081418221519362, name: com.vivo.systemuiplugin
03-22 16:07:39.138 23301  4337 I AlwaysOnHotwordDetector: onRejected
03-22 16:07:39.140 23301 23628 I AlwaysOnHotwordDetector: handle message 6
03-22 16:10:07.003  2726  5604 D AutofillSession: clearPendingIntentLocked
03-22 16:10:07.067  2726  5968 D BatteryStatsService: noteVideoSurfaceChanged  noteWhich: 49,arg1: -1, arg2: -1, arg3: 13011, arg4: 72113475857428241, name: com.whatsapp
03-22 16:10:07.082  2726  5720 D BatteryStatsService: noteVideoSurfaceChanged  noteWhich: 49,arg1: -1, arg2: -1, arg3: 5547, arg4: 72081418221519362, name: com.vivo.systemuiplugin
03-22 16:10:07.468  2726  5968 D BatteryStatsService: noteVideoSurfaceChanged  noteWhich: 49,arg1: 883, arg2: 431, arg3: 13011, arg4: 72113475857428626, name: com.whatsapp
03-22 16:10:08.069  2726  3276 D BatteryStatsService: noteVideoSurfaceChanged  noteWhich: 49,arg1: -1, arg2: -1, arg3: 5826, arg4: 72082616517402933, name: com.vivo.fingerprintui
03-22 16:10:09.665  2726  3276 D BatteryStatsService: noteVideoSurfaceChanged  noteWhich: 49,arg1: 883, arg2: 883, arg3: 13011, arg4: 72113475857428640, name: com.whatsapp
03-22 16:10:10.201 27181 27356 V ResourcesManager: The following library key has been added: ResourcesKey{ mHash=1491b525 mResDir=null mSplitDirs=[] mOverlayDirs=[] mLibDirs=[/data/app/~~f7fWPxrk0v2HCtWbboqFMw==/com.google.android.webview-ujClAGPqRs_hXFklCvK6vQ==/base.apk,/system/framework/android.test.base.jar] mDisplayId=0 mOverrideConfig=v36 mCompatInfo={480dpi always-compat} mLoaders=[]}
03-22 16:10:10.486 27181 27181 I DisplayManager: Implicitly registering for refresh rate
03-22 16:10:10.561 27427 27427 D VgcUtil : getFile name :theme_dir_path not exit in vgc_path_config.xml
03-22 16:10:10.563 27427 27427 D VgcUtil : getFile name :theme_dir_path not exit in vgc_path_config.xml
03-22 16:10:10.567 27427 27427 D VgcUtil : getFile name :theme_dir_path not exit in vgc_path_config.xml
03-22 16:10:10.591 27181 27320 V Configuration: Updating configuration, locales updated from [en_US] to [en]
03-22 16:10:14.102  2726  5773 D BatteryStatsService: noteVideoSurfaceChanged  noteWhich: 49,arg1: -2, arg2: -1, arg3: 13011, arg4: 72113475857428626, name: com.whatsapp
03-22 16:10:14.103  2726  5773 D BatteryStatsService: noteVideoSurfaceChanged  noteWhich: 49,arg1: -2, arg2: -1, arg3: 13011, arg4: 72113475857428640, name: com.whatsapp
03-22 16:10:14.167  2726  5604 D BatteryStatsService: noteVideoSurfaceChanged  noteWhich: 49,arg1: -2, arg2: -1, arg3: 13011, arg4: 72113475857428626, name: com.whatsapp
03-22 16:10:14.167  2726  5604 D BatteryStatsService: noteVideoSurfaceChanged  noteWhich: 49,arg1: -2, arg2: -1, arg3: 13011, arg4: 72113475857428640, name: com.whatsapp
03-22 16:10:14.969  2726  5604 D BatteryStatsService: noteVideoSurfaceChanged  noteWhich: 49,arg1: -1, arg2: -1, arg3: 13011, arg4: 72113475857428626, name: com.whatsapp
03-22 16:10:14.969  2726  5604 D BatteryStatsService: noteVideoSurfaceChanged  noteWhich: 49,arg1: -1, arg2: -1, arg3: 13011, arg4: 72113475857428640, name: com.whatsapp
03-22 16:11:47.956 16982 16982 D ActivityThread: Package [com.facebook.katana] reported as REPLACED, but missing application info. Assuming REMOVED.
03-22 16:11:47.987 16982 16982 D ActivityThread: Package [com.facebook.katana] reported as REPLACED, but missing application info. Assuming REMOVED.
03-22 16:11:47.988 16982 16982 D ActivityThread: Package [com.facebook.katana] reported as REPLACED, but missing application info. Assuming REMOVED.
03-22 16:11:47.990 20114 20114 D ActivityThread: Package [com.facebook.katana] reported as REPLACED, but missing application info. Assuming REMOVED.
03-22 16:11:47.991 20114 20114 D ActivityThread: Package [com.facebook.katana] reported as REPLACED, but missing application info. Assuming REMOVED.
03-22 16:11:47.991 20114 20114 D ActivityThread: Package [com.facebook.katana] reported as REPLACED, but missing application info. Assuming REMOVED.
03-22 16:11:48.144 29228 29228 D ActivityThread: Package [com.facebook.katana] reported as REPLACED, but missing application info. Assuming REMOVED.
03-22 16:11:48.149 12429 12429 D ActivityThread: Package [com.facebook.katana] reported as REPLACED, but missing application info. Assuming REMOVED.
03-22 16:11:48.156 29228 29228 D ActivityThread: Package [com.facebook.katana] reported as REPLACED, but missing application info. Assuming REMOVED.
03-22 16:11:48.156 29228 29228 D ActivityThread: Package [com.facebook.katana] reported as REPLACED, but missing application info. Assuming REMOVED.
03-22 16:11:48.157 12429 12429 D ActivityThread: Package [com.facebook.katana] reported as REPLACED, but missing application info. Assuming REMOVED.
03-22 16:11:48.158 12429 12429 D ActivityThread: Package [com.facebook.katana] reported as REPLACED, but missing application info. Assuming REMOVED.
03-22 16:12:12.077 29324 29324 I AconfigFlags: Using new flag storage
03-22 16:12:12.081 29324 29324 V Configuration: Updating configuration, locales updated from [] to [en_US]
03-22 16:12:12.094 29324 29354 V Configuration: Updating configuration, locales updated from [] to [en_US]
03-22 16:14:00.078 17767 17767 D ActivityThread: Package [com.facebook.katana] reported as REPLACED, but missing application info. Assuming REMOVED.
03-22 16:14:00.083 19013 19013 D ActivityThread: Package [com.facebook.katana] reported as REPLACED, but missing application info. Assuming REMOVED.
03-22 16:14:00.083 19013 19013 D ActivityThread: Package [com.facebook.katana] reported as REPLACED, but missing application info. Assuming REMOVED.
03-22 16:14:00.084 17767 17767 D ActivityThread: Package [com.facebook.katana] reported as REPLACED, but missing application info. Assuming REMOVED.
03-22 16:14:00.084 19013 19013 D ActivityThread: Package [com.facebook.katana] reported as REPLACED, but missing application info. Assuming REMOVED.
03-22 16:14:00.084 17767 17767 D ActivityThread: Package [com.facebook.katana] reported as REPLACED, but missing application info. Assuming REMOVED.
03-22 16:14:43.268 14580 14580 D ActivityThread: Package [com.facebook.katana] reported as REPLACED, but missing application info. Assuming REMOVED.
03-22 16:14:43.270 14580 14580 D ActivityThread: Package [com.facebook.katana] reported as REPLACED, but missing application info. Assuming REMOVED.
03-22 16:14:43.270 14580 14580 D ActivityThread: Package [com.facebook.katana] reported as REPLACED, but missing application info. Assuming REMOVED.
03-22 16:14:43.316 12054 12054 D ActivityThread: Package [com.facebook.katana] reported as REPLACED, but missing application info. Assuming REMOVED.
03-22 16:14:43.317 12054 12054 D ActivityThread: Package [com.facebook.katana] reported as REPLACED, but missing application info. Assuming REMOVED.
03-22 16:14:43.320 12054 12054 D ActivityThread: Package [com.facebook.katana] reported as REPLACED, but missing application info. Assuming REMOVED.
03-22 16:15:13.460 30740 31206 I DisplayManager: Choreographer implicitly registered for the refresh rate.
03-22 16:15:13.838  2726  5619 D BatteryStatsService: noteVideoSurfaceChanged  noteWhich: 49,arg1: 883, arg2: 883, arg3: 30740, arg4: 72189621332607330, name: com.whatsapp
03-22 16:15:15.639  2726  5661 D BatteryStatsService: noteVideoSurfaceChanged  noteWhich: 49,arg1: 1260, arg2: 2800, arg3: 30740, arg4: 72189621332607436, name: com.whatsapp
03-22 16:15:15.641  2726  5661 D BatteryStatsService: noteVideoSurfaceChanged  noteWhich: 49,arg1: 1260, arg2: 2800, arg3: 30740, arg4: 72189621332607436, name: com.whatsapp
03-22 16:15:17.657  2726  6265 D BatteryStatsService: noteVideoSurfaceChanged  noteWhich: 49,arg1: 1260, arg2: 2800, arg3: 30740, arg4: 72189621332607436, name: com.whatsapp
03-22 16:15:17.666  2726  6265 D BatteryStatsService: noteVideoSurfaceChanged  noteWhich: 49,arg1: 1260, arg2: 2800, arg3: 30740, arg4: 72189621332607436, name: com.whatsapp
03-22 16:15:17.674  2726  6265 D BatteryStatsService: noteVideoSurfaceChanged  noteWhich: 49,arg1: 1260, arg2: 2800, arg3: 30740, arg4: 72189621332607436, name: com.whatsapp
03-22 16:15:17.683  2726  5771 D BatteryStatsService: noteVideoSurfaceChanged  noteWhich: 49,arg1: 1260, arg2: 2800, arg3: 30740, arg4: 72189621332607436, name: com.whatsapp
03-22 16:15:17.691  2726  5562 D BatteryStatsService: noteVideoSurfaceChanged  noteWhich: 49,arg1: 1260, arg2: 2800, arg3: 30740, arg4: 72189621332607436, name: com.whatsapp
03-22 16:15:17.700  2726  5562 D BatteryStatsService: noteVideoSurfaceChanged  noteWhich: 49,arg1: 1260, arg2: 2800, arg3: 30740, arg4: 72189621332607436, name: com.whatsapp
03-22 16:15:17.709  2726  5562 D BatteryStatsService: noteVideoSurfaceChanged  noteWhich: 49,arg1: 1260, arg2: 2800, arg3: 30740, arg4: 72189621332607436, name: com.whatsapp
03-22 16:15:17.714  2726  6265 D BatteryStatsService: noteVideoSurfaceChanged  noteWhich: 49,arg1: 1260, arg2: 2800, arg3: 30740, arg4: 72189621332607436, name: com.whatsapp
03-22 16:15:17.722  2726  5562 D BatteryStatsService: noteVideoSurfaceChanged  noteWhich: 49,arg1: 1260, arg2: 2800, arg3: 30740, arg4: 72189621332607436, name: com.whatsapp
03-22 16:15:17.732  2726  5562 D BatteryStatsService: noteVideoSurfaceChanged  noteWhich: 49,arg1: 1260, arg2: 2800, arg3: 30740, arg4: 72189621332607436, name: com.whatsapp
03-22 16:15:18.116  2726  5821 D BatteryStatsService: noteVideoSurfaceChanged  noteWhich: 49,arg1: -1, arg2: -1, arg3: 30740, arg4: 72189621332607436, name: com.whatsapp
03-22 16:15:18.571  2726  5821 D AutofillSession: Primary service component name: ComponentInfo{com.google.android.gms/com.google.android.gms.autofill.service.AutofillService}, secondary service component name: ComponentInfo{com.android.credentialmanager/com.android.credentialmanager.autofill.CredentialAutofillService}
03-22 16:15:18.576 30740 30740 D InsetsController: Setting requestedVisibleTypes to -5121 (was -5129)
03-22 16:15:24.837  2726  5562 D AutofillSession: clearPendingIntentLocked
03-22 16:15:24.839  2726  5562 D AutofillSession: Primary service component name: ComponentInfo{com.google.android.gms/com.google.android.gms.autofill.service.AutofillService}, secondary service component name: ComponentInfo{com.android.credentialmanager/com.android.credentialmanager.autofill.CredentialAutofillService}
03-22 16:15:58.581  2726  5562 D BatteryStatsService: noteVideoSurfaceChanged  noteWhich: 49,arg1: 856, arg2: 656, arg3: 5826, arg4: 72082616517402939, name: com.vivo.fingerprintui
03-22 16:15:58.585  2726  5619 D BatteryStatsService: noteVideoSurfaceChanged  noteWhich: 49,arg1: 856, arg2: 656, arg3: 5826, arg4: 72082616517402939, name: com.vivo.fingerprintui
03-22 16:16:03.991  2726  5740 D BatteryStatsService: noteVideoSurfaceChanged  noteWhich: 49,arg1: 1260, arg2: 2800, arg3: 5547, arg4: 72081418221519362, name: com.vivo.systemuiplugin
03-22 16:16:04.008  2726  5575 D BatteryStatsService: noteVideoSurfaceChanged  noteWhich: 49,arg1: 1260, arg2: 2800, arg3: 5547, arg4: 72081418221519362, name: com.vivo.systemuiplugin
03-22 16:16:36.317  2726  6002 D AutofillSession: createPendingIntent for request 2332
03-22 16:16:36.523  2726  5967 D BatteryStatsService: noteVideoSurfaceChanged  noteWhich: 49,arg1: -1, arg2: -1, arg3: 5547, arg4: 72081418221519362, name: com.vivo.systemuiplugin
03-22 16:16:37.301  2726  5968 D BatteryStatsService: noteVideoSurfaceChanged  noteWhich: 49,arg1: -1, arg2: -1, arg3: 5826, arg4: 72082616517402939, name: com.vivo.fingerprintui
03-22 16:16:38.720 30740 30740 D InsetsController: Setting requestedVisibleTypes to -5129 (was -5121)
03-22 16:17:15.057  2726  4221 D BatteryStatsService: noteVideoSurfaceChanged  noteWhich: 49,arg1: 856, arg2: 656, arg3: 5826, arg4: 72082616517402945, name: com.vivo.fingerprintui
03-22 16:17:15.069  2726  6107 D BatteryStatsService: noteVideoSurfaceChanged  noteWhich: 49,arg1: 856, arg2: 656, arg3: 5826, arg4: 72082616517402945, name: com.vivo.fingerprintui
03-22 16:17:20.415  2726  4221 D BatteryStatsService: noteVideoSurfaceChanged  noteWhich: 49,arg1: 1260, arg2: 2800, arg3: 5547, arg4: 72081418221519362, name: com.vivo.systemuiplugin
03-22 16:17:20.438  2726  4221 D BatteryStatsService: noteVideoSurfaceChanged  noteWhich: 49,arg1: 1260, arg2: 2800, arg3: 5547, arg4: 72081418221519362, name: com.vivo.systemuiplugin
03-22 16:18:12.914   497   646 I DisplayManager: Choreographer implicitly registered for the refresh rate.
03-22 16:18:13.364  2726  6010 D BatteryStatsService: noteVideoSurfaceChanged  noteWhich: 49,arg1: -1, arg2: -1, arg3: 5547, arg4: 72081418221519362, name: com.vivo.systemuiplugin
03-22 16:18:14.170  2726  5967 D BatteryStatsService: noteVideoSurfaceChanged  noteWhich: 49,arg1: -1, arg2: -1, arg3: 5826, arg4: 72082616517402945, name: com.vivo.fingerprintui
03-22 16:18:43.508  2726  5968 D BatteryStatsService: noteVideoSurfaceChanged  noteWhich: 49,arg1: 856, arg2: 656, arg3: 5826, arg4: 72082616517402951, name: com.vivo.fingerprintui
03-22 16:18:43.516  2726  3276 D BatteryStatsService: noteVideoSurfaceChanged  noteWhich: 49,arg1: 856, arg2: 656, arg3: 5826, arg4: 72082616517402951, name: com.vivo.fingerprintui
03-22 16:18:48.892  2726  5822 D BatteryStatsService: noteVideoSurfaceChanged  noteWhich: 49,arg1: 1260, arg2: 2800, arg3: 5547, arg4: 72081418221519362, name: com.vivo.systemuiplugin
03-22 16:18:48.928  2726  6010 D BatteryStatsService: noteVideoSurfaceChanged  noteWhich: 49,arg1: 1260, arg2: 2800, arg3: 5547, arg4: 72081418221519362, name: com.vivo.systemuiplugin
03-22 16:19:16.157  2726  5575 D BatteryStatsService: noteVideoSurfaceChanged  noteWhich: 49,arg1: -1, arg2: -1, arg3: 5547, arg4: 72081418221519362, name: com.vivo.systemuiplugin
03-22 16:19:16.967  2726  6107 D BatteryStatsService: noteVideoSurfaceChanged  noteWhich: 49,arg1: -1, arg2: -1, arg3: 5826, arg4: 72082616517402951, name: com.vivo.fingerprintui
03-22 16:19:20.386  2726  3276 D AutofillSession: clearPendingIntentLocked
03-22 16:19:20.408  2726  5604 D BatteryStatsService: noteVideoSurfaceChanged  noteWhich: 49,arg1: -1, arg2: -1, arg3: 30740, arg4: 72189621332607330, name: com.whatsapp
03-22 16:19:20.707  2726  4221 D BatteryStatsService: noteVideoSurfaceChanged  noteWhich: 49,arg1: 883, arg2: 883, arg3: 30740, arg4: 72189621332607920, name: com.whatsapp
03-22 16:19:23.122  2726  3276 D AutofillSession: Primary service component name: ComponentInfo{com.google.android.gms/com.google.android.gms.autofill.service.AutofillService}, secondary service component name: ComponentInfo{com.android.credentialmanager/com.android.credentialmanager.autofill.CredentialAutofillService}
03-22 16:19:23.132 30740 30740 D InsetsController: Setting requestedVisibleTypes to -5121 (was -5129)
03-22 16:19:26.738  2726  5821 D BatteryStatsService: noteVideoSurfaceChanged  noteWhich: 49,arg1: -1, arg2: -1, arg3: 30740, arg4: 72189621332607920, name: com.whatsapp
03-22 16:19:26.916  2726  6265 D AutofillSession: clearPendingIntentLocked
03-22 16:19:26.917  2726  6265 D AutofillSession: Primary service component name: ComponentInfo{com.google.android.gms/com.google.android.gms.autofill.service.AutofillService}, secondary service component name: ComponentInfo{com.android.credentialmanager/com.android.credentialmanager.autofill.CredentialAutofillService}
03-22 16:19:56.788  2726  5661 D BatteryStatsService: noteVideoSurfaceChanged  noteWhich: 49,arg1: 856, arg2: 656, arg3: 5826, arg4: 72082616517402957, name: com.vivo.fingerprintui
03-22 16:19:56.795  2726  4221 D BatteryStatsService: noteVideoSurfaceChanged  noteWhich: 49,arg1: 856, arg2: 656, arg3: 5826, arg4: 72082616517402957, name: com.vivo.fingerprintui
03-22 16:20:02.156  2726  5845 D BatteryStatsService: noteVideoSurfaceChanged  noteWhich: 49,arg1: 1260, arg2: 2800, arg3: 5547, arg4: 72081418221519362, name: com.vivo.systemuiplugin
03-22 16:20:02.176  2726  5845 D BatteryStatsService: noteVideoSurfaceChanged  noteWhich: 49,arg1: 1260, arg2: 2800, arg3: 5547, arg4: 72081418221519362, name: com.vivo.systemuiplugin
03-22 16:20:36.540  2726  6002 D AutofillSession: createPendingIntent for request 2334
03-22 16:20:36.750  2726  5714 D BatteryStatsService: noteVideoSurfaceChanged  noteWhich: 49,arg1: -1, arg2: -1, arg3: 5547, arg4: 72081418221519362, name: com.vivo.systemuiplugin
03-22 16:20:37.558  2726  6002 D BatteryStatsService: noteVideoSurfaceChanged  noteWhich: 49,arg1: -1, arg2: -1, arg3: 5826, arg4: 72082616517402957, name: com.vivo.fingerprintui
03-22 16:20:37.600 30740 30740 D InsetsController: Setting requestedVisibleTypes to -5129 (was -5121)
03-22 16:20:37.644  2726  5967 D BatteryStatsService: noteVideoSurfaceChanged  noteWhich: 49,arg1: -1, arg2: -1, arg3: 30740, arg4: 72189621332607920, name: com.whatsapp
03-22 16:20:37.732  2726  5967 D BatteryStatsService: noteVideoSurfaceChanged  noteWhich: 49,arg1: 883, arg2: 883, arg3: 30740, arg4: 72189621332607920, name: com.whatsapp
03-22 16:20:37.740  2726  5967 D AutofillSession: clearPendingIntentLocked
03-22 16:20:37.741  2726  5967 D AutofillSession: Primary service component name: ComponentInfo{com.google.android.gms/com.google.android.gms.autofill.service.AutofillService}, secondary service component name: ComponentInfo{com.android.credentialmanager/com.android.credentialmanager.autofill.CredentialAutofillService}
03-22 16:20:38.383  2726  5740 D BatteryStatsService: noteVideoSurfaceChanged  noteWhich: 49,arg1: -2, arg2: -1, arg3: 30740, arg4: 72189621332607920, name: com.whatsapp
03-22 16:20:39.077  2726  5742 D BatteryStatsService: noteVideoSurfaceChanged  noteWhich: 49,arg1: -2, arg2: -1, arg3: 30740, arg4: 72189621332607920, name: com.whatsapp
03-22 16:20:39.079  2726  5742 D AutofillSession: clearPendingIntentLocked
03-22 16:20:39.083  2726  5742 D BatteryStatsService: noteVideoSurfaceChanged  noteWhich: 49,arg1: -1, arg2: -1, arg3: 30740, arg4: 72189621332607920, name: com.whatsapp
03-22 16:20:41.333  2726  5740 D AutofillSession: Primary service component name: ComponentInfo{com.google.android.gms/com.google.android.gms.autofill.service.AutofillService}, secondary service component name: ComponentInfo{com.android.credentialmanager/com.android.credentialmanager.autofill.CredentialAutofillService}
03-22 16:20:41.341 30740 30740 D InsetsController: Setting requestedVisibleTypes to -5121 (was -5129)
03-22 16:20:48.327 30740 30740 D InsetsController: Setting requestedVisibleTypes to -5129 (was -5121)
03-22 16:20:49.407 30740 30740 D InsetsController: Setting requestedVisibleTypes to -5121 (was -5129)
03-22 16:21:26.357  2726  5968 D BatteryStatsService: noteVideoSurfaceChanged  noteWhich: 49,arg1: 856, arg2: 656, arg3: 5826, arg4: 72082616517402963, name: com.vivo.fingerprintui
03-22 16:21:26.364  2726  5820 D BatteryStatsService: noteVideoSurfaceChanged  noteWhich: 49,arg1: 856, arg2: 656, arg3: 5826, arg4: 72082616517402963, name: com.vivo.fingerprintui
03-22 16:21:31.415  2726  4222 D BatteryStatsService: noteVideoSurfaceChanged  noteWhich: 49,arg1: 1260, arg2: 2800, arg3: 5547, arg4: 72081418221519362, name: com.vivo.systemuiplugin
03-22 16:21:31.440  2726  4222 D BatteryStatsService: noteVideoSurfaceChanged  noteWhich: 49,arg1: 1260, arg2: 2800, arg3: 5547, arg4: 72081418221519362, name: com.vivo.systemuiplugin
03-22 16:22:06.342  2726  5820 D AutofillSession: createPendingIntent for request 2336
03-22 16:22:06.529  2726  5967 D BatteryStatsService: noteVideoSurfaceChanged  noteWhich: 49,arg1: -1, arg2: -1, arg3: 5547, arg4: 72081418221519362, name: com.vivo.systemuiplugin
03-22 16:22:07.273  2726  5575 D BatteryStatsService: noteVideoSurfaceChanged  noteWhich: 49,arg1: -1, arg2: -1, arg3: 5826, arg4: 72082616517402963, name: com.vivo.fingerprintui
03-22 16:22:17.724  2726  3276 D AutofillSession: clearPendingIntentLocked
03-22 16:22:17.726  2726  3276 D AutofillSession: Primary service component name: ComponentInfo{com.google.android.gms/com.google.android.gms.autofill.service.AutofillService}, secondary service component name: ComponentInfo{com.android.credentialmanager/com.android.credentialmanager.autofill.CredentialAutofillService}
03-22 16:22:25.482 30740 30740 D InsetsController: Setting requestedVisibleTypes to -5129 (was -5121)
03-22 16:22:25.853  2726  5619 D AutofillSession: clearPendingIntentLocked
03-22 16:22:27.987  5345  5627 I DisplayManager: Choreographer implicitly registered for the refresh rate.
03-22 16:23:39.877  7973  8117 I DisplayManager: Choreographer implicitly registered for the refresh rate.
03-22 16:25:58.585  9237  9237 V Configuration: Updating configuration, locales updated from [en_US] to [en_GB]
03-22 16:26:38.919 15184 15184 D ActivityThread: Package [com.facebook.katana] reported as REPLACED, but missing application info. Assuming REMOVED.
03-22 16:26:38.919 15184 15184 D ActivityThread: Package [com.facebook.katana] reported as REPLACED, but missing application info. Assuming REMOVED.
03-22 16:26:38.920 15184 15184 D ActivityThread: Package [com.facebook.katana] reported as REPLACED, but missing application info. Assuming REMOVED.
03-22 16:27:03.512  9906  9955 W PowerProfile: screen.on is deprecated! Use screen.on.display0 instead.
03-22 16:27:03.512  9906  9955 W PowerProfile: screen.full is deprecated! Use screen.full.display0 instead.
03-22 16:27:03.512  9906  9955 W ModemPowerProfile: getAverageBatteryDrainMaH called with unexpected key: 0x0, drain:SLEEP,RAT:DEFAULT
03-22 16:27:03.512  9906  9955 W ModemPowerProfile: getAverageBatteryDrainMaH called with unexpected key: 0x10000000, drain:IDLE,RAT:DEFAULT
03-22 16:27:03.513  9906  9955 W ModemPowerProfile: getAverageBatteryDrainMaH called with unexpected key: 0x20000000, drain:RX,RAT:DEFAULT
03-22 16:27:03.513  9906  9955 W ModemPowerProfile: getAverageBatteryDrainMaH called with unexpected key: 0x30000000, drain:TX,level:0,RAT:DEFAULT
03-22 16:27:03.513  9906  9955 W ModemPowerProfile: getAverageBatteryDrainMaH called with unexpected key: 0x31000000, drain:TX,level:1,RAT:DEFAULT
03-22 16:27:03.513  9906  9955 W ModemPowerProfile: getAverageBatteryDrainMaH called with unexpected key: 0x32000000, drain:TX,level:2,RAT:DEFAULT
03-22 16:27:03.513  9906  9955 W ModemPowerProfile: getAverageBatteryDrainMaH called with unexpected key: 0x33000000, drain:TX,level:3,RAT:DEFAULT
03-22 16:27:03.513  9906  9955 W ModemPowerProfile: getAverageBatteryDrainMaH called with unexpected key: 0x34000000, drain:TX,level:4,RAT:DEFAULT
03-22 16:27:03.992  9906 10081 I DisplayManager: Implicitly registering for refresh rate
03-22 16:27:57.816  2726  5676 D BatteryStatsService: noteVideoSurfaceChanged  noteWhich: 49,arg1: 856, arg2: 656, arg3: 5826, arg4: 72082616517402969, name: com.vivo.fingerprintui
03-22 16:27:57.821  2726  5821 D BatteryStatsService: noteVideoSurfaceChanged  noteWhich: 49,arg1: 856, arg2: 656, arg3: 5826, arg4: 72082616517402969, name: com.vivo.fingerprintui
03-22 16:31:34.840 13552 13584 I DisplayManager: Choreographer implicitly registered for the refresh rate.
03-22 16:32:04.550 13912 13967 I DisplayManager: Choreographer implicitly registered for the refresh rate.
--------- beginning of main
03-22 16:32:31.972 13552 13584 E Adreno-UNKNOWN: <AttachmentInPersistentGmem:1784>: NOt NULL
03-22 16:32:31.989 13552 13584 E Adreno-UNKNOWN: <AttachmentInPersistentGmem:1784>: NOt NULL
03-22 16:32:32.003 13552 13584 E Adreno-UNKNOWN: <AttachmentInPersistentGmem:1784>: NOt NULL
03-22 16:32:32.021 13552 13584 E Adreno-UNKNOWN: <AttachmentInPersistentGmem:1784>: NOt NULL
03-22 16:32:32.037 13552 13584 E Adreno-UNKNOWN: <AttachmentInPersistentGmem:1784>: NOt NULL
03-22 16:32:32.056 13552 13584 E Adreno-UNKNOWN: <AttachmentInPersistentGmem:1784>: NOt NULL
03-22 16:32:32.074 13552 13584 E Adreno-UNKNOWN: <AttachmentInPersistentGmem:1784>: NOt NULL
03-22 16:32:32.088 13552 13584 E Adreno-UNKNOWN: <AttachmentInPersistentGmem:1784>: NOt NULL
03-22 16:32:32.105 13552 13584 E Adreno-UNKNOWN: <AttachmentInPersistentGmem:1784>: NOt NULL
03-22 16:32:32.122 13552 13584 E Adreno-UNKNOWN: <AttachmentInPersistentGmem:1784>: NOt NULL
03-22 16:32:32.138 13552 13584 E Adreno-UNKNOWN: <AttachmentInPersistentGmem:1784>: NOt NULL
03-22 16:32:32.157 13552 13584 E Adreno-UNKNOWN: <AttachmentInPersistentGmem:1784>: NOt NULL
03-22 16:32:32.172 13552 13584 E Adreno-UNKNOWN: <AttachmentInPersistentGmem:1784>: NOt NULL
03-22 16:32:32.188 13552 13584 E Adreno-UNKNOWN: <AttachmentInPersistentGmem:1784>: NOt NULL
03-22 16:32:32.204 13552 13584 E Adreno-UNKNOWN: <AttachmentInPersistentGmem:1784>: NOt NULL
03-22 16:32:32.222 13552 13584 E Adreno-UNKNOWN: <AttachmentInPersistentGmem:1784>: NOt NULL
03-22 16:32:32.238 13552 13584 E Adreno-UNKNOWN: <AttachmentInPersistentGmem:1784>: NOt NULL
03-22 16:32:32.252 13552 13584 E Adreno-UNKNOWN: <AttachmentInPersistentGmem:1784>: NOt NULL
03-22 16:32:32.269 13552 13584 E Adreno-UNKNOWN: <AttachmentInPersistentGmem:1784>: NOt NULL
03-22 16:32:32.288 13552 13584 E Adreno-UNKNOWN: <AttachmentInPersistentGmem:1784>: NOt NULL
03-22 16:32:32.306 13552 13584 E Adreno-UNKNOWN: <AttachmentInPersistentGmem:1784>: NOt NULL
03-22 16:32:32.323 13552 13584 E Adreno-UNKNOWN: <AttachmentInPersistentGmem:1784>: NOt NULL
03-22 16:32:32.338 13552 13584 E Adreno-UNKNOWN: <AttachmentInPersistentGmem:1784>: NOt NULL
03-22 16:32:32.352 13552 13584 E Adreno-UNKNOWN: <AttachmentInPersistentGmem:1784>: NOt NULL
03-22 16:32:32.370 13552 13584 E Adreno-UNKNOWN: <AttachmentInPersistentGmem:1784>: NOt NULL
03-22 16:32:32.389 13552 13584 E Adreno-UNKNOWN: <AttachmentInPersistentGmem:1784>: NOt NULL
03-22 16:32:32.405 13552 13584 E Adreno-UNKNOWN: <AttachmentInPersistentGmem:1784>: NOt NULL
03-22 16:32:32.424 13552 13584 E Adreno-UNKNOWN: <AttachmentInPersistentGmem:1784>: NOt NULL
03-22 16:32:32.437 13552 13584 E Adreno-UNKNOWN: <AttachmentInPersistentGmem:1784>: NOt NULL
03-22 16:32:32.453 13552 13584 E Adreno-UNKNOWN: <AttachmentInPersistentGmem:1784>: NOt NULL
03-22 16:32:32.469 13552 13584 E Adreno-UNKNOWN: <AttachmentInPersistentGmem:1784>: NOt NULL
03-22 16:32:32.488 13552 13584 E Adreno-UNKNOWN: <AttachmentInPersistentGmem:1784>: NOt NULL
03-22 16:32:32.505 13552 13584 E Adreno-UNKNOWN: <AttachmentInPersistentGmem:1784>: NOt NULL
03-22 16:32:32.521 13552 13584 E Adreno-UNKNOWN: <AttachmentInPersistentGmem:1784>: NOt NULL
03-22 16:32:32.538 13552 13584 E Adreno-UNKNOWN: <AttachmentInPersistentGmem:1784>: NOt NULL
03-22 16:32:32.553 13552 13584 E Adreno-UNKNOWN: <AttachmentInPersistentGmem:1784>: NOt NULL
03-22 16:32:32.567 13552 13584 E Adreno-UNKNOWN: <AttachmentInPersistentGmem:1784>: NOt NULL
03-22 16:32:32.587 13552 13584 E Adreno-UNKNOWN: <AttachmentInPersistentGmem:1784>: NOt NULL
03-22 16:32:32.604 13552 13584 E Adreno-UNKNOWN: <AttachmentInPersistentGmem:1784>: NOt NULL
03-22 16:32:32.621 13552 13584 E Adreno-UNKNOWN: <AttachmentInPersistentGmem:1784>: NOt NULL
03-22 16:32:32.636 13552 13584 E Adreno-UNKNOWN: <AttachmentInPersistentGmem:1784>: NOt NULL
03-22 16:32:32.654 13552 13584 E Adreno-UNKNOWN: <AttachmentInPersistentGmem:1784>: NOt NULL
03-22 16:32:32.656 27744 27744 I wpa_supplicant: doCommand rule = GET_RATE_STATS  ifaceName = wlan0
03-22 16:32:32.657 27744 27744 I wpa_supplicant: doStringCommandInternal ret = 0 reply = 300000,300000,450000,450000,3,10000,78000,11,156,229584,10000,78000,10,0,160877
03-22 16:32:32.670 13552 13584 E Adreno-UNKNOWN: <AttachmentInPersistentGmem:1784>: NOt NULL
03-22 16:32:32.685 13552 13584 E Adreno-UNKNOWN: <AttachmentInPersistentGmem:1784>: NOt NULL
03-22 16:32:32.701 13552 13584 E Adreno-UNKNOWN: <AttachmentInPersistentGmem:1784>: NOt NULL
03-22 16:32:32.720 13552 13584 E Adreno-UNKNOWN: <AttachmentInPersistentGmem:1784>: NOt NULL
03-22 16:32:32.736 13552 13584 E Adreno-UNKNOWN: <AttachmentInPersistentGmem:1784>: NOt NULL
03-22 16:32:32.754 13552 13584 E Adreno-UNKNOWN: <AttachmentInPersistentGmem:1784>: NOt NULL
03-22 16:32:32.771 13552 13584 E Adreno-UNKNOWN: <AttachmentInPersistentGmem:1784>: NOt NULL
03-22 16:32:32.788 13552 13584 E Adreno-UNKNOWN: <AttachmentInPersistentGmem:1784>: NOt NULL
03-22 16:32:32.805 13552 13584 E Adreno-UNKNOWN: <AttachmentInPersistentGmem:1784>: NOt NULL
03-22 16:32:32.821 13552 13584 E Adreno-UNKNOWN: <AttachmentInPersistentGmem:1784>: NOt NULL
03-22 16:32:32.837 13552 13584 E Adreno-UNKNOWN: <AttachmentInPersistentGmem:1784>: NOt NULL
03-22 16:32:32.853 13552 13584 E Adreno-UNKNOWN: <AttachmentInPersistentGmem:1784>: NOt NULL
03-22 16:32:32.869 13552 13584 E Adreno-UNKNOWN: <AttachmentInPersistentGmem:1784>: NOt NULL
03-22 16:32:32.887 13552 13584 E Adreno-UNKNOWN: <AttachmentInPersistentGmem:1784>: NOt NULL
03-22 16:32:32.903 13552 13584 E Adreno-UNKNOWN: <AttachmentInPersistentGmem:1784>: NOt NULL
03-22 16:32:32.918 13552 13584 E Adreno-UNKNOWN: <AttachmentInPersistentGmem:1784>: NOt NULL
03-22 16:32:32.936 13552 13584 E Adreno-UNKNOWN: <AttachmentInPersistentGmem:1784>: NOt NULL
03-22 16:32:32.954 13552 13584 E Adreno-UNKNOWN: <AttachmentInPersistentGmem:1784>: NOt NULL
03-22 16:32:32.969 13552 13584 E Adreno-UNKNOWN: <AttachmentInPersistentGmem:1784>: NOt NULL
03-22 16:32:32.986 13552 13584 E Adreno-UNKNOWN: <AttachmentInPersistentGmem:1784>: NOt NULL
03-22 16:32:33.005 13552 13584 E Adreno-UNKNOWN: <AttachmentInPersistentGmem:1784>: NOt NULL
03-22 16:32:33.019 13552 13584 E Adreno-UNKNOWN: <AttachmentInPersistentGmem:1784>: NOt NULL
03-22 16:32:33.036 13552 13584 E Adreno-UNKNOWN: <AttachmentInPersistentGmem:1784>: NOt NULL
03-22 16:32:33.052 13552 13584 E Adreno-UNKNOWN: <AttachmentInPersistentGmem:1784>: NOt NULL
03-22 16:32:33.070 13552 13584 E Adreno-UNKNOWN: <AttachmentInPersistentGmem:1784>: NOt NULL
03-22 16:32:33.088 13552 13584 E Adreno-UNKNOWN: <AttachmentInPersistentGmem:1784>: NOt NULL
03-22 16:32:33.102 13552 13584 E Adreno-UNKNOWN: <AttachmentInPersistentGmem:1784>: NOt NULL
03-22 16:32:33.118 13552 13584 E Adreno-UNKNOWN: <AttachmentInPersistentGmem:1784>: NOt NULL
03-22 16:32:33.135 13552 13584 E Adreno-UNKNOWN: <AttachmentInPersistentGmem:1784>: NOt NULL
03-22 16:32:33.152 13552 13584 E Adreno-UNKNOWN: <AttachmentInPersistentGmem:1784>: NOt NULL
03-22 16:32:33.167 13552 13584 E Adreno-UNKNOWN: <AttachmentInPersistentGmem:1784>: NOt NULL
03-22 16:32:33.185 13552 13584 E Adreno-UNKNOWN: <AttachmentInPersistentGmem:1784>: NOt NULL
03-22 16:32:33.203 13552 13584 E Adreno-UNKNOWN: <AttachmentInPersistentGmem:1784>: NOt NULL
03-22 16:32:33.221 13552 13584 E Adreno-UNKNOWN: <AttachmentInPersistentGmem:1784>: NOt NULL
03-22 16:32:33.237 13552 13584 E Adreno-UNKNOWN: <AttachmentInPersistentGmem:1784>: NOt NULL
03-22 16:32:33.252 13552 13584 E Adreno-UNKNOWN: <AttachmentInPersistentGmem:1784>: NOt NULL
03-22 16:32:33.270 13552 13584 E Adreno-UNKNOWN: <AttachmentInPersistentGmem:1784>: NOt NULL
03-22 16:32:33.285 13552 13584 E Adreno-UNKNOWN: <AttachmentInPersistentGmem:1784>: NOt NULL
03-22 16:32:33.300 13552 13584 E Adreno-UNKNOWN: <AttachmentInPersistentGmem:1784>: NOt NULL
03-22 16:32:33.320 13552 13584 E Adreno-UNKNOWN: <AttachmentInPersistentGmem:1784>: NOt NULL
03-22 16:32:33.336 13552 13584 E Adreno-UNKNOWN: <AttachmentInPersistentGmem:1784>: NOt NULL
03-22 16:32:33.353 13552 13584 E Adreno-UNKNOWN: <AttachmentInPersistentGmem:1784>: NOt NULL
03-22 16:32:33.370 13552 13584 E Adreno-UNKNOWN: <AttachmentInPersistentGmem:1784>: NOt NULL
03-22 16:32:33.386 13552 13584 E Adreno-UNKNOWN: <AttachmentInPersistentGmem:1784>: NOt NULL
03-22 16:32:33.402 13552 13584 E Adreno-UNKNOWN: <AttachmentInPersistentGmem:1784>: NOt NULL
03-22 16:32:33.418 13552 13584 E Adreno-UNKNOWN: <AttachmentInPersistentGmem:1784>: NOt NULL
03-22 16:32:33.436 13552 13584 E Adreno-UNKNOWN: <AttachmentInPersistentGmem:1784>: NOt NULL
03-22 16:32:33.453 13552 13584 E Adreno-UNKNOWN: <AttachmentInPersistentGmem:1784>: NOt NULL
03-22 16:32:33.469 13552 13584 E Adreno-UNKNOWN: <AttachmentInPersistentGmem:1784>: NOt NULL
03-22 16:32:33.482 13552 13584 E Adreno-UNKNOWN: <AttachmentInPersistentGmem:1784>: NOt NULL
03-22 16:32:33.500 13552 13584 E Adreno-UNKNOWN: <AttachmentInPersistentGmem:1784>: NOt NULL
03-22 16:32:33.517 13552 13584 E Adreno-UNKNOWN: <AttachmentInPersistentGmem:1784>: NOt NULL
03-22 16:32:33.535 13552 13584 E Adreno-UNKNOWN: <AttachmentInPersistentGmem:1784>: NOt NULL
03-22 16:32:33.552 13552 13584 E Adreno-UNKNOWN: <AttachmentInPersistentGmem:1784>: NOt NULL
03-22 16:32:33.567 13552 13584 E Adreno-UNKNOWN: <AttachmentInPersistentGmem:1784>: NOt NULL
03-22 16:32:33.583 13552 13584 E Adreno-UNKNOWN: <AttachmentInPersistentGmem:1784>: NOt NULL
03-22 16:32:33.599 13552 13584 E Adreno-UNKNOWN: <AttachmentInPersistentGmem:1784>: NOt NULL
03-22 16:32:33.616 13552 13584 E Adreno-UNKNOWN: <AttachmentInPersistentGmem:1784>: NOt NULL
03-22 16:32:33.636 13552 13584 E Adreno-UNKNOWN: <AttachmentInPersistentGmem:1784>: NOt NULL
03-22 16:32:33.652 13552 13584 E Adreno-UNKNOWN: <AttachmentInPersistentGmem:1784>: NOt NULL
03-22 16:32:33.667 13552 13584 E Adreno-UNKNOWN: <AttachmentInPersistentGmem:1784>: NOt NULL
03-22 16:32:33.674 27744 27744 I wpa_supplicant: doCommand rule = GET_RATE_STATS  ifaceName = wlan0
03-22 16:32:33.675 27744 27744 I wpa_supplicant: doStringCommandInternal ret = 0 reply = 300000,300000,450000,450000,3,10000,78000,11,156,229585,10000,78000,10,0,160878
03-22 16:32:33.682 13552 13584 E Adreno-UNKNOWN: <AttachmentInPersistentGmem:1784>: NOt NULL
03-22 16:32:33.698 13552 13584 E Adreno-UNKNOWN: <AttachmentInPersistentGmem:1784>: NOt NULL
03-22 16:32:33.719 13552 13584 E Adreno-UNKNOWN: <AttachmentInPersistentGmem:1784>: NOt NULL
03-22 16:32:33.735 13552 13584 E Adreno-UNKNOWN: <AttachmentInPersistentGmem:1784>: NOt NULL
03-22 16:32:33.750 13552 13584 E Adreno-UNKNOWN: <AttachmentInPersistentGmem:1784>: NOt NULL
03-22 16:32:33.766 13552 13584 E Adreno-UNKNOWN: <AttachmentInPersistentGmem:1784>: NOt NULL
03-22 16:32:33.783 13552 13584 E Adreno-UNKNOWN: <AttachmentInPersistentGmem:1784>: NOt NULL
03-22 16:32:33.802 13552 13584 E Adreno-UNKNOWN: <AttachmentInPersistentGmem:1784>: NOt NULL
03-22 16:32:33.817 13552 13584 E Adreno-UNKNOWN: <AttachmentInPersistentGmem:1784>: NOt NULL
03-22 16:32:33.831 13552 13584 E Adreno-UNKNOWN: <AttachmentInPersistentGmem:1784>: NOt NULL
03-22 16:32:33.849 13552 13584 E Adreno-UNKNOWN: <AttachmentInPersistentGmem:1784>: NOt NULL
03-22 16:32:33.868 13552 13584 E Adreno-UNKNOWN: <AttachmentInPersistentGmem:1784>: NOt NULL
03-22 16:32:33.885 13552 13584 E Adreno-UNKNOWN: <AttachmentInPersistentGmem:1784>: NOt NULL
03-22 16:32:33.902 13552 13584 E Adreno-UNKNOWN: <AttachmentInPersistentGmem:1784>: NOt NULL
03-22 16:32:33.918 13552 13584 E Adreno-UNKNOWN: <AttachmentInPersistentGmem:1784>: NOt NULL
03-22 16:32:33.932 13552 13584 E Adreno-UNKNOWN: <AttachmentInPersistentGmem:1784>: NOt NULL
03-22 16:32:33.941 23301 15008 I edmb    : (REDACTED) appOpsListener %s %s
03-22 16:32:33.941 23301 15008 I edmb    : (REDACTED) Ignoring irrelevant audio permission changes for package %s
03-22 16:32:33.949 13552 13584 E Adreno-UNKNOWN: <AttachmentInPersistentGmem:1784>: NOt NULL
03-22 16:32:33.963 13552 13584 E Adreno-UNKNOWN: <AttachmentInPersistentGmem:1784>: NOt NULL
03-22 16:32:33.979 13552 13584 E Adreno-UNKNOWN: <AttachmentInPersistentGmem:1784>: NOt NULL
03-22 16:32:34.000 13552 13584 E Adreno-UNKNOWN: <AttachmentInPersistentGmem:1784>: NOt NULL
03-22 16:32:34.014 13552 13584 E Adreno-UNKNOWN: <AttachmentInPersistentGmem:1784>: NOt NULL
03-22 16:32:34.033 13552 13584 E Adreno-UNKNOWN: <AttachmentInPersistentGmem:1784>: NOt NULL
03-22 16:32:34.051 13552 13584 E Adreno-UNKNOWN: <AttachmentInPersistentGmem:1784>: NOt NULL
03-22 16:32:34.066 13552 13584 E Adreno-UNKNOWN: <AttachmentInPersistentGmem:1784>: NOt NULL
03-22 16:32:34.082 13552 13584 E Adreno-UNKNOWN: <AttachmentInPersistentGmem:1784>: NOt NULL
03-22 16:32:34.099 13552 13584 E Adreno-UNKNOWN: <AttachmentInPersistentGmem:1784>: NOt NULL
03-22 16:32:34.115 13552 13584 E Adreno-UNKNOWN: <AttachmentInPersistentGmem:1784>: NOt NULL
03-22 16:32:34.133 13552 13584 E Adreno-UNKNOWN: <AttachmentInPersistentGmem:1784>: NOt NULL
03-22 16:32:34.149 13552 13584 E Adreno-UNKNOWN: <AttachmentInPersistentGmem:1784>: NOt NULL
03-22 16:32:34.165 13552 13584 E Adreno-UNKNOWN: <AttachmentInPersistentGmem:1784>: NOt NULL
03-22 16:32:34.182 13552 13584 E Adreno-UNKNOWN: <AttachmentInPersistentGmem:1784>: NOt NULL
03-22 16:32:34.200 13552 13584 E Adreno-UNKNOWN: <AttachmentInPersistentGmem:1784>: NOt NULL
03-22 16:32:34.214 13552 13584 E Adreno-UNKNOWN: <AttachmentInPersistentGmem:1784>: NOt NULL
03-22 16:32:34.232 13552 13584 E Adreno-UNKNOWN: <AttachmentInPersistentGmem:1784>: NOt NULL
03-22 16:32:34.250 13552 13584 E Adreno-UNKNOWN: <AttachmentInPersistentGmem:1784>: NOt NULL
03-22 16:32:34.265 13552 13584 E Adreno-UNKNOWN: <AttachmentInPersistentGmem:1784>: NOt NULL
03-22 16:32:34.282 13552 13584 E Adreno-UNKNOWN: <AttachmentInPersistentGmem:1784>: NOt NULL
03-22 16:32:34.300 13552 13584 E Adreno-UNKNOWN: <AttachmentInPersistentGmem:1784>: NOt NULL
03-22 16:32:34.317 13552 13584 E Adreno-UNKNOWN: <AttachmentInPersistentGmem:1784>: NOt NULL
03-22 16:32:34.331 13552 13584 E Adreno-UNKNOWN: <AttachmentInPersistentGmem:1784>: NOt NULL
03-22 16:32:34.349 13552 13584 E Adreno-UNKNOWN: <AttachmentInPersistentGmem:1784>: NOt NULL
03-22 16:32:34.366 13552 13584 E Adreno-UNKNOWN: <AttachmentInPersistentGmem:1784>: NOt NULL
03-22 16:32:34.383 13552 13584 E Adreno-UNKNOWN: <AttachmentInPersistentGmem:1784>: NOt NULL
03-22 16:32:34.400 13552 13584 E Adreno-UNKNOWN: <AttachmentInPersistentGmem:1784>: NOt NULL
03-22 16:32:34.416 13552 13584 E Adreno-UNKNOWN: <AttachmentInPersistentGmem:1784>: NOt NULL
03-22 16:32:34.434 13552 13584 E Adreno-UNKNOWN: <AttachmentInPersistentGmem:1784>: NOt NULL
03-22 16:32:34.449 13552 13584 E Adreno-UNKNOWN: <AttachmentInPersistentGmem:1784>: NOt NULL
03-22 16:32:34.467 13552 13584 E Adreno-UNKNOWN: <AttachmentInPersistentGmem:1784>: NOt NULL
03-22 16:32:34.484 13552 13584 E Adreno-UNKNOWN: <AttachmentInPersistentGmem:1784>: NOt NULL
03-22 16:32:34.499 13552 13584 E Adreno-UNKNOWN: <AttachmentInPersistentGmem:1784>: NOt NULL
03-22 16:32:34.515 13552 13584 E Adreno-UNKNOWN: <AttachmentInPersistentGmem:1784>: NOt NULL
03-22 16:32:34.534 13552 13584 E Adreno-UNKNOWN: <AttachmentInPersistentGmem:1784>: NOt NULL
03-22 16:32:34.550 13552 13584 E Adreno-UNKNOWN: <AttachmentInPersistentGmem:1784>: NOt NULL
03-22 16:32:34.565 13552 13584 E Adreno-UNKNOWN: <AttachmentInPersistentGmem:1784>: NOt NULL
03-22 16:32:34.583 13552 13584 E Adreno-UNKNOWN: <AttachmentInPersistentGmem:1784>: NOt NULL
03-22 16:32:34.597 13552 13584 E Adreno-UNKNOWN: <AttachmentInPersistentGmem:1784>: NOt NULL
03-22 16:32:34.615 13552 13584 E Adreno-UNKNOWN: <AttachmentInPersistentGmem:1784>: NOt NULL
03-22 16:32:34.634 13552 13584 E Adreno-UNKNOWN: <AttachmentInPersistentGmem:1784>: NOt NULL
03-22 16:32:34.646 13552 13584 E Adreno-UNKNOWN: <AttachmentInPersistentGmem:1784>: NOt NULL
03-22 16:32:34.664 13552 13584 E Adreno-UNKNOWN: <AttachmentInPersistentGmem:1784>: NOt NULL
03-22 16:32:34.682 13552 13584 E Adreno-UNKNOWN: <AttachmentInPersistentGmem:1784>: NOt NULL
03-22 16:32:34.693 27744 27744 I wpa_supplicant: doCommand rule = GET_RATE_STATS  ifaceName = wlan0
03-22 16:32:34.693 27744 27744 I wpa_supplicant: doStringCommandInternal ret = 0 reply = 300000,300000,450000,450000,3,10000,78000,11,156,229590,10000,78000,10,0,160882
03-22 16:32:34.698 13552 13584 E Adreno-UNKNOWN: <AttachmentInPersistentGmem:1784>: NOt NULL
03-22 16:32:34.712 13552 13584 E Adreno-UNKNOWN: <AttachmentInPersistentGmem:1784>: NOt NULL
03-22 16:32:34.731 13552 13584 E Adreno-UNKNOWN: <AttachmentInPersistentGmem:1784>: NOt NULL
