03-21 12:10:23.470  7288  7288 E AndroidRuntime: java.lang.IllegalStateException: The ACTION_HOVER_EXIT event was not cleared.
03-21 12:10:23.470  7288  7288 E AndroidRuntime: 	at androidx.compose.ui.platform.AndroidComposeView.sendHoverExitEvent$lambda$5(AndroidComposeView.android.kt:565)
03-21 12:10:23.470  7288  7288 E AndroidRuntime: 	at androidx.compose.ui.platform.AndroidComposeView.$r8$lambda$rSG93VoNeRPBAigTnvXy_p6mAbw(Unknown Source:0)
03-21 12:10:23.470  7288  7288 E AndroidRuntime: 	at androidx.compose.ui.platform.AndroidComposeView$$ExternalSyntheticLambda3.run(D8$$SyntheticClass:0)
03-21 12:10:23.470  7288  7288 E AndroidRuntime: 	at androidx.compose.ui.platform.AndroidComposeView.dispatchHoverEvent(AndroidComposeView.android.kt:1808)
03-21 12:10:23.470  7288  7288 E AndroidRuntime: 	at android.view.View.dispatchGenericMotionEvent(View.java:17131)
03-21 12:10:23.470  7288  7288 E AndroidRuntime: 	at androidx.compose.ui.platform.AndroidComposeView.dispatchGenericMotionEvent(AndroidComposeView.android.kt:1437)
03-21 12:10:23.470  7288  7288 E AndroidRuntime: 	at android.view.ViewGroup.dispatchTransformedGenericPointerEvent(ViewGroup.java:2662)
03-21 12:10:23.470  7288  7288 E AndroidRuntime: 	at android.view.ViewGroup.dispatchHoverEvent(ViewGroup.java:2251)
03-21 12:10:23.470  7288  7288 E AndroidRuntime: 	at android.view.View.dispatchGenericMotionEvent(View.java:17131)
03-21 12:10:23.470  7288  7288 E AndroidRuntime: 	at android.view.ViewGroup.dispatchTransformedGenericPointerEvent(ViewGroup.java:2662)
03-21 12:10:23.470  7288  7288 E AndroidRuntime: 	at android.view.ViewGroup.dispatchHoverEvent(ViewGroup.java:2251)
03-21 12:10:23.470  7288  7288 E AndroidRuntime: 	at android.view.View.dispatchGenericMotionEvent(View.java:17131)
03-21 12:10:23.470  7288  7288 E AndroidRuntime: 	at android.view.ViewGroup.dispatchTransformedGenericPointerEvent(ViewGroup.java:2662)
03-21 12:10:23.470  7288  7288 E AndroidRuntime: 	at android.view.ViewGroup.dispatchHoverEvent(ViewGroup.java:2251)
03-21 12:10:23.470  7288  7288 E AndroidRuntime: 	at android.view.View.dispatchGenericMotionEvent(View.java:17131)
03-21 12:10:23.470  7288  7288 E AndroidRuntime: 	at android.view.ViewGroup.dispatchTransformedGenericPointerEvent(ViewGroup.java:2662)
03-21 12:10:23.470  7288  7288 E AndroidRuntime: 	at android.view.ViewGroup.dispatchHoverEvent(ViewGroup.java:2251)
03-21 12:10:23.470  7288  7288 E AndroidRuntime: 	at android.view.View.dispatchGenericMotionEvent(View.java:17131)
03-21 12:10:23.470  7288  7288 E AndroidRuntime: 	at com.android.internal.policy.DecorView.superDispatchGenericMotionEvent(DecorView.java:656)
03-21 12:10:23.470  7288  7288 E AndroidRuntime: 	at com.android.internal.policy.PhoneWindow.superDispatchGenericMotionEvent(PhoneWindow.java:2146)
03-21 12:10:23.470  7288  7288 E AndroidRuntime: 	at android.app.Activity.dispatchGenericMotionEvent(Activity.java:4931)
03-21 12:10:23.470  7288  7288 E AndroidRuntime: 	at com.android.internal.policy.DecorView.dispatchGenericMotionEvent(DecorView.java:606)
03-21 12:10:23.470  7288  7288 E AndroidRuntime: 	at android.view.View.dispatchPointerEvent(View.java:17316)
03-21 12:10:23.470  7288  7288 E AndroidRuntime: 	at android.view.ViewRootImpl$ViewPostImeInputStage.processPointerEvent(ViewRootImpl.java:9652)
03-21 12:10:23.470  7288  7288 E AndroidRuntime: 	at android.view.ViewRootImpl$ViewPostImeInputStage.onProcess(ViewRootImpl.java:9262)
03-21 12:10:23.470  7288  7288 E AndroidRuntime: 	at android.view.ViewRootImpl$InputStage.deliver(ViewRootImpl.java:8608)
03-21 12:10:23.470  7288  7288 E AndroidRuntime: 	at android.view.ViewRootImpl$InputStage.onDeliverToNext(ViewRootImpl.java:8675)
03-21 12:10:23.470  7288  7288 E AndroidRuntime: 	at android.view.ViewRootImpl$InputStage.forward(ViewRootImpl.java:8636)
03-21 12:10:23.470  7288  7288 E AndroidRuntime: 	at android.view.ViewRootImpl$AsyncInputStage.forward(ViewRootImpl.java:8810)
03-21 12:10:23.470  7288  7288 E AndroidRuntime: 	at android.view.ViewRootImpl$InputStage.apply(ViewRootImpl.java:8644)
03-21 12:10:23.470  7288  7288 E AndroidRuntime: 	at android.view.ViewRootImpl$AsyncInputStage.apply(ViewRootImpl.java:8867)
03-21 12:10:23.470  7288  7288 E AndroidRuntime: 	at android.view.ViewRootImpl$InputStage.deliver(ViewRootImpl.java:8612)
03-21 12:10:23.470  7288  7288 E AndroidRuntime: 	at android.view.ViewRootImpl$InputStage.onDeliverToNext(ViewRootImpl.java:8675)
03-21 12:10:23.470  7288  7288 E AndroidRuntime: 	at android.view.ViewRootImpl$InputStage.forward(ViewRootImpl.java:8636)
03-21 12:10:23.470  7288  7288 E AndroidRuntime: 	at android.view.ViewRootImpl$InputStage.apply(ViewRootImpl.java:8644)
03-21 12:10:23.470  7288  7288 E AndroidRuntime: 	at android.view.ViewRootImpl$InputStage.deliver(ViewRootImpl.java:8612)
03-21 12:10:23.470  7288  7288 E AndroidRuntime: 	at android.view.ViewRootImpl.deliverInputEvent(ViewRootImpl.java:12287)
03-21 12:10:23.470  7288  7288 E AndroidRuntime: 	at android.view.ViewRootImpl.doProcessInputEvents(ViewRootImpl.java:12238)
03-21 12:10:23.470  7288  7288 E AndroidRuntime: 	at android.view.ViewRootImpl.enqueueInputEvent(ViewRootImpl.java:12194)
03-21 12:10:23.470  7288  7288 E AndroidRuntime: 	at android.view.ViewRootImpl.processRawInputEvent(ViewRootImpl.java:12685)
03-21 12:10:23.470  7288  7288 E AndroidRuntime: 	at android.view.ViewRootImpl$WindowInputEventReceiver.onInputEvent(ViewRootImpl.java:12414)
03-21 12:10:23.470  7288  7288 E AndroidRuntime: 	at android.view.InputEventReceiver.dispatchInputEvent(InputEventReceiver.java:321)
03-21 12:10:23.470  7288  7288 E AndroidRuntime: 	at android.view.InputEventReceiver.nativeConsumeBatchedInputEvents(Native Method)
03-21 12:10:23.470  7288  7288 E AndroidRuntime: 	at android.view.InputEventReceiver.consumeBatchedInputEvents(InputEventReceiver.java:273)
03-21 12:10:23.470  7288  7288 E AndroidRuntime: 	at android.view.ViewRootImpl.doConsumeBatchedInput(ViewRootImpl.java:12391)
03-21 12:10:23.470  7288  7288 E AndroidRuntime: 	at android.view.ViewRootImpl$ConsumeBatchedInputRunnable.run(ViewRootImpl.java:12508)
03-21 12:10:23.470  7288  7288 E AndroidRuntime: 	at android.view.Choreographer$CallbackRecord.run(Choreographer.java:2302)
03-21 12:10:23.470  7288  7288 E AndroidRuntime: 	at android.view.Choreographer$CallbackRecord.run(Choreographer.java:2311)
03-21 12:10:23.471  7288  7288 E AndroidRuntime: 	at android.view.Choreographer.doCallbacks(Choreographer.java:1638)
03-21 12:10:23.471  7288  7288 E AndroidRuntime: 	at android.view.Choreographer.doFrame(Choreographer.java:1395)
03-21 12:10:23.471  7288  7288 E AndroidRuntime: 	at android.view.Choreographer$FrameDisplayEventReceiver.run(Choreographer.java:2136)
03-21 12:10:23.471  7288  7288 E AndroidRuntime: 	at android.os.Handler.handleCallback(Handler.java:1051)
03-21 12:10:23.471  7288  7288 E AndroidRuntime: 	at android.os.Handler.dispatchMessage(Handler.java:107)
03-21 12:10:23.471  7288  7288 E AndroidRuntime: 	at android.os.Looper.loopOnce(Looper.java:266)
03-21 12:10:23.471  7288  7288 E AndroidRuntime: 	at android.os.Looper.loop(Looper.java:361)
03-21 12:10:23.471  7288  7288 E AndroidRuntime: 	at android.app.ActivityThread.main(ActivityThread.java:10345)
03-21 12:10:23.471  7288  7288 E AndroidRuntime: 	at java.lang.reflect.Method.invoke(Native Method)
03-21 12:10:23.471  7288  7288 E AndroidRuntime: 	at com.android.internal.os.RuntimeInit$MethodAndArgsCaller.run(RuntimeInit.java:675)
03-21 12:10:23.471  7288  7288 E AndroidRuntime: 	at com.android.internal.os.ZygoteInit.main(ZygoteInit.java:1002)
--------- beginning of system
03-22 14:12:01.091 23301  4337 I AlwaysOnHotwordDetector: onRejected
03-22 14:12:01.092 23301 23628 I AlwaysOnHotwordDetector: handle message 6
03-22 14:23:59.715 23301 23376 I AlwaysOnHotwordDetector: onRecognitionPaused
03-22 14:23:59.720 23301 23628 I AlwaysOnHotwordDetector: handle message 4
03-22 14:24:00.514 14367 14367 I DisplayManager: Implicitly registering for refresh rate
03-22 14:24:16.490 23301 23376 I AlwaysOnHotwordDetector: onRecognitionResumed
03-22 14:24:16.551 23301 23628 I AlwaysOnHotwordDetector: handle message 5
03-22 14:24:17.004 15181 15181 V Configuration: Updating configuration, locales updated from [en_US] to [hi_IN_#Latn]
03-22 14:24:16.944  2726  6267 D BatteryStatsService: noteVideoSurfaceChanged  noteWhich: 49,arg1: -1, arg2: -1, arg3: 12821, arg4: 72112659813629986, name: com.pubg.imobile
03-22 14:24:18.478  2726  5575 D AutofillSession: createPendingIntent for request 2312
03-22 14:24:19.136 13011 13011 D InsetsController: Setting requestedVisibleTypes to -5129 (was -5121)
03-22 14:24:19.402  2726  6267 D AutofillSession: clearPendingIntentLocked
03-22 14:24:35.713  2726  5661 D AutofillSession: Primary service component name: ComponentInfo{com.google.android.gms/com.google.android.gms.autofill.service.AutofillService}, secondary service component name: ComponentInfo{com.android.credentialmanager/com.android.credentialmanager.autofill.CredentialAutofillService}
03-22 14:24:35.721 13011 13011 D InsetsController: Setting requestedVisibleTypes to -5121 (was -5129)
03-22 14:24:37.054  2726  5773 D AutofillSession: clearPendingIntentLocked
03-22 14:24:38.245  2726  5845 D AutofillSession: Primary service component name: ComponentInfo{com.google.android.gms/com.google.android.gms.autofill.service.AutofillService}, secondary service component name: ComponentInfo{com.android.credentialmanager/com.android.credentialmanager.autofill.CredentialAutofillService}
03-22 14:24:38.252 13011 13011 D InsetsController: Setting requestedVisibleTypes to -5121 (was -5129)
03-22 14:24:38.484  2726  5771 D AutofillSession: clearPendingIntentLocked
03-22 14:24:38.485  2726  5771 D AutofillSession: Primary service component name: ComponentInfo{com.google.android.gms/com.google.android.gms.autofill.service.AutofillService}, secondary service component name: ComponentInfo{com.android.credentialmanager/com.android.credentialmanager.autofill.CredentialAutofillService}
03-22 14:24:45.052  2726  5771 D AutofillSession: clearPendingIntentLocked
03-22 14:24:45.053  2726  5771 D AutofillSession: Primary service component name: ComponentInfo{com.google.android.gms/com.google.android.gms.autofill.service.AutofillService}, secondary service component name: ComponentInfo{com.android.credentialmanager/com.android.credentialmanager.autofill.CredentialAutofillService}
03-22 14:24:46.355 15181 15181 V Configuration: Updating configuration, locales updated from [en_US] to [hi_IN_#Latn]
03-22 14:30:11.423 15181 15181 V Configuration: Updating configuration, locales updated from [en_US] to [hi_IN_#Latn]
03-22 14:30:23.743  2726  6267 D BatteryStatsService: noteVideoSurfaceChanged  noteWhich: 49,arg1: 1260, arg2: 2500, arg3: 13100, arg4: 72113858109505636, name: com.facebook.katana
03-22 14:30:23.744  2726  5619 D BatteryStatsService: noteVideoSurfaceChanged  noteWhich: 49,arg1: 1260, arg2: 2500, arg3: 13100, arg4: 72113858109505636, name: com.facebook.katana
03-22 14:30:23.866  2726  3137 D BatteryStatsService: noteVideoSurfaceChanged  noteWhich: 49,arg1: 1260, arg2: 2240, arg3: 13100, arg4: 72113858109505636, name: com.facebook.katana
03-22 14:30:24.556  2726  5720 D BatteryStatsService: noteVideoSurfaceChanged  noteWhich: 49,arg1: 1260, arg2: 2240, arg3: 13100, arg4: 72113858109505636, name: com.facebook.katana
03-22 14:30:24.562  2726  5992 D BatteryStatsService: noteVideoSurfaceChanged  noteWhich: 49,arg1: 1260, arg2: 2240, arg3: 13100, arg4: 72113858109505636, name: com.facebook.katana
03-22 14:30:24.566  2726  6267 D BatteryStatsService: noteVideoSurfaceChanged  noteWhich: 49,arg1: 1260, arg2: 2240, arg3: 13100, arg4: 72113858109505636, name: com.facebook.katana
03-22 14:30:24.574  2726  5992 D BatteryStatsService: noteVideoSurfaceChanged  noteWhich: 49,arg1: 1261, arg2: 2240, arg3: 13100, arg4: 72113858109505636, name: com.facebook.katana
03-22 14:30:24.584  2726  6267 D BatteryStatsService: noteVideoSurfaceChanged  noteWhich: 49,arg1: 1260, arg2: 2240, arg3: 13100, arg4: 72113858109505636, name: com.facebook.katana
03-22 14:30:24.592  2726  5720 D BatteryStatsService: noteVideoSurfaceChanged  noteWhich: 49,arg1: 1260, arg2: 2240, arg3: 13100, arg4: 72113858109505636, name: com.facebook.katana
03-22 14:30:24.599  2726  5720 D BatteryStatsService: noteVideoSurfaceChanged  noteWhich: 49,arg1: 1261, arg2: 2240, arg3: 13100, arg4: 72113858109505636, name: com.facebook.katana
03-22 14:30:24.607  2726  5720 D BatteryStatsService: noteVideoSurfaceChanged  noteWhich: 49,arg1: 1260, arg2: 2240, arg3: 13100, arg4: 72113858109505636, name: com.facebook.katana
03-22 14:30:24.617  2726  5720 D BatteryStatsService: noteVideoSurfaceChanged  noteWhich: 49,arg1: 1260, arg2: 2240, arg3: 13100, arg4: 72113858109505636, name: com.facebook.katana
03-22 14:30:24.624  2726  6267 D BatteryStatsService: noteVideoSurfaceChanged  noteWhich: 49,arg1: 1260, arg2: 2240, arg3: 13100, arg4: 72113858109505636, name: com.facebook.katana
03-22 14:30:24.634  2726  5720 D BatteryStatsService: noteVideoSurfaceChanged  noteWhich: 49,arg1: 1260, arg2: 2240, arg3: 13100, arg4: 72113858109505636, name: com.facebook.katana
03-22 14:30:24.642  2726  6267 D BatteryStatsService: noteVideoSurfaceChanged  noteWhich: 49,arg1: 1260, arg2: 2240, arg3: 13100, arg4: 72113858109505636, name: com.facebook.katana
03-22 14:30:24.650  2726  6267 D BatteryStatsService: noteVideoSurfaceChanged  noteWhich: 49,arg1: 1260, arg2: 2240, arg3: 13100, arg4: 72113858109505636, name: com.facebook.katana
03-22 14:30:24.657  2726  5661 D BatteryStatsService: noteVideoSurfaceChanged  noteWhich: 49,arg1: 1260, arg2: 2240, arg3: 13100, arg4: 72113858109505636, name: com.facebook.katana
03-22 14:30:24.666  2726  6267 D BatteryStatsService: noteVideoSurfaceChanged  noteWhich: 49,arg1: 1260, arg2: 2240, arg3: 13100, arg4: 72113858109505636, name: com.facebook.katana
03-22 14:30:24.676  2726  6267 D BatteryStatsService: noteVideoSurfaceChanged  noteWhich: 49,arg1: 1260, arg2: 2240, arg3: 13100, arg4: 72113858109505636, name: com.facebook.katana
03-22 14:30:24.682  2726  5720 D BatteryStatsService: noteVideoSurfaceChanged  noteWhich: 49,arg1: 1260, arg2: 2240, arg3: 13100, arg4: 72113858109505636, name: com.facebook.katana
03-22 14:30:24.691  2726  5720 D BatteryStatsService: noteVideoSurfaceChanged  noteWhich: 49,arg1: 1260, arg2: 2240, arg3: 13100, arg4: 72113858109505636, name: com.facebook.katana
03-22 14:30:24.699  2726  6267 D BatteryStatsService: noteVideoSurfaceChanged  noteWhich: 49,arg1: 1261, arg2: 2240, arg3: 13100, arg4: 72113858109505636, name: com.facebook.katana
03-22 14:30:24.707  2726  5720 D BatteryStatsService: noteVideoSurfaceChanged  noteWhich: 49,arg1: 1260, arg2: 2240, arg3: 13100, arg4: 72113858109505636, name: com.facebook.katana
03-22 14:30:24.716  2726  5720 D BatteryStatsService: noteVideoSurfaceChanged  noteWhich: 49,arg1: 1260, arg2: 2240, arg3: 13100, arg4: 72113858109505636, name: com.facebook.katana
03-22 14:30:24.724  2726  6267 D BatteryStatsService: noteVideoSurfaceChanged  noteWhich: 49,arg1: 1260, arg2: 2240, arg3: 13100, arg4: 72113858109505636, name: com.facebook.katana
03-22 14:30:24.732  2726  6267 D BatteryStatsService: noteVideoSurfaceChanged  noteWhich: 49,arg1: 1260, arg2: 2240, arg3: 13100, arg4: 72113858109505636, name: com.facebook.katana
03-22 14:30:24.741  2726  6267 D BatteryStatsService: noteVideoSurfaceChanged  noteWhich: 49,arg1: 1260, arg2: 2240, arg3: 13100, arg4: 72113858109505636, name: com.facebook.katana
03-22 14:30:24.749  2726  6267 D BatteryStatsService: noteVideoSurfaceChanged  noteWhich: 49,arg1: 1260, arg2: 2240, arg3: 13100, arg4: 72113858109505636, name: com.facebook.katana
03-22 14:30:24.758  2726  6267 D BatteryStatsService: noteVideoSurfaceChanged  noteWhich: 49,arg1: 1260, arg2: 2240, arg3: 13100, arg4: 72113858109505636, name: com.facebook.katana
03-22 14:30:24.766  2726  6267 D BatteryStatsService: noteVideoSurfaceChanged  noteWhich: 49,arg1: 1260, arg2: 2240, arg3: 13100, arg4: 72113858109505636, name: com.facebook.katana
03-22 14:30:24.775  2726  5720 D BatteryStatsService: noteVideoSurfaceChanged  noteWhich: 49,arg1: 1260, arg2: 2240, arg3: 13100, arg4: 72113858109505636, name: com.facebook.katana
03-22 14:30:24.837  2726  5720 D BatteryStatsService: noteVideoSurfaceChanged  noteWhich: 49,arg1: 376, arg2: 710, arg3: 13100, arg4: 72113858109505873, name: com.facebook.katana
03-22 14:30:24.838  2726  6267 D BatteryStatsService: noteVideoSurfaceChanged  noteWhich: 49,arg1: 376, arg2: 710, arg3: 13100, arg4: 72113858109505873, name: com.facebook.katana
03-22 14:30:24.933  2726  3276 D BatteryStatsService: noteVideoSurfaceChanged  noteWhich: 49,arg1: 400, arg2: 710, arg3: 13100, arg4: 72113858109505873, name: com.facebook.katana
03-22 14:30:26.411 19399 19399 D VgcUtil : getFile name :theme_dir_path not exit in vgc_path_config.xml
03-22 14:30:26.413 19399 19399 D VgcUtil : getFile name :theme_dir_path not exit in vgc_path_config.xml
03-22 14:30:26.450 19399 19399 D VgcUtil : getFile name :theme_dir_path not exit in vgc_path_config.xml
03-22 14:30:26.464 19399 19399 W FileUtils: Failed to chmod(/data/user/0/com.facebook.services/app_restricted_mode): android.system.ErrnoException: chmod failed: ENOENT (No such file or directory)
03-22 14:30:26.464 19399 19399 W FileUtils: Failed to chmod(/data/user/0/com.facebook.services/app_restricted_mode): android.system.ErrnoException: chmod failed: ENOENT (No such file or directory)
03-22 14:30:26.465 19399 19399 W FileUtils: Failed to chmod(/data/user/0/com.facebook.services/app_restricted_mode): android.system.ErrnoException: chmod failed: ENOENT (No such file or directory)
03-22 14:30:46.591  2726  5771 D BatteryStatsService: noteVideoSurfaceChanged  noteWhich: 49,arg1: 856, arg2: 656, arg3: 5826, arg4: 72082616517402861, name: com.vivo.fingerprintui
03-22 14:30:46.604  2726  5771 D BatteryStatsService: noteVideoSurfaceChanged  noteWhich: 49,arg1: 856, arg2: 656, arg3: 5826, arg4: 72082616517402861, name: com.vivo.fingerprintui
03-22 14:30:46.648  2726  5992 D BatteryStatsService: noteVideoSurfaceChanged  noteWhich: 49,arg1: -1, arg2: -1, arg3: 13100, arg4: 72113858109505636, name: com.facebook.katana
03-22 14:30:46.650  2726  6267 D BatteryStatsService: noteVideoSurfaceChanged  noteWhich: 49,arg1: -1, arg2: -1, arg3: 13100, arg4: 72113858109505873, name: com.facebook.katana
03-22 14:30:46.940  2726  5771 D BatteryStatsService: noteVideoSurfaceChanged  noteWhich: 49,arg1: 1260, arg2: 2800, arg3: 5547, arg4: 72081418221519362, name: com.vivo.systemuiplugin
03-22 14:30:46.899  2726  3137 D BatteryStatsService: noteVideoSurfaceChanged  noteWhich: 49,arg1: 1260, arg2: 2800, arg3: 5547, arg4: 72081418221519362, name: com.vivo.systemuiplugin
03-22 14:31:30.551 19931 19931 E ActivityThread: Failed to find provider info for com.microsoft.yourphonecompanion.contentprovider.featureoverride
03-22 14:31:30.589 19931 19931 E ActivityThread: Failed to find provider info for com.samsung.android.mdx.windowslink.Tile.Provider
03-22 14:31:31.480 12081 12081 V Configuration: Updating configuration, locales updated from [en_US] to [en_IN]
03-22 14:40:15.030  2726  6002 D BatteryStatsService: noteVideoSurfaceChanged  noteWhich: 49,arg1: -1, arg2: -1, arg3: 5826, arg4: 72082616517402861, name: com.vivo.fingerprintui
03-22 14:40:15.314  2726  5820 D BatteryStatsService: noteVideoSurfaceChanged  noteWhich: 49,arg1: -1, arg2: -1, arg3: 5547, arg4: 72081418221519362, name: com.vivo.systemuiplugin
03-22 14:40:18.557 18235 18235 V Configuration: Updating configuration, locales updated from [en_US] to [en]
03-22 14:40:22.358  2726  6107 D BatteryStatsService: noteVideoSurfaceChanged  noteWhich: 49,arg1: 856, arg2: 656, arg3: 5826, arg4: 72082616517402867, name: com.vivo.fingerprintui
03-22 14:40:22.366  2726  6107 D BatteryStatsService: noteVideoSurfaceChanged  noteWhich: 49,arg1: 856, arg2: 656, arg3: 5826, arg4: 72082616517402867, name: com.vivo.fingerprintui
03-22 14:40:22.663  2726  5575 D BatteryStatsService: noteVideoSurfaceChanged  noteWhich: 49,arg1: 1260, arg2: 2800, arg3: 5547, arg4: 72081418221519362, name: com.vivo.systemuiplugin
03-22 14:40:22.675  2726  6265 D BatteryStatsService: noteVideoSurfaceChanged  noteWhich: 49,arg1: 1260, arg2: 2800, arg3: 5547, arg4: 72081418221519362, name: com.vivo.systemuiplugin
03-22 14:45:53.686  2726  5570 D BatteryStatsService: noteVideoSurfaceChanged  noteWhich: 49,arg1: -1, arg2: -1, arg3: 5547, arg4: 72081418221519362, name: com.vivo.systemuiplugin
03-22 14:45:53.718  2726  6010 D BatteryStatsService: noteVideoSurfaceChanged  noteWhich: 49,arg1: 1260, arg2: 2800, arg3: 5547, arg4: 72081418221519362, name: com.vivo.systemuiplugin
03-22 14:45:53.741  2726  5773 D BatteryStatsService: noteVideoSurfaceChanged  noteWhich: 49,arg1: 1260, arg2: 2800, arg3: 5547, arg4: 72081418221519362, name: com.vivo.systemuiplugin
03-22 14:45:53.805  2726  6002 D BatteryStatsService: noteVideoSurfaceChanged  noteWhich: 49,arg1: -1, arg2: -1, arg3: 5547, arg4: 72081418221519362, name: com.vivo.systemuiplugin
03-22 14:45:54.780  2726  5820 D BatteryStatsService: noteVideoSurfaceChanged  noteWhich: 49,arg1: -1, arg2: -1, arg3: 5826, arg4: 72082616517402867, name: com.vivo.fingerprintui
03-22 14:46:06.035 25902 25902 D VgcUtil : getFile name :theme_dir_path not exit in vgc_path_config.xml
03-22 14:46:06.036 25902 25902 D VgcUtil : getFile name :theme_dir_path not exit in vgc_path_config.xml
03-22 14:46:06.039 25902 25902 D VgcUtil : getFile name :theme_dir_path not exit in vgc_path_config.xml
03-22 14:46:18.875  2726  5740 D BatteryStatsService: noteVideoSurfaceChanged  noteWhich: 49,arg1: 480, arg2: 270, arg3: 25542, arg4: 72167296092603300, name: com.fvvcl.flickverse
03-22 14:46:18.877  2726  5604 D BatteryStatsService: noteVideoSurfaceChanged  noteWhich: 49,arg1: 1230, arg2: 692, arg3: 25542, arg4: 72167296092603300, name: com.fvvcl.flickverse
03-22 14:46:29.803  2726  5661 D BatteryStatsService: noteVideoSurfaceChanged  noteWhich: 49,arg1: 0, arg2: 0, arg3: 25542, arg4: 72167296092603681, name: com.fvvcl.flickverse
03-22 14:46:29.858  2726  5661 D BatteryStatsService: noteVideoSurfaceChanged  noteWhich: 49,arg1: 1230, arg2: 692, arg3: 25542, arg4: 72167296092603300, name: com.fvvcl.flickverse
03-22 14:46:30.218  2726  5604 D BatteryStatsService: noteVideoSurfaceChanged  noteWhich: 49,arg1: 1260, arg2: 2240, arg3: 25542, arg4: 72167296092603708, name: com.fvvcl.flickverse
03-22 14:46:33.108 23301 23344 I AlwaysOnHotwordDetector: onRejected
03-22 14:46:33.110 23301 23628 I AlwaysOnHotwordDetector: handle message 6
03-22 14:46:59.077 23301 23344 I AlwaysOnHotwordDetector: onRejected
03-22 14:46:59.082 23301 23628 I AlwaysOnHotwordDetector: handle message 6
03-22 14:47:03.754  2726  5740 D BatteryStatsService: noteVideoSurfaceChanged  noteWhich: 49,arg1: -1, arg2: -1, arg3: 25542, arg4: 72167296092603708, name: com.fvvcl.flickverse
03-22 14:47:03.872  2726  5968 D BatteryStatsService: noteVideoSurfaceChanged  noteWhich: 49,arg1: 1230, arg2: 692, arg3: 25542, arg4: 72167296092603300, name: com.fvvcl.flickverse
03-22 14:47:04.536  2726  5968 D BatteryStatsService: noteVideoSurfaceChanged  noteWhich: 49,arg1: 1280, arg2: 720, arg3: 25542, arg4: 72167296092603300, name: com.fvvcl.flickverse
03-22 14:47:04.539  2726  5676 D BatteryStatsService: noteVideoSurfaceChanged  noteWhich: 49,arg1: 1230, arg2: 692, arg3: 25542, arg4: 72167296092603300, name: com.fvvcl.flickverse
03-22 14:47:04.844  2726  5968 D BatteryStatsService: noteVideoSurfaceChanged  noteWhich: 49,arg1: -1, arg2: -1, arg3: 25542, arg4: 72167296092603681, name: com.fvvcl.flickverse
03-22 14:47:11.724 15181 15181 V Configuration: Updating configuration, locales updated from [en_US] to [hi_IN_#Latn]
03-22 14:47:11.734  2726  5714 D BatteryStatsService: noteVideoSurfaceChanged  noteWhich: 49,arg1: -1, arg2: -1, arg3: 25542, arg4: 72167296092603300, name: com.fvvcl.flickverse
03-22 14:47:11.783  2726  5676 D BatteryStatsService: noteVideoSurfaceChanged  noteWhich: 49,arg1: 1280, arg2: 720, arg3: 25542, arg4: 72167296092603300, name: com.fvvcl.flickverse
03-22 14:47:11.791  2726  5661 D BatteryStatsService: noteVideoSurfaceChanged  noteWhich: 49,arg1: 2240, arg2: 1260, arg3: 25542, arg4: 72167296092603300, name: com.fvvcl.flickverse
03-22 14:47:15.402  2726  5720 D BatteryStatsService: noteVideoSurfaceChanged  noteWhich: 49,arg1: 1280, arg2: 720, arg3: 25542, arg4: 72167296092603300, name: com.fvvcl.flickverse
03-22 14:47:26.739  2726  5714 D BatteryStatsService: noteVideoSurfaceChanged  noteWhich: 49,arg1: -1, arg2: -1, arg3: 25542, arg4: 72167296092603683, name: com.fvvcl.flickverse
03-22 14:47:33.066 28757 28757 V ResourcesManager: The following library key has been added: ResourcesKey{ mHash=1491b525 mResDir=null mSplitDirs=[] mOverlayDirs=[] mLibDirs=[/data/app/~~f7fWPxrk0v2HCtWbboqFMw==/com.google.android.webview-ujClAGPqRs_hXFklCvK6vQ==/base.apk,/system/framework/android.test.base.jar] mDisplayId=0 mOverrideConfig=v36 mCompatInfo={480dpi always-compat} mLoaders=[]}
03-22 14:47:33.250 28757 28757 I DisplayManager: Implicitly registering for refresh rate
03-22 14:47:33.309 29061 29061 D VgcUtil : getFile name :theme_dir_path not exit in vgc_path_config.xml
03-22 14:47:33.310 29061 29061 D VgcUtil : getFile name :theme_dir_path not exit in vgc_path_config.xml
03-22 14:47:33.315 29061 29061 D VgcUtil : getFile name :theme_dir_path not exit in vgc_path_config.xml
03-22 14:51:35.932 12081 12081 V Configuration: Updating configuration, locales updated from [en_US] to [en_IN]
03-22 14:52:23.147 31260 31303 W PowerProfile: screen.on is deprecated! Use screen.on.display0 instead.
03-22 14:52:23.147 31260 31303 W PowerProfile: screen.full is deprecated! Use screen.full.display0 instead.
03-22 14:52:23.147 31260 31303 W ModemPowerProfile: getAverageBatteryDrainMaH called with unexpected key: 0x0, drain:SLEEP,RAT:DEFAULT
03-22 14:52:23.147 31260 31303 W ModemPowerProfile: getAverageBatteryDrainMaH called with unexpected key: 0x10000000, drain:IDLE,RAT:DEFAULT
03-22 14:52:23.147 31260 31303 W ModemPowerProfile: getAverageBatteryDrainMaH called with unexpected key: 0x20000000, drain:RX,RAT:DEFAULT
03-22 14:52:23.147 31260 31303 W ModemPowerProfile: getAverageBatteryDrainMaH called with unexpected key: 0x30000000, drain:TX,level:0,RAT:DEFAULT
03-22 14:52:23.147 31260 31303 W ModemPowerProfile: getAverageBatteryDrainMaH called with unexpected key: 0x31000000, drain:TX,level:1,RAT:DEFAULT
03-22 14:52:23.147 31260 31303 W ModemPowerProfile: getAverageBatteryDrainMaH called with unexpected key: 0x32000000, drain:TX,level:2,RAT:DEFAULT
03-22 14:52:23.147 31260 31303 W ModemPowerProfile: getAverageBatteryDrainMaH called with unexpected key: 0x33000000, drain:TX,level:3,RAT:DEFAULT
03-22 14:52:23.147 31260 31303 W ModemPowerProfile: getAverageBatteryDrainMaH called with unexpected key: 0x34000000, drain:TX,level:4,RAT:DEFAULT
03-22 14:52:23.696 31260 31309 I DisplayManager: Implicitly registering for refresh rate
03-22 14:54:43.200 18235 18235 V Configuration: Updating configuration, locales updated from [en_US] to [en]
03-22 14:57:06.048  2726  5740 D BatteryStatsService: noteVideoSurfaceChanged  noteWhich: 49,arg1: -1, arg2: -1, arg3: 25542, arg4: 72167296092603300, name: com.fvvcl.flickverse
03-22 14:57:06.049 15181 15181 V Configuration: Updating configuration, locales updated from [en_US] to [hi_IN_#Latn]
03-22 14:57:06.058  2726  3138 D BatteryStatsService: noteVideoSurfaceChanged  noteWhich: 49,arg1: 0, arg2: 0, arg3: 25542, arg4: 72167296092602415, name: com.fvvcl.flickverse
03-22 14:57:06.096  2726  5820 D BatteryStatsService: noteVideoSurfaceChanged  noteWhich: 49,arg1: 1280, arg2: 720, arg3: 25542, arg4: 72167296092603300, name: com.fvvcl.flickverse
03-22 14:57:06.100  2726  6267 D BatteryStatsService: noteVideoSurfaceChanged  noteWhich: 49,arg1: 2240, arg2: 1260, arg3: 25542, arg4: 72167296092603300, name: com.fvvcl.flickverse
03-22 14:57:06.877  2726  6107 D BatteryStatsService: noteVideoSurfaceChanged  noteWhich: 49,arg1: 690, arg2: 1221, arg3: 25542, arg4: 72167296092603780, name: com.fvvcl.flickverse
03-22 14:57:06.894  2726  6107 D BatteryStatsService: noteVideoSurfaceChanged  noteWhich: 49,arg1: 686, arg2: 1221, arg3: 25542, arg4: 72167296092603780, name: com.fvvcl.flickverse
03-22 14:57:26.522  2726  3138 D BatteryStatsService: noteVideoSurfaceChanged  noteWhich: 49,arg1: -2, arg2: -1, arg3: 25542, arg4: 72167296092603780, name: com.fvvcl.flickverse
03-22 15:00:21.127  2726  3138 D BatteryStatsService: noteVideoSurfaceChanged  noteWhich: 49,arg1: -2, arg2: -1, arg3: 25542, arg4: 72167296092603780, name: com.fvvcl.flickverse
03-22 15:00:21.127  2726  3138 D BatteryStatsService: noteVideoSurfaceChanged  noteWhich: 49,arg1: -2, arg2: -1, arg3: 25542, arg4: 72167296092602415, name: com.fvvcl.flickverse
03-22 15:00:21.139  2726  3138 D BatteryStatsService: noteVideoSurfaceChanged  noteWhich: 49,arg1: -1, arg2: -1, arg3: 25542, arg4: 72167296092603300, name: com.fvvcl.flickverse
03-22 15:00:23.808  2726  5661 D AutofillSession: clearPendingIntentLocked
03-22 15:00:28.715  3316  3488 I DisplayManager: Choreographer implicitly registered for the refresh rate.
03-22 15:00:28.938  3316  3494 V Configuration: Updating configuration, locales updated from [] to [en_US]
03-22 15:00:30.068 18558  3558 I DisplayManager: Choreographer implicitly registered for the refresh rate.
03-22 15:00:30.219 18558 18558 D InsetsController: Setting requestedVisibleTypes to -5136 (was -5129)
03-22 15:00:30.289  2726  5570 D BatteryStatsService: noteVideoSurfaceChanged  noteWhich: 49,arg1: 1260, arg2: 2800, arg3: 18558, arg4: 72137300041007196, name: com.google.android.apps.photos
03-22 15:00:30.442  2726  5570 D BatteryStatsService: noteVideoSurfaceChanged  noteWhich: 49,arg1: 720, arg2: 1280, arg3: 18558, arg4: 72137300041007196, name: com.google.android.apps.photos
03-22 15:00:30.485  2726  5570 D BatteryStatsService: noteVideoSurfaceChanged  noteWhich: 49,arg1: 1260, arg2: 2240, arg3: 18558, arg4: 72137300041007196, name: com.google.android.apps.photos
03-22 15:00:37.867 18235 18235 V Configuration: Updating configuration, locales updated from [en_US] to [en]
03-22 15:00:40.659 18558 18558 D InsetsController: Setting requestedVisibleTypes to -5133 (was -5136)
03-22 15:00:40.681 18558 18558 D InsetsController: Setting requestedVisibleTypes to -5129 (was -5133)
03-22 15:00:40.917  2726  5822 D BatteryStatsService: noteVideoSurfaceChanged  noteWhich: 49,arg1: -1, arg2: -1, arg3: 18558, arg4: 72137300041007196, name: com.google.android.apps.photos
03-22 15:00:43.010 18558 18558 D InsetsController: Setting requestedVisibleTypes to -5136 (was -5129)
03-22 15:00:43.076  2726  5992 D BatteryStatsService: noteVideoSurfaceChanged  noteWhich: 49,arg1: 1260, arg2: 2800, arg3: 18558, arg4: 72137300041007313, name: com.google.android.apps.photos
03-22 15:00:43.217  2726  6267 D BatteryStatsService: noteVideoSurfaceChanged  noteWhich: 49,arg1: 720, arg2: 1280, arg3: 18558, arg4: 72137300041007313, name: com.google.android.apps.photos
03-22 15:00:43.227  2726  6267 D BatteryStatsService: noteVideoSurfaceChanged  noteWhich: 49,arg1: 1260, arg2: 2240, arg3: 18558, arg4: 72137300041007313, name: com.google.android.apps.photos
03-22 15:00:52.519 18558 18558 D InsetsController: Setting requestedVisibleTypes to -5133 (was -5136)
03-22 15:00:52.548 18558 18558 D InsetsController: Setting requestedVisibleTypes to -5129 (was -5133)
03-22 15:00:52.771  2726  5822 D BatteryStatsService: noteVideoSurfaceChanged  noteWhich: 49,arg1: -1, arg2: -1, arg3: 18558, arg4: 72137300041007313, name: com.google.android.apps.photos
03-22 15:00:56.809  2726  5570 D AutofillSession: Primary service component name: ComponentInfo{com.google.android.gms/com.google.android.gms.autofill.service.AutofillService}, secondary service component name: ComponentInfo{com.android.credentialmanager/com.android.credentialmanager.autofill.CredentialAutofillService}
03-22 15:00:56.821 13011 13011 D InsetsController: Setting requestedVisibleTypes to -5121 (was -5129)
03-22 15:00:57.119  2726  5742 D AutofillSession: clearPendingIntentLocked
03-22 15:00:57.120  2726  5742 D AutofillSession: Primary service component name: ComponentInfo{com.google.android.gms/com.google.android.gms.autofill.service.AutofillService}, secondary service component name: ComponentInfo{com.android.credentialmanager/com.android.credentialmanager.autofill.CredentialAutofillService}
03-22 15:01:00.599  2726  5661 D AutofillSession: clearPendingIntentLocked
03-22 15:01:00.604  2726  5661 D AutofillSession: Primary service component name: ComponentInfo{com.google.android.gms/com.google.android.gms.autofill.service.AutofillService}, secondary service component name: ComponentInfo{com.android.credentialmanager/com.android.credentialmanager.autofill.CredentialAutofillService}
03-22 15:01:01.556 13011 13011 D InsetsController: Setting requestedVisibleTypes to -5129 (was -5121)
03-22 15:01:01.706  2726  6267 D AutofillSession: clearPendingIntentLocked
03-22 15:01:01.708  2726  6267 D AutofillSession: Primary service component name: ComponentInfo{com.google.android.gms/com.google.android.gms.autofill.service.AutofillService}, secondary service component name: ComponentInfo{com.android.credentialmanager/com.android.credentialmanager.autofill.CredentialAutofillService}
03-22 15:01:05.252  2726  6267 D AutofillSession: clearPendingIntentLocked
03-22 15:01:05.254  2726  6267 D AutofillSession: Primary service component name: ComponentInfo{com.google.android.gms/com.google.android.gms.autofill.service.AutofillService}, secondary service component name: ComponentInfo{com.android.credentialmanager/com.android.credentialmanager.autofill.CredentialAutofillService}
03-22 15:01:12.197  2726  6267 D AutofillSession: clearPendingIntentLocked
03-22 15:01:12.649  2726  6267 D AutofillSession: Primary service component name: ComponentInfo{com.google.android.gms/com.google.android.gms.autofill.service.AutofillService}, secondary service component name: ComponentInfo{com.android.credentialmanager/com.android.credentialmanager.autofill.CredentialAutofillService}
03-22 15:01:12.656 13011 13011 D InsetsController: Setting requestedVisibleTypes to -5121 (was -5129)
03-22 15:01:12.695  2726  6010 D AutofillSession: createPendingIntent for request 2314
03-22 15:01:15.608 13011 13011 D InsetsController: Setting requestedVisibleTypes to -5129 (was -5121)
03-22 15:01:16.413  2726  5604 D AutofillSession: Primary service component name: ComponentInfo{com.google.android.gms/com.google.android.gms.autofill.service.AutofillService}, secondary service component name: ComponentInfo{com.android.credentialmanager/com.android.credentialmanager.autofill.CredentialAutofillService}
03-22 15:01:16.420 13011 13011 D InsetsController: Setting requestedVisibleTypes to -5121 (was -5129)
03-22 15:01:28.506  2726  5661 D AutofillSession: clearPendingIntentLocked
03-22 15:01:28.509  2726  5661 D AutofillSession: Primary service component name: ComponentInfo{com.google.android.gms/com.google.android.gms.autofill.service.AutofillService}, secondary service component name: ComponentInfo{com.android.credentialmanager/com.android.credentialmanager.autofill.CredentialAutofillService}
03-22 15:01:51.276  2726  5604 D AutofillSession: clearPendingIntentLocked
03-22 15:01:51.278  2726  5604 D AutofillSession: Primary service component name: ComponentInfo{com.google.android.gms/com.google.android.gms.autofill.service.AutofillService}, secondary service component name: ComponentInfo{com.android.credentialmanager/com.android.credentialmanager.autofill.CredentialAutofillService}
03-22 15:02:21.130  2726  3138 D BatteryStatsService: noteVideoSurfaceChanged  noteWhich: 49,arg1: 856, arg2: 656, arg3: 5826, arg4: 72082616517402873, name: com.vivo.fingerprintui
03-22 15:02:21.135  2726  5570 D BatteryStatsService: noteVideoSurfaceChanged  noteWhich: 49,arg1: 856, arg2: 656, arg3: 5826, arg4: 72082616517402873, name: com.vivo.fingerprintui
03-22 15:02:21.999  2726  5968 D BatteryStatsService: noteVideoSurfaceChanged  noteWhich: 49,arg1: -1, arg2: -1, arg3: 5826, arg4: 72082616517402873, name: com.vivo.fingerprintui
03-22 15:02:22.042  2726  6267 D AutofillSession: createPendingIntent for request 2316
03-22 15:02:23.603  2726  5968 D BatteryStatsService: noteVideoSurfaceChanged  noteWhich: 49,arg1: 1260, arg2: 2240, arg3: 13011, arg4: 72113475857424825, name: com.whatsapp
03-22 15:02:26.040  2726  5820 D BatteryStatsService: noteVideoSurfaceChanged  noteWhich: 49,arg1: -2, arg2: -1, arg3: 13011, arg4: 72113475857424825, name: com.whatsapp
03-22 15:02:26.106 13011 13011 D InsetsController: Setting requestedVisibleTypes to -5130 (was -5129)
03-22 15:02:26.480  2726  5676 D BatteryStatsService: noteVideoSurfaceChanged  noteWhich: 49,arg1: 1260, arg2: 2240, arg3: 13011, arg4: 72113475857425185, name: com.whatsapp
03-22 15:02:26.502  2726  6010 D BatteryStatsService: noteVideoSurfaceChanged  noteWhich: 49,arg1: 1260, arg2: 2240, arg3: 13011, arg4: 72113475857425193, name: com.whatsapp
03-22 15:02:26.541  2726  5820 D BatteryStatsService: noteVideoSurfaceChanged  noteWhich: 49,arg1: -2, arg2: -1, arg3: 13011, arg4: 72113475857424825, name: com.whatsapp
03-22 15:02:27.801  2726  5570 D BatteryStatsService: noteVideoSurfaceChanged  noteWhich: 49,arg1: 1260, arg2: 2240, arg3: 13011, arg4: 72113475857424825, name: com.whatsapp
03-22 15:02:28.036  2726  5575 D AutofillSession: clearPendingIntentLocked
03-22 15:02:28.036  2726  5575 D AutofillSession: Primary service component name: ComponentInfo{com.google.android.gms/com.google.android.gms.autofill.service.AutofillService}, secondary service component name: ComponentInfo{com.android.credentialmanager/com.android.credentialmanager.autofill.CredentialAutofillService}
03-22 15:02:28.131  2726  5575 D BatteryStatsService: noteVideoSurfaceChanged  noteWhich: 49,arg1: -2, arg2: -1, arg3: 13011, arg4: 72113475857425185, name: com.whatsapp
03-22 15:02:28.131  2726  5575 D BatteryStatsService: noteVideoSurfaceChanged  noteWhich: 49,arg1: -2, arg2: -1, arg3: 13011, arg4: 72113475857425193, name: com.whatsapp
03-22 15:02:28.133  2726  5575 D BatteryStatsService: noteVideoSurfaceChanged  noteWhich: 49,arg1: -1, arg2: -1, arg3: 13011, arg4: 72113475857425185, name: com.whatsapp
03-22 15:02:28.135  2726  5570 D BatteryStatsService: noteVideoSurfaceChanged  noteWhich: 49,arg1: -1, arg2: -1, arg3: 13011, arg4: 72113475857425193, name: com.whatsapp
03-22 15:02:28.145  2726  5575 D BatteryStatsService: noteVideoSurfaceChanged  noteWhich: 49,arg1: -2, arg2: -1, arg3: 13011, arg4: 72113475857424825, name: com.whatsapp
03-22 15:02:28.148  2726  5676 D BatteryStatsService: noteVideoSurfaceChanged  noteWhich: 49,arg1: -1, arg2: -1, arg3: 13011, arg4: 72113475857424825, name: com.whatsapp
03-22 15:02:28.235  2726  5570 D AutofillSession: clearPendingIntentLocked
03-22 15:02:28.236  2726  5570 D AutofillSession: Primary service component name: ComponentInfo{com.google.android.gms/com.google.android.gms.autofill.service.AutofillService}, secondary service component name: ComponentInfo{com.android.credentialmanager/com.android.credentialmanager.autofill.CredentialAutofillService}
03-22 15:02:57.275  2726  5676 D BatteryStatsService: noteVideoSurfaceChanged  noteWhich: 49,arg1: 856, arg2: 656, arg3: 5826, arg4: 72082616517402879, name: com.vivo.fingerprintui
03-22 15:02:57.280  2726  5676 D BatteryStatsService: noteVideoSurfaceChanged  noteWhich: 49,arg1: 856, arg2: 656, arg3: 5826, arg4: 72082616517402879, name: com.vivo.fingerprintui
03-22 15:02:57.513 13011 13011 D InsetsController: Setting requestedVisibleTypes to -5129 (was -5121)
03-22 15:03:02.715  2726  5822 D BatteryStatsService: noteVideoSurfaceChanged  noteWhich: 49,arg1: 1260, arg2: 2800, arg3: 5547, arg4: 72081418221519362, name: com.vivo.systemuiplugin
03-22 15:03:02.745  2726  5575 D BatteryStatsService: noteVideoSurfaceChanged  noteWhich: 49,arg1: 1260, arg2: 2800, arg3: 5547, arg4: 72081418221519362, name: com.vivo.systemuiplugin
03-22 15:04:10.681  2726  5822 D BatteryStatsService: noteVideoSurfaceChanged  noteWhich: 49,arg1: -1, arg2: -1, arg3: 5826, arg4: 72082616517402879, name: com.vivo.fingerprintui
03-22 15:04:10.750  2726  5968 D BatteryStatsService: noteVideoSurfaceChanged  noteWhich: 49,arg1: -1, arg2: -1, arg3: 5547, arg4: 72081418221519362, name: com.vivo.systemuiplugin
03-22 15:04:10.887  2726  3138 D AutofillSession: createPendingIntent for request 2318
03-22 15:04:15.706  2726  5740 D AutofillSession: clearPendingIntentLocked
03-22 15:04:15.918  2726  5740 D AutofillSession: Primary service component name: ComponentInfo{com.google.android.gms/com.google.android.gms.autofill.service.AutofillService}, secondary service component name: ComponentInfo{com.android.credentialmanager/com.android.credentialmanager.autofill.CredentialAutofillService}
03-22 15:04:15.922 13011 13011 D InsetsController: Setting requestedVisibleTypes to -5121 (was -5129)
03-22 15:04:34.146 13011 13011 D InsetsController: Setting requestedVisibleTypes to -5129 (was -5121)
03-22 15:04:34.932  2726  6267 D AutofillSession: clearPendingIntentLocked
03-22 15:04:41.256  2726  6267 D AutofillSession: Primary service component name: ComponentInfo{com.google.android.gms/com.google.android.gms.autofill.service.AutofillService}, secondary service component name: ComponentInfo{com.android.credentialmanager/com.android.credentialmanager.autofill.CredentialAutofillService}
03-22 15:04:41.261 13011 13011 D InsetsController: Setting requestedVisibleTypes to -5121 (was -5129)
03-22 15:04:41.448  2726  3138 D AutofillSession: clearPendingIntentLocked
03-22 15:04:41.450  2726  3138 D AutofillSession: Primary service component name: ComponentInfo{com.google.android.gms/com.google.android.gms.autofill.service.AutofillService}, secondary service component name: ComponentInfo{com.android.credentialmanager/com.android.credentialmanager.autofill.CredentialAutofillService}
03-22 15:04:48.271  2726  5740 D AutofillSession: clearPendingIntentLocked
03-22 15:04:48.272  2726  5968 D AutofillSession: Primary service component name: ComponentInfo{com.google.android.gms/com.google.android.gms.autofill.service.AutofillService}, secondary service component name: ComponentInfo{com.android.credentialmanager/com.android.credentialmanager.autofill.CredentialAutofillService}
03-22 15:05:14.613 11107 11213 V ResourcesManager: The following library key has been added: ResourcesKey{ mHash=1491b525 mResDir=null mSplitDirs=[] mOverlayDirs=[] mLibDirs=[/data/app/~~f7fWPxrk0v2HCtWbboqFMw==/com.google.android.webview-ujClAGPqRs_hXFklCvK6vQ==/base.apk,/system/framework/android.test.base.jar] mDisplayId=0 mOverrideConfig=v36 mCompatInfo={480dpi always-compat} mLoaders=[]}
03-22 15:05:14.797 11107 11107 I DisplayManager: Implicitly registering for refresh rate
03-22 15:05:14.853 11319 11319 D VgcUtil : getFile name :theme_dir_path not exit in vgc_path_config.xml
03-22 15:05:14.854 11319 11319 D VgcUtil : getFile name :theme_dir_path not exit in vgc_path_config.xml
03-22 15:05:14.857 11319 11319 D VgcUtil : getFile name :theme_dir_path not exit in vgc_path_config.xml
03-22 15:05:21.320  2726  5822 D BatteryStatsService: noteVideoSurfaceChanged  noteWhich: 49,arg1: 856, arg2: 656, arg3: 5826, arg4: 72082616517402885, name: com.vivo.fingerprintui
03-22 15:05:21.327  2726  5822 D BatteryStatsService: noteVideoSurfaceChanged  noteWhich: 49,arg1: 856, arg2: 656, arg3: 5826, arg4: 72082616517402885, name: com.vivo.fingerprintui
03-22 15:05:26.708  2726  5968 D BatteryStatsService: noteVideoSurfaceChanged  noteWhich: 49,arg1: 1260, arg2: 2800, arg3: 5547, arg4: 72081418221519362, name: com.vivo.systemuiplugin
03-22 15:05:26.756  2726  5968 D BatteryStatsService: noteVideoSurfaceChanged  noteWhich: 49,arg1: 1260, arg2: 2800, arg3: 5547, arg4: 72081418221519362, name: com.vivo.systemuiplugin
03-22 15:06:27.470 24956 25081 I DisplayManager: Implicitly registering for refresh rate
03-22 15:06:27.912 12128 12128 V Configuration: Updating configuration, locales updated from [en_US] to [en]
03-22 15:06:28.026 12128 12226 V ResourcesManager: The following library key has been added: ResourcesKey{ mHash=1491b525 mResDir=null mSplitDirs=[] mOverlayDirs=[] mLibDirs=[/data/app/~~f7fWPxrk0v2HCtWbboqFMw==/com.google.android.webview-ujClAGPqRs_hXFklCvK6vQ==/base.apk,/system/framework/android.test.base.jar] mDisplayId=0 mOverrideConfig=v36 mCompatInfo={480dpi always-compat} mLoaders=[]}
03-22 15:06:28.265 12128 12128 I DisplayManager: Implicitly registering for refresh rate
03-22 15:06:28.313 12268 12268 D VgcUtil : getFile name :theme_dir_path not exit in vgc_path_config.xml
03-22 15:06:28.315 12268 12268 D VgcUtil : getFile name :theme_dir_path not exit in vgc_path_config.xml
03-22 15:06:28.320 12268 12268 D VgcUtil : getFile name :theme_dir_path not exit in vgc_path_config.xml
03-22 15:06:29.891  2726  4221 D BatteryStatsService: noteVideoSurfaceChanged  noteWhich: 49,arg1: -1, arg2: -1, arg3: 12128, arg4: 72109683401293825, name: tv.twitch.android.app
03-22 15:08:32.448  2726  5742 D AutofillSession: createPendingIntent for request 2320
03-22 15:08:32.662  2726  5742 D BatteryStatsService: noteVideoSurfaceChanged  noteWhich: 49,arg1: -1, arg2: -1, arg3: 5547, arg4: 72081418221519362, name: com.vivo.systemuiplugin
03-22 15:08:33.390  2726  5968 D BatteryStatsService: noteVideoSurfaceChanged  noteWhich: 49,arg1: -1, arg2: -1, arg3: 5826, arg4: 72082616517402885, name: com.vivo.fingerprintui
03-22 15:08:34.174 13011 13011 D InsetsController: Setting requestedVisibleTypes to -5129 (was -5121)
03-22 15:08:35.511  2726  5720 D AutofillSession: clearPendingIntentLocked
03-22 15:08:40.115 13412 13546 I DisplayManager: Choreographer implicitly registered for the refresh rate.
03-22 15:08:40.599  2726  5968 D AutofillSession: clearPendingIntentLocked
03-22 15:09:28.972 23301 15008 I AlwaysOnHotwordDetector: onRejected
03-22 15:09:28.973 23301 23628 I AlwaysOnHotwordDetector: handle message 6
03-22 15:09:30.817  2726  5742 D BatteryStatsService: noteVideoSurfaceChanged  noteWhich: 49,arg1: 856, arg2: 656, arg3: 5826, arg4: 72082616517402891, name: com.vivo.fingerprintui
03-22 15:09:30.825  2726  5740 D BatteryStatsService: noteVideoSurfaceChanged  noteWhich: 49,arg1: 856, arg2: 656, arg3: 5826, arg4: 72082616517402891, name: com.vivo.fingerprintui
03-22 15:09:35.893  2726  5575 D BatteryStatsService: noteVideoSurfaceChanged  noteWhich: 49,arg1: 1260, arg2: 2800, arg3: 5547, arg4: 72081418221519362, name: com.vivo.systemuiplugin
03-22 15:09:35.922  2726  5661 D BatteryStatsService: noteVideoSurfaceChanged  noteWhich: 49,arg1: 1260, arg2: 2800, arg3: 5547, arg4: 72081418221519362, name: com.vivo.systemuiplugin
03-22 15:15:16.049 19879 15785 I DisplayManager: Choreographer implicitly registered for the refresh rate.
03-22 15:15:15.953  2726  5968 D BatteryStatsService: noteVideoSurfaceChanged  noteWhich: 49,arg1: -1, arg2: -1, arg3: 5547, arg4: 72081418221519362, name: com.vivo.systemuiplugin
03-22 15:15:16.319 19879 19879 V ResourcesManager: The following library key has been added: ResourcesKey{ mHash=1491b525 mResDir=null mSplitDirs=[] mOverlayDirs=[] mLibDirs=[/data/app/~~f7fWPxrk0v2HCtWbboqFMw==/com.google.android.webview-ujClAGPqRs_hXFklCvK6vQ==/base.apk,/system/framework/android.test.base.jar] mDisplayId=0 mOverrideConfig=v36 mCompatInfo={480dpi always-compat} mLoaders=[]}
03-22 15:15:16.615 15870 15870 D VgcUtil : getFile name :theme_dir_path not exit in vgc_path_config.xml
03-22 15:15:16.620 15870 15870 D VgcUtil : getFile name :theme_dir_path not exit in vgc_path_config.xml
03-22 15:15:16.627 15870 15870 D VgcUtil : getFile name :theme_dir_path not exit in vgc_path_config.xml
03-22 15:15:16.716  2726  5604 D BatteryStatsService: noteVideoSurfaceChanged  noteWhich: 49,arg1: -2, arg2: -1, arg3: 19879, arg4: 72142973692805432, name: com.google.android.gm
03-22 15:15:16.722  2726  5992 D BatteryStatsService: noteVideoSurfaceChanged  noteWhich: 49,arg1: -2, arg2: -1, arg3: 19879, arg4: 72142973692805432, name: com.google.android.gm
03-22 15:15:16.722  2726  5992 D BatteryStatsService: noteVideoSurfaceChanged  noteWhich: 49,arg1: 0, arg2: 0, arg3: 19879, arg4: 72142973692805432, name: com.google.android.gm
03-22 15:15:16.766  2726  4221 D BatteryStatsService: noteVideoSurfaceChanged  noteWhich: 49,arg1: -2, arg2: -1, arg3: 19879, arg4: 72142973692805652, name: com.google.android.gm
03-22 15:15:16.768  2726  4221 D BatteryStatsService: noteVideoSurfaceChanged  noteWhich: 49,arg1: -2, arg2: -1, arg3: 19879, arg4: 72142973692805652, name: com.google.android.gm
03-22 15:15:16.768  2726  6010 D BatteryStatsService: noteVideoSurfaceChanged  noteWhich: 49,arg1: 0, arg2: 0, arg3: 19879, arg4: 72142973692805652, name: com.google.android.gm
03-22 15:15:16.818 24162 24162 I DisplayManager: Implicitly registering for refresh rate
03-22 15:15:16.833  2726  5742 D BatteryStatsService: noteVideoSurfaceChanged  noteWhich: 49,arg1: 1212, arg2: 2686, arg3: 19879, arg4: 72142973692805432, name: com.google.android.gm
03-22 15:15:16.959  2726  6107 D BatteryStatsService: noteVideoSurfaceChanged  noteWhich: 49,arg1: -1, arg2: -1, arg3: 5826, arg4: 72082616517402891, name: com.vivo.fingerprintui
03-22 15:15:17.236  2726  5820 D BatteryStatsService: noteVideoSurfaceChanged  noteWhich: 49,arg1: 1212, arg2: 2488, arg3: 19879, arg4: 72142973692805652, name: com.google.android.gm
03-22 15:15:50.239  2726  5740 D BatteryStatsService: noteVideoSurfaceChanged  noteWhich: 49,arg1: -2, arg2: -1, arg3: 19879, arg4: 72142973692805432, name: com.google.android.gm
03-22 15:15:50.240  2726  5740 D BatteryStatsService: noteVideoSurfaceChanged  noteWhich: 49,arg1: -2, arg2: -1, arg3: 19879, arg4: 72142973692805652, name: com.google.android.gm
